<?xml version="1.0" encoding="ISO-8859-1" ?>
<link_info>
   <banner>TI ARM Linker PC v20.2.5.LTS</banner>
   <copyright>Copyright (c) 1996-2018 Texas Instruments Incorporated</copyright>
   <link_time>0x634de35b</link_time>
   <link_errors>0x0</link_errors>
   <output_file>ece4437_robot.out</output_file>
   <entry_point>
      <name>_c_int00_noargs</name>
      <address>0xd45</address>
   </entry_point>
   <input_file_list>
      <input_file id="fl-2">
         <path>.\</path>
         <kind>object</kind>
         <file>main.obj</file>
         <name>main.obj</name>
      </input_file>
      <input_file id="fl-3">
         <path>.\</path>
         <kind>object</kind>
         <file>startup_ccs.obj</file>
         <name>startup_ccs.obj</name>
      </input_file>
      <input_file id="fl-4">
         <path>.\</path>
         <kind>object</kind>
         <file>uartstdio.obj</file>
         <name>uartstdio.obj</name>
      </input_file>
      <input_file id="fl-5">
         <path>.\drivers\</path>
         <kind>object</kind>
         <file>bluetooth.obj</file>
         <name>bluetooth.obj</name>
      </input_file>
      <input_file id="fl-6">
         <path>.\drivers\</path>
         <kind>object</kind>
         <file>console.obj</file>
         <name>console.obj</name>
      </input_file>
      <input_file id="fl-7">
         <path>.\drivers\</path>
         <kind>object</kind>
         <file>distance.obj</file>
         <name>distance.obj</name>
      </input_file>
      <input_file id="fl-8">
         <path>.\drivers\</path>
         <kind>object</kind>
         <file>led.obj</file>
         <name>led.obj</name>
      </input_file>
      <input_file id="fl-9">
         <path>.\drivers\</path>
         <kind>object</kind>
         <file>motor.obj</file>
         <name>motor.obj</name>
      </input_file>
      <input_file id="fl-e">
         <kind>object</kind>
         <file>&lt;internal&gt;</file>
         <name>&lt;internal&gt;</name>
      </input_file>
      <input_file id="fl-c4">
         <path>C:\ti\ccs1040\ccs\tools\compiler\ti-cgt-arm_20.2.5.LTS\lib\</path>
         <kind>archive</kind>
         <file>rtsv7M4_T_le_v4SPD16_eabi.lib</file>
         <name>u_divt2.asm.obj</name>
      </input_file>
      <input_file id="fl-c5">
         <path>C:\ti\ccs1040\ccs\tools\compiler\ti-cgt-arm_20.2.5.LTS\lib\</path>
         <kind>archive</kind>
         <file>rtsv7M4_T_le_v4SPD16_eabi.lib</file>
         <name>copy_zero_init.c.obj</name>
      </input_file>
      <input_file id="fl-c6">
         <path>C:\ti\ccs1040\ccs\tools\compiler\ti-cgt-arm_20.2.5.LTS\lib\</path>
         <kind>archive</kind>
         <file>rtsv7M4_T_le_v4SPD16_eabi.lib</file>
         <name>copy_decompress_none.c.obj</name>
      </input_file>
      <input_file id="fl-c7">
         <path>C:\ti\ccs1040\ccs\tools\compiler\ti-cgt-arm_20.2.5.LTS\lib\</path>
         <kind>archive</kind>
         <file>rtsv7M4_T_le_v4SPD16_eabi.lib</file>
         <name>copy_decompress_lzss.c.obj</name>
      </input_file>
      <input_file id="fl-c8">
         <path>C:\ti\ccs1040\ccs\tools\compiler\ti-cgt-arm_20.2.5.LTS\lib\</path>
         <kind>archive</kind>
         <file>rtsv7M4_T_le_v4SPD16_eabi.lib</file>
         <name>strlen.c.obj</name>
      </input_file>
      <input_file id="fl-c9">
         <path>C:\ti\ccs1040\ccs\tools\compiler\ti-cgt-arm_20.2.5.LTS\lib\</path>
         <kind>archive</kind>
         <file>rtsv7M4_T_le_v4SPD16_eabi.lib</file>
         <name>boot_cortex_m.c.obj</name>
      </input_file>
      <input_file id="fl-ca">
         <path>C:\ti\ccs1040\ccs\tools\compiler\ti-cgt-arm_20.2.5.LTS\lib\</path>
         <kind>archive</kind>
         <file>rtsv7M4_T_le_v4SPD16_eabi.lib</file>
         <name>div0.asm.obj</name>
      </input_file>
      <input_file id="fl-cb">
         <path>C:\ti\ccs1040\ccs\tools\compiler\ti-cgt-arm_20.2.5.LTS\lib\</path>
         <kind>archive</kind>
         <file>rtsv7M4_T_le_v4SPD16_eabi.lib</file>
         <name>memcpy_t2.asm.obj</name>
      </input_file>
      <input_file id="fl-cc">
         <path>C:\ti\ccs1040\ccs\tools\compiler\ti-cgt-arm_20.2.5.LTS\lib\</path>
         <kind>archive</kind>
         <file>rtsv7M4_T_le_v4SPD16_eabi.lib</file>
         <name>memset_t2.asm.obj</name>
      </input_file>
      <input_file id="fl-cd">
         <path>C:\ti\ccs1040\ccs\tools\compiler\ti-cgt-arm_20.2.5.LTS\lib\</path>
         <kind>archive</kind>
         <file>rtsv7M4_T_le_v4SPD16_eabi.lib</file>
         <name>autoinit.c.obj</name>
      </input_file>
      <input_file id="fl-ce">
         <path>C:\ti\ccs1040\ccs\tools\compiler\ti-cgt-arm_20.2.5.LTS\lib\</path>
         <kind>archive</kind>
         <file>rtsv7M4_T_le_v4SPD16_eabi.lib</file>
         <name>pre_init.c.obj</name>
      </input_file>
      <input_file id="fl-cf">
         <path>C:\ti\ccs1040\ccs\tools\compiler\ti-cgt-arm_20.2.5.LTS\lib\</path>
         <kind>archive</kind>
         <file>rtsv7M4_T_le_v4SPD16_eabi.lib</file>
         <name>cpy_tbl.c.obj</name>
      </input_file>
      <input_file id="fl-d0">
         <path>C:\ti\ccs1040\ccs\tools\compiler\ti-cgt-arm_20.2.5.LTS\lib\</path>
         <kind>archive</kind>
         <file>rtsv7M4_T_le_v4SPD16_eabi.lib</file>
         <name>exit.c.obj</name>
      </input_file>
      <input_file id="fl-d1">
         <path>C:\ti\ccs1040\ccs\tools\compiler\ti-cgt-arm_20.2.5.LTS\lib\</path>
         <kind>archive</kind>
         <file>rtsv7M4_T_le_v4SPD16_eabi.lib</file>
         <name>_lock.c.obj</name>
      </input_file>
      <input_file id="fl-d2">
         <path>C:\ti\ccs1040\ccs\tools\compiler\ti-cgt-arm_20.2.5.LTS\lib\</path>
         <kind>archive</kind>
         <file>rtsv7M4_T_le_v4SPD16_eabi.lib</file>
         <name>args_main.c.obj</name>
      </input_file>
      <input_file id="fl-d3">
         <path>C:\ti\tivaware_c_series_2_1_4_178\driverlib\ccs\Debug\</path>
         <kind>archive</kind>
         <file>driverlib.lib</file>
         <name>adc.obj</name>
      </input_file>
      <input_file id="fl-d4">
         <path>C:\ti\tivaware_c_series_2_1_4_178\driverlib\ccs\Debug\</path>
         <kind>archive</kind>
         <file>driverlib.lib</file>
         <name>gpio.obj</name>
      </input_file>
      <input_file id="fl-d5">
         <path>C:\ti\tivaware_c_series_2_1_4_178\driverlib\ccs\Debug\</path>
         <kind>archive</kind>
         <file>driverlib.lib</file>
         <name>interrupt.obj</name>
      </input_file>
      <input_file id="fl-d6">
         <path>C:\ti\tivaware_c_series_2_1_4_178\driverlib\ccs\Debug\</path>
         <kind>archive</kind>
         <file>driverlib.lib</file>
         <name>pwm.obj</name>
      </input_file>
      <input_file id="fl-d7">
         <path>C:\ti\tivaware_c_series_2_1_4_178\driverlib\ccs\Debug\</path>
         <kind>archive</kind>
         <file>driverlib.lib</file>
         <name>sysctl.obj</name>
      </input_file>
      <input_file id="fl-d8">
         <path>C:\ti\tivaware_c_series_2_1_4_178\driverlib\ccs\Debug\</path>
         <kind>archive</kind>
         <file>driverlib.lib</file>
         <name>uart.obj</name>
      </input_file>
      <input_file id="fl-d9">
         <path>C:\ti\tivaware_c_series_2_1_4_178\driverlib\ccs\Debug\</path>
         <kind>archive</kind>
         <file>driverlib.lib</file>
         <name>cpu.obj</name>
      </input_file>
   </input_file_list>
   <object_component_list>
      <object_component id="oc-12">
         <name>.intvecs</name>
         <load_address>0x0</load_address>
         <run_address>0x0</run_address>
         <size>0x26c</size>
         <input_file_ref idref="fl-3"/>
      </object_component>
      <object_component id="oc-1fa">
         <name>.text:UARTvprintf</name>
         <load_address>0x26c</load_address>
         <run_address>0x26c</run_address>
         <size>0x1ee</size>
         <input_file_ref idref="fl-4"/>
      </object_component>
      <object_component id="oc-23a">
         <name>.text:GPIOPadConfigSet</name>
         <load_address>0x45a</load_address>
         <run_address>0x45a</run_address>
         <size>0x132</size>
         <input_file_ref idref="fl-d4"/>
      </object_component>
      <object_component id="oc-123">
         <name>.text:SysCtlClockGet</name>
         <load_address>0x58c</load_address>
         <run_address>0x58c</run_address>
         <size>0x110</size>
         <input_file_ref idref="fl-d7"/>
      </object_component>
      <object_component id="oc-105">
         <name>.text:Motor_Init</name>
         <load_address>0x69c</load_address>
         <run_address>0x69c</run_address>
         <size>0x108</size>
         <input_file_ref idref="fl-9"/>
      </object_component>
      <object_component id="oc-18b">
         <name>.text:SysCtlClockSet</name>
         <load_address>0x7a4</load_address>
         <run_address>0x7a4</run_address>
         <size>0xf4</size>
         <input_file_ref idref="fl-d7"/>
      </object_component>
      <object_component id="oc-53">
         <name>.text</name>
         <load_address>0x898</load_address>
         <run_address>0x898</run_address>
         <size>0x9c</size>
         <input_file_ref idref="fl-cb"/>
      </object_component>
      <object_component id="oc-ff">
         <name>.text:Console_Init</name>
         <load_address>0x934</load_address>
         <run_address>0x934</run_address>
         <size>0x98</size>
         <input_file_ref idref="fl-6"/>
      </object_component>
      <object_component id="oc-1a9">
         <name>.text:IntEnable</name>
         <load_address>0x9cc</load_address>
         <run_address>0x9cc</run_address>
         <size>0x68</size>
         <input_file_ref idref="fl-d5"/>
      </object_component>
      <object_component id="oc-15">
         <name>.text:decompress:lzss:__TI_decompress_lzss</name>
         <load_address>0xa34</load_address>
         <run_address>0xa34</run_address>
         <size>0x68</size>
         <input_file_ref idref="fl-c7"/>
      </object_component>
      <object_component id="oc-c3">
         <name>.text:main</name>
         <load_address>0xa9c</load_address>
         <run_address>0xa9c</run_address>
         <size>0x64</size>
         <input_file_ref idref="fl-2"/>
      </object_component>
      <object_component id="oc-1bb">
         <name>.text:UARTStdioConfig</name>
         <load_address>0xb00</load_address>
         <run_address>0xb00</run_address>
         <size>0x60</size>
         <input_file_ref idref="fl-4"/>
      </object_component>
      <object_component id="oc-130">
         <name>.text:Motor_SetSpeed</name>
         <load_address>0xb60</load_address>
         <run_address>0xb60</run_address>
         <size>0x54</size>
         <input_file_ref idref="fl-9"/>
      </object_component>
      <object_component id="oc-197">
         <name>.text:GPIOPinConfigure</name>
         <load_address>0xbb4</load_address>
         <run_address>0xbb4</run_address>
         <size>0x48</size>
         <input_file_ref idref="fl-d4"/>
      </object_component>
      <object_component id="oc-27b">
         <name>.text:UARTwrite</name>
         <load_address>0xbfc</load_address>
         <run_address>0xbfc</run_address>
         <size>0x48</size>
         <input_file_ref idref="fl-4"/>
      </object_component>
      <object_component id="oc-1a3">
         <name>.text:UARTConfigSetExpClk</name>
         <load_address>0xc44</load_address>
         <run_address>0xc44</run_address>
         <size>0x46</size>
         <input_file_ref idref="fl-d8"/>
      </object_component>
      <object_component id="oc-33">
         <name>.text:FaultISR</name>
         <load_address>0xc8a</load_address>
         <run_address>0xc8a</run_address>
         <size>0x2</size>
         <input_file_ref idref="fl-3"/>
      </object_component>
      <object_component id="oc-143">
         <name>.text:__TI_auto_init_nobinit_nopinit:__TI_auto_init_nobinit_nopinit</name>
         <load_address>0xc8c</load_address>
         <run_address>0xc8c</run_address>
         <size>0x44</size>
         <input_file_ref idref="fl-cd"/>
      </object_component>
      <object_component id="oc-281">
         <name>.text</name>
         <load_address>0xcd0</load_address>
         <run_address>0xcd0</run_address>
         <size>0x40</size>
         <input_file_ref idref="fl-c4"/>
      </object_component>
      <object_component id="oc-17e">
         <name>.text:SysCtlPeripheralEnable</name>
         <load_address>0xd10</load_address>
         <run_address>0xd10</run_address>
         <size>0x34</size>
         <input_file_ref idref="fl-d7"/>
      </object_component>
      <object_component id="oc-71">
         <name>.text:_c_int00_noargs:_c_int00_noargs</name>
         <load_address>0xd44</load_address>
         <run_address>0xd44</run_address>
         <size>0x34</size>
         <input_file_ref idref="fl-c9"/>
      </object_component>
      <object_component id="oc-f9">
         <name>.text:LED_Init</name>
         <load_address>0xd78</load_address>
         <run_address>0xd78</run_address>
         <size>0x2c</size>
         <input_file_ref idref="fl-8"/>
      </object_component>
      <object_component id="oc-11d">
         <name>.text:LED_Toggle</name>
         <load_address>0xda4</load_address>
         <run_address>0xda4</run_address>
         <size>0x2c</size>
         <input_file_ref idref="fl-8"/>
      </object_component>
      <object_component id="oc-240">
         <name>.text:GPIODirModeSet</name>
         <load_address>0xdd0</load_address>
         <run_address>0xdd0</run_address>
         <size>0x2a</size>
         <input_file_ref idref="fl-d4"/>
      </object_component>
      <object_component id="oc-39">
         <name>.text:IntDefaultHandler</name>
         <load_address>0xdfa</load_address>
         <run_address>0xdfa</run_address>
         <size>0x2</size>
         <input_file_ref idref="fl-3"/>
      </object_component>
      <object_component id="oc-10b">
         <name>.text:Motor_Forward</name>
         <load_address>0xdfc</load_address>
         <run_address>0xdfc</run_address>
         <size>0x24</size>
         <input_file_ref idref="fl-9"/>
      </object_component>
      <object_component id="oc-1d4">
         <name>.text:PWMGenConfigure</name>
         <load_address>0xe20</load_address>
         <run_address>0xe20</run_address>
         <size>0x22</size>
         <input_file_ref idref="fl-d6"/>
      </object_component>
      <object_component id="oc-2d">
         <name>.text:NmiSR</name>
         <load_address>0xe42</load_address>
         <run_address>0xe42</run_address>
         <size>0x2</size>
         <input_file_ref idref="fl-3"/>
      </object_component>
      <object_component id="oc-1f2">
         <name>.text:Motor_Start</name>
         <load_address>0xe44</load_address>
         <run_address>0xe44</run_address>
         <size>0x20</size>
         <input_file_ref idref="fl-9"/>
      </object_component>
      <object_component id="oc-12a">
         <name>.text:Motor_Stop</name>
         <load_address>0xe64</load_address>
         <run_address>0xe64</run_address>
         <size>0x20</size>
         <input_file_ref idref="fl-9"/>
      </object_component>
      <object_component id="oc-255">
         <name>.text:UARTDisable</name>
         <load_address>0xe84</load_address>
         <run_address>0xe84</run_address>
         <size>0x20</size>
         <input_file_ref idref="fl-d8"/>
      </object_component>
      <object_component id="oc-1e0">
         <name>.text:PWMPulseWidthSet</name>
         <load_address>0xea4</load_address>
         <run_address>0xea4</run_address>
         <size>0x1e</size>
         <input_file_ref idref="fl-d6"/>
      </object_component>
      <object_component id="oc-2cf">
         <name>.text</name>
         <load_address>0xec2</load_address>
         <run_address>0xec2</run_address>
         <size>0x2</size>
         <input_file_ref idref="fl-ca"/>
      </object_component>
      <object_component id="oc-3f">
         <name>.text:Bluetooth_IntHandler</name>
         <load_address>0xec4</load_address>
         <run_address>0xec4</run_address>
         <size>0x1c</size>
         <input_file_ref idref="fl-5"/>
      </object_component>
      <object_component id="oc-5f">
         <name>.text:decompress:ZI:__TI_zero_init_nomemset:__TI_zero_init_nomemset</name>
         <load_address>0xee0</load_address>
         <run_address>0xee0</run_address>
         <size>0x1c</size>
         <input_file_ref idref="fl-c5"/>
      </object_component>
      <object_component id="oc-117">
         <name>.text:UARTprintf</name>
         <load_address>0xefc</load_address>
         <run_address>0xefc</run_address>
         <size>0x1a</size>
         <input_file_ref idref="fl-4"/>
      </object_component>
      <object_component id="oc-184">
         <name>.text:GPIOPinTypeGPIOOutput</name>
         <load_address>0xf16</load_address>
         <run_address>0xf16</run_address>
         <size>0x18</size>
         <input_file_ref idref="fl-d4"/>
      </object_component>
      <object_component id="oc-1c2">
         <name>.text:SysCtlPWMClockSet</name>
         <load_address>0xf30</load_address>
         <run_address>0xf30</run_address>
         <size>0x14</size>
         <input_file_ref idref="fl-d7"/>
      </object_component>
      <object_component id="oc-1b5">
         <name>.text:UARTEnable</name>
         <load_address>0xf44</load_address>
         <run_address>0xf44</run_address>
         <size>0x14</size>
         <input_file_ref idref="fl-d8"/>
      </object_component>
      <object_component id="oc-1ce">
         <name>.text:GPIOPinTypePWM</name>
         <load_address>0xf58</load_address>
         <run_address>0xf58</run_address>
         <size>0x12</size>
         <input_file_ref idref="fl-d4"/>
      </object_component>
      <object_component id="oc-19d">
         <name>.text:GPIOPinTypeUART</name>
         <load_address>0xf6a</load_address>
         <run_address>0xf6a</run_address>
         <size>0x12</size>
         <input_file_ref idref="fl-d4"/>
      </object_component>
      <object_component id="oc-210">
         <name>.text:PWMOutputState</name>
         <load_address>0xf7c</load_address>
         <run_address>0xf7c</run_address>
         <size>0x12</size>
         <input_file_ref idref="fl-d6"/>
      </object_component>
      <object_component id="oc-191">
         <name>.text:IntMasterEnable</name>
         <load_address>0xf8e</load_address>
         <run_address>0xf8e</run_address>
         <size>0x10</size>
         <input_file_ref idref="fl-d5"/>
      </object_component>
      <object_component id="oc-1da">
         <name>.text:PWMGenPeriodSet</name>
         <load_address>0xf9e</load_address>
         <run_address>0xf9e</run_address>
         <size>0x10</size>
         <input_file_ref idref="fl-d6"/>
      </object_component>
      <object_component id="oc-1b">
         <name>.text:decompress:none:__TI_decompress_none</name>
         <load_address>0xfae</load_address>
         <run_address>0xfae</run_address>
         <size>0xe</size>
         <input_file_ref idref="fl-c6"/>
      </object_component>
      <object_component id="oc-249">
         <name>.text:CPUcpsie</name>
         <load_address>0xfbc</load_address>
         <run_address>0xfbc</run_address>
         <size>0xc</size>
         <input_file_ref idref="fl-d9"/>
      </object_component>
      <object_component id="oc-111">
         <name>.text:Motor_GetSpeed</name>
         <load_address>0xfc8</load_address>
         <run_address>0xfc8</run_address>
         <size>0xc</size>
         <input_file_ref idref="fl-9"/>
      </object_component>
      <object_component id="oc-1e6">
         <name>.text:PWMGenEnable</name>
         <load_address>0xfd4</load_address>
         <run_address>0xfd4</run_address>
         <size>0xc</size>
         <input_file_ref idref="fl-d6"/>
      </object_component>
      <object_component id="oc-89">
         <name>.text:UARTIntStatus</name>
         <load_address>0xfe0</load_address>
         <run_address>0xfe0</run_address>
         <size>0xa</size>
         <input_file_ref idref="fl-d8"/>
      </object_component>
      <object_component id="oc-1af">
         <name>.text:UARTIntEnable</name>
         <load_address>0xfea</load_address>
         <run_address>0xfea</run_address>
         <size>0x8</size>
         <input_file_ref idref="fl-d8"/>
      </object_component>
      <object_component id="oc-1c8">
         <name>.text:GPIOPinWrite</name>
         <load_address>0xff2</load_address>
         <run_address>0xff2</run_address>
         <size>0x6</size>
         <input_file_ref idref="fl-d4"/>
      </object_component>
      <object_component id="oc-27">
         <name>.text:ResetISR</name>
         <load_address>0xff8</load_address>
         <run_address>0xff8</run_address>
         <size>0x6</size>
         <input_file_ref idref="fl-3"/>
      </object_component>
      <object_component id="oc-129">
         <name>.text:SysCtlDelay</name>
         <load_address>0xffe</load_address>
         <run_address>0xffe</run_address>
         <size>0x6</size>
         <input_file_ref idref="fl-d7"/>
      </object_component>
      <object_component id="oc-8f">
         <name>.text:UARTIntClear</name>
         <load_address>0x1004</load_address>
         <run_address>0x1004</run_address>
         <size>0x4</size>
         <input_file_ref idref="fl-d8"/>
      </object_component>
      <object_component id="oc-bd">
         <name>.text:_system_pre_init</name>
         <load_address>0x1008</load_address>
         <run_address>0x1008</run_address>
         <size>0x4</size>
         <input_file_ref idref="fl-ce"/>
      </object_component>
      <object_component id="oc-137">
         <name>.text:abort:abort</name>
         <load_address>0x100c</load_address>
         <run_address>0x100c</run_address>
         <size>0x4</size>
         <input_file_ref idref="fl-d0"/>
      </object_component>
      <object_component id="oc-250">
         <name>.const:g_pui32GPIOBaseAddrs</name>
         <load_address>0x1010</load_address>
         <run_address>0x1010</run_address>
         <size>0x90</size>
         <input_file_ref idref="fl-d4"/>
      </object_component>
      <object_component id="oc-25c">
         <name>.const</name>
         <load_address>0x10a0</load_address>
         <run_address>0x10a0</run_address>
         <size>0x70</size>
         <input_file_ref idref="fl-d5"/>
      </object_component>
      <object_component id="oc-20c">
         <name>.const:g_pui32Xtals</name>
         <load_address>0x1110</load_address>
         <run_address>0x1110</run_address>
         <size>0x6c</size>
         <input_file_ref idref="fl-d7"/>
      </object_component>
      <object_component id="oc-266">
         <name>.const:g_ui32UARTBase</name>
         <load_address>0x117c</load_address>
         <run_address>0x117c</run_address>
         <size>0xc</size>
         <input_file_ref idref="fl-4"/>
      </object_component>
      <object_component id="oc-263">
         <name>.const:g_ui32UARTPeriph</name>
         <load_address>0x1188</load_address>
         <run_address>0x1188</run_address>
         <size>0xc</size>
         <input_file_ref idref="fl-4"/>
      </object_component>
      <object_component id="oc-30e">
         <name>__TI_handler_table</name>
         <load_address>0x1198</load_address>
         <run_address>0x1198</run_address>
         <size>0xc</size>
      </object_component>
      <object_component id="oc-311">
         <name>.cinit..bss.load</name>
         <load_address>0x11a8</load_address>
         <run_address>0x11a8</run_address>
         <size>0x8</size>
      </object_component>
      <object_component id="oc-310">
         <name>.cinit..data.load</name>
         <load_address>0x11b0</load_address>
         <run_address>0x11b0</run_address>
         <size>0x7</size>
      </object_component>
      <object_component id="oc-30f">
         <name>__TI_cinit_table</name>
         <load_address>0x11b8</load_address>
         <run_address>0x11b8</run_address>
         <size>0x10</size>
      </object_component>
      <object_component id="oc-269">
         <name>.data</name>
         <load_address>0x2000010c</load_address>
         <run_address>0x2000010c</run_address>
         <size>0x5</size>
         <input_file_ref idref="fl-4"/>
      </object_component>
      <object_component id="oc-207">
         <name>.data</name>
         <load_address>0x20000111</load_address>
         <run_address>0x20000111</run_address>
         <size>0x1</size>
         <input_file_ref idref="fl-8"/>
      </object_component>
      <object_component id="oc-1ef">
         <name>.common:duty_cycle</name>
         <uninitialized>true</uninitialized>
         <run_address>0x20000108</run_address>
         <size>0x2</size>
      </object_component>
      <object_component id="oc-1f0">
         <name>.common:val_load</name>
         <uninitialized>true</uninitialized>
         <run_address>0x20000104</run_address>
         <size>0x4</size>
      </object_component>
      <object_component id="oc-1ec">
         <name>.common:pwm_clk</name>
         <uninitialized>true</uninitialized>
         <run_address>0x20000100</run_address>
         <size>0x4</size>
      </object_component>
      <object_component id="oc-24">
         <name>.stack</name>
         <uninitialized>true</uninitialized>
         <run_address>0x20000000</run_address>
         <size>0x4</size>
         <input_file_ref idref="fl-c9"/>
      </object_component>
      <object_component id="oc-313">
         <name>.stack</name>
         <uninitialized>true</uninitialized>
         <run_address>0x20000000</run_address>
         <size>0x0</size>
      </object_component>
      <object_component id="oc-e7">
         <name>.debug_info</name>
         <load_address>0x0</load_address>
         <run_address>0x0</run_address>
         <size>0x4ed</size>
         <input_file_ref idref="fl-2"/>
      </object_component>
      <object_component id="oc-c4">
         <name>.debug_info</name>
         <load_address>0x4ed</load_address>
         <run_address>0x4ed</run_address>
         <size>0x22a</size>
         <input_file_ref idref="fl-2"/>
      </object_component>
      <object_component id="oc-9d">
         <name>.debug_info</name>
         <load_address>0x717</load_address>
         <run_address>0x717</run_address>
         <size>0x26b</size>
         <input_file_ref idref="fl-2"/>
      </object_component>
      <object_component id="oc-4e">
         <name>.debug_info</name>
         <load_address>0x982</load_address>
         <run_address>0x982</run_address>
         <size>0x84</size>
         <input_file_ref idref="fl-2"/>
      </object_component>
      <object_component id="oc-e2">
         <name>.debug_info</name>
         <load_address>0xa06</load_address>
         <run_address>0xa06</run_address>
         <size>0x2a4</size>
         <input_file_ref idref="fl-2"/>
      </object_component>
      <object_component id="oc-96">
         <name>.debug_info</name>
         <load_address>0xcaa</load_address>
         <run_address>0xcaa</run_address>
         <size>0xbb</size>
         <input_file_ref idref="fl-2"/>
      </object_component>
      <object_component id="oc-202">
         <name>.debug_info</name>
         <load_address>0xd65</load_address>
         <run_address>0xd65</run_address>
         <size>0x2c</size>
         <input_file_ref idref="fl-2"/>
      </object_component>
      <object_component id="oc-179">
         <name>.debug_info</name>
         <load_address>0xd91</load_address>
         <run_address>0xd91</run_address>
         <size>0x35</size>
         <input_file_ref idref="fl-2"/>
      </object_component>
      <object_component id="oc-47">
         <name>.debug_info</name>
         <load_address>0xdc6</load_address>
         <run_address>0xdc6</run_address>
         <size>0x2d2</size>
         <input_file_ref idref="fl-3"/>
      </object_component>
      <object_component id="oc-13">
         <name>.debug_info</name>
         <load_address>0x1098</load_address>
         <run_address>0x1098</run_address>
         <size>0xe1</size>
         <input_file_ref idref="fl-3"/>
      </object_component>
      <object_component id="oc-2b">
         <name>.debug_info</name>
         <load_address>0x1179</load_address>
         <run_address>0x1179</run_address>
         <size>0x111</size>
         <input_file_ref idref="fl-3"/>
      </object_component>
      <object_component id="oc-2f">
         <name>.debug_info</name>
         <load_address>0x128a</load_address>
         <run_address>0x128a</run_address>
         <size>0x102</size>
         <input_file_ref idref="fl-3"/>
      </object_component>
      <object_component id="oc-3a">
         <name>.debug_info</name>
         <load_address>0x138c</load_address>
         <run_address>0x138c</run_address>
         <size>0x11a</size>
         <input_file_ref idref="fl-3"/>
      </object_component>
      <object_component id="oc-34">
         <name>.debug_info</name>
         <load_address>0x14a6</load_address>
         <run_address>0x14a6</run_address>
         <size>0x108</size>
         <input_file_ref idref="fl-3"/>
      </object_component>
      <object_component id="oc-201">
         <name>.debug_info</name>
         <load_address>0x15ae</load_address>
         <run_address>0x15ae</run_address>
         <size>0x2be</size>
         <input_file_ref idref="fl-4"/>
      </object_component>
      <object_component id="oc-26d">
         <name>.debug_info</name>
         <load_address>0x186c</load_address>
         <run_address>0x186c</run_address>
         <size>0xff</size>
         <input_file_ref idref="fl-4"/>
      </object_component>
      <object_component id="oc-267">
         <name>.debug_info</name>
         <load_address>0x196b</load_address>
         <run_address>0x196b</run_address>
         <size>0x107</size>
         <input_file_ref idref="fl-4"/>
      </object_component>
      <object_component id="oc-264">
         <name>.debug_info</name>
         <load_address>0x1a72</load_address>
         <run_address>0x1a72</run_address>
         <size>0x10b</size>
         <input_file_ref idref="fl-4"/>
      </object_component>
      <object_component id="oc-27c">
         <name>.debug_info</name>
         <load_address>0x1b7d</load_address>
         <run_address>0x1b7d</run_address>
         <size>0x1f6</size>
         <input_file_ref idref="fl-4"/>
      </object_component>
      <object_component id="oc-1fb">
         <name>.debug_info</name>
         <load_address>0x1d73</load_address>
         <run_address>0x1d73</run_address>
         <size>0x328</size>
         <input_file_ref idref="fl-4"/>
      </object_component>
      <object_component id="oc-118">
         <name>.debug_info</name>
         <load_address>0x209b</load_address>
         <run_address>0x209b</run_address>
         <size>0x1c3</size>
         <input_file_ref idref="fl-4"/>
      </object_component>
      <object_component id="oc-26a">
         <name>.debug_info</name>
         <load_address>0x225e</load_address>
         <run_address>0x225e</run_address>
         <size>0x241</size>
         <input_file_ref idref="fl-4"/>
      </object_component>
      <object_component id="oc-1bc">
         <name>.debug_info</name>
         <load_address>0x249f</load_address>
         <run_address>0x249f</run_address>
         <size>0x259</size>
         <input_file_ref idref="fl-4"/>
      </object_component>
      <object_component id="oc-40">
         <name>.debug_info</name>
         <load_address>0x26f8</load_address>
         <run_address>0x26f8</run_address>
         <size>0x17f</size>
         <input_file_ref idref="fl-5"/>
      </object_component>
      <object_component id="oc-db">
         <name>.debug_info</name>
         <load_address>0x2877</load_address>
         <run_address>0x2877</run_address>
         <size>0x8b</size>
         <input_file_ref idref="fl-5"/>
      </object_component>
      <object_component id="oc-100">
         <name>.debug_info</name>
         <load_address>0x2902</load_address>
         <run_address>0x2902</run_address>
         <size>0x259</size>
         <input_file_ref idref="fl-6"/>
      </object_component>
      <object_component id="oc-20b">
         <name>.debug_info</name>
         <load_address>0x2b5b</load_address>
         <run_address>0x2b5b</run_address>
         <size>0x31d</size>
         <input_file_ref idref="fl-8"/>
      </object_component>
      <object_component id="oc-208">
         <name>.debug_info</name>
         <load_address>0x2e78</load_address>
         <run_address>0x2e78</run_address>
         <size>0xdb</size>
         <input_file_ref idref="fl-8"/>
      </object_component>
      <object_component id="oc-11e">
         <name>.debug_info</name>
         <load_address>0x2f53</load_address>
         <run_address>0x2f53</run_address>
         <size>0x15c</size>
         <input_file_ref idref="fl-8"/>
      </object_component>
      <object_component id="oc-fb">
         <name>.debug_info</name>
         <load_address>0x30af</load_address>
         <run_address>0x30af</run_address>
         <size>0x182</size>
         <input_file_ref idref="fl-8"/>
      </object_component>
      <object_component id="oc-1ed">
         <name>.debug_info</name>
         <load_address>0x3231</load_address>
         <run_address>0x3231</run_address>
         <size>0x594</size>
         <input_file_ref idref="fl-9"/>
      </object_component>
      <object_component id="oc-12c">
         <name>.debug_info</name>
         <load_address>0x37c5</load_address>
         <run_address>0x37c5</run_address>
         <size>0x145</size>
         <input_file_ref idref="fl-9"/>
      </object_component>
      <object_component id="oc-1f3">
         <name>.debug_info</name>
         <load_address>0x390a</load_address>
         <run_address>0x390a</run_address>
         <size>0x147</size>
         <input_file_ref idref="fl-9"/>
      </object_component>
      <object_component id="oc-133">
         <name>.debug_info</name>
         <load_address>0x3a51</load_address>
         <run_address>0x3a51</run_address>
         <size>0x19b</size>
         <input_file_ref idref="fl-9"/>
      </object_component>
      <object_component id="oc-108">
         <name>.debug_info</name>
         <load_address>0x3bec</load_address>
         <run_address>0x3bec</run_address>
         <size>0x2d3</size>
         <input_file_ref idref="fl-9"/>
      </object_component>
      <object_component id="oc-113">
         <name>.debug_info</name>
         <load_address>0x3ebf</load_address>
         <run_address>0x3ebf</run_address>
         <size>0x127</size>
         <input_file_ref idref="fl-9"/>
      </object_component>
      <object_component id="oc-10e">
         <name>.debug_info</name>
         <load_address>0x3fe6</load_address>
         <run_address>0x3fe6</run_address>
         <size>0x159</size>
         <input_file_ref idref="fl-9"/>
      </object_component>
      <object_component id="oc-282">
         <name>.debug_info</name>
         <load_address>0x413f</load_address>
         <run_address>0x413f</run_address>
         <size>0x142</size>
         <input_file_ref idref="fl-c4"/>
      </object_component>
      <object_component id="oc-b6">
         <name>.debug_info</name>
         <load_address>0x4281</load_address>
         <run_address>0x4281</run_address>
         <size>0x2d4</size>
         <input_file_ref idref="fl-c5"/>
      </object_component>
      <object_component id="oc-60">
         <name>.debug_info</name>
         <load_address>0x4555</load_address>
         <run_address>0x4555</run_address>
         <size>0x1d2</size>
         <input_file_ref idref="fl-c5"/>
      </object_component>
      <object_component id="oc-b1">
         <name>.debug_info</name>
         <load_address>0x4727</load_address>
         <run_address>0x4727</run_address>
         <size>0x46</size>
         <input_file_ref idref="fl-c5"/>
      </object_component>
      <object_component id="oc-f0">
         <name>.debug_info</name>
         <load_address>0x476d</load_address>
         <run_address>0x476d</run_address>
         <size>0x2c</size>
         <input_file_ref idref="fl-c5"/>
      </object_component>
      <object_component id="oc-5e">
         <name>.debug_info</name>
         <load_address>0x4799</load_address>
         <run_address>0x4799</run_address>
         <size>0x2a8</size>
         <input_file_ref idref="fl-c6"/>
      </object_component>
      <object_component id="oc-1d">
         <name>.debug_info</name>
         <load_address>0x4a41</load_address>
         <run_address>0x4a41</run_address>
         <size>0x1ea</size>
         <input_file_ref idref="fl-c6"/>
      </object_component>
      <object_component id="oc-59">
         <name>.debug_info</name>
         <load_address>0x4c2b</load_address>
         <run_address>0x4c2b</run_address>
         <size>0x46</size>
         <input_file_ref idref="fl-c6"/>
      </object_component>
      <object_component id="oc-a9">
         <name>.debug_info</name>
         <load_address>0x4c71</load_address>
         <run_address>0x4c71</run_address>
         <size>0x2c</size>
         <input_file_ref idref="fl-c6"/>
      </object_component>
      <object_component id="oc-a7">
         <name>.debug_info</name>
         <load_address>0x4c9d</load_address>
         <run_address>0x4c9d</run_address>
         <size>0x29e</size>
         <input_file_ref idref="fl-c7"/>
      </object_component>
      <object_component id="oc-17">
         <name>.debug_info</name>
         <load_address>0x4f3b</load_address>
         <run_address>0x4f3b</run_address>
         <size>0x250</size>
         <input_file_ref idref="fl-c7"/>
      </object_component>
      <object_component id="oc-49">
         <name>.debug_info</name>
         <load_address>0x518b</load_address>
         <run_address>0x518b</run_address>
         <size>0x60</size>
         <input_file_ref idref="fl-c7"/>
      </object_component>
      <object_component id="oc-e9">
         <name>.debug_info</name>
         <load_address>0x51eb</load_address>
         <run_address>0x51eb</run_address>
         <size>0x46</size>
         <input_file_ref idref="fl-c7"/>
      </object_component>
      <object_component id="oc-a2">
         <name>.debug_info</name>
         <load_address>0x5231</load_address>
         <run_address>0x5231</run_address>
         <size>0x39</size>
         <input_file_ref idref="fl-c7"/>
      </object_component>
      <object_component id="oc-25">
         <name>.debug_info</name>
         <load_address>0x526a</load_address>
         <run_address>0x526a</run_address>
         <size>0x10b</size>
         <input_file_ref idref="fl-c9"/>
      </object_component>
      <object_component id="oc-75">
         <name>.debug_info</name>
         <load_address>0x5375</load_address>
         <run_address>0x5375</run_address>
         <size>0x1a9</size>
         <input_file_ref idref="fl-c9"/>
      </object_component>
      <object_component id="oc-2d0">
         <name>.debug_info</name>
         <load_address>0x551e</load_address>
         <run_address>0x551e</run_address>
         <size>0x115</size>
         <input_file_ref idref="fl-ca"/>
      </object_component>
      <object_component id="oc-55">
         <name>.debug_info</name>
         <load_address>0x5633</load_address>
         <run_address>0x5633</run_address>
         <size>0x119</size>
         <input_file_ref idref="fl-cb"/>
      </object_component>
      <object_component id="oc-223">
         <name>.debug_info</name>
         <load_address>0x574c</load_address>
         <run_address>0x574c</run_address>
         <size>0x4b3</size>
         <input_file_ref idref="fl-cd"/>
      </object_component>
      <object_component id="oc-146">
         <name>.debug_info</name>
         <load_address>0x5bff</load_address>
         <run_address>0x5bff</run_address>
         <size>0x1a6</size>
         <input_file_ref idref="fl-cd"/>
      </object_component>
      <object_component id="oc-2a0">
         <name>.debug_info</name>
         <load_address>0x5da5</load_address>
         <run_address>0x5da5</run_address>
         <size>0x39</size>
         <input_file_ref idref="fl-cd"/>
      </object_component>
      <object_component id="oc-2d8">
         <name>.debug_info</name>
         <load_address>0x5dde</load_address>
         <run_address>0x5dde</run_address>
         <size>0x39</size>
         <input_file_ref idref="fl-cd"/>
      </object_component>
      <object_component id="oc-2a5">
         <name>.debug_info</name>
         <load_address>0x5e17</load_address>
         <run_address>0x5e17</run_address>
         <size>0x39</size>
         <input_file_ref idref="fl-cd"/>
      </object_component>
      <object_component id="oc-2aa">
         <name>.debug_info</name>
         <load_address>0x5e50</load_address>
         <run_address>0x5e50</run_address>
         <size>0xcd</size>
         <input_file_ref idref="fl-cd"/>
      </object_component>
      <object_component id="oc-c1">
         <name>.debug_info</name>
         <load_address>0x5f1d</load_address>
         <run_address>0x5f1d</run_address>
         <size>0x153</size>
         <input_file_ref idref="fl-ce"/>
      </object_component>
      <object_component id="oc-13a">
         <name>.debug_info</name>
         <load_address>0x6070</load_address>
         <run_address>0x6070</run_address>
         <size>0x122</size>
         <input_file_ref idref="fl-d0"/>
      </object_component>
      <object_component id="oc-d6">
         <name>.debug_info</name>
         <load_address>0x6192</load_address>
         <run_address>0x6192</run_address>
         <size>0x18b</size>
         <input_file_ref idref="fl-d3"/>
      </object_component>
      <object_component id="oc-247">
         <name>.debug_info</name>
         <load_address>0x631d</load_address>
         <run_address>0x631d</run_address>
         <size>0x240</size>
         <input_file_ref idref="fl-d4"/>
      </object_component>
      <object_component id="oc-251">
         <name>.debug_info</name>
         <load_address>0x655d</load_address>
         <run_address>0x655d</run_address>
         <size>0x15b</size>
         <input_file_ref idref="fl-d4"/>
      </object_component>
      <object_component id="oc-1c9">
         <name>.debug_info</name>
         <load_address>0x66b8</load_address>
         <run_address>0x66b8</run_address>
         <size>0x2a3</size>
         <input_file_ref idref="fl-d4"/>
      </object_component>
      <object_component id="oc-241">
         <name>.debug_info</name>
         <load_address>0x695b</load_address>
         <run_address>0x695b</run_address>
         <size>0x2b3</size>
         <input_file_ref idref="fl-d4"/>
      </object_component>
      <object_component id="oc-23b">
         <name>.debug_info</name>
         <load_address>0x6c0e</load_address>
         <run_address>0x6c0e</run_address>
         <size>0x316</size>
         <input_file_ref idref="fl-d4"/>
      </object_component>
      <object_component id="oc-19e">
         <name>.debug_info</name>
         <load_address>0x6f24</load_address>
         <run_address>0x6f24</run_address>
         <size>0x27b</size>
         <input_file_ref idref="fl-d4"/>
      </object_component>
      <object_component id="oc-1cf">
         <name>.debug_info</name>
         <load_address>0x719f</load_address>
         <run_address>0x719f</run_address>
         <size>0x279</size>
         <input_file_ref idref="fl-d4"/>
      </object_component>
      <object_component id="oc-185">
         <name>.debug_info</name>
         <load_address>0x7418</load_address>
         <run_address>0x7418</run_address>
         <size>0x2b7</size>
         <input_file_ref idref="fl-d4"/>
      </object_component>
      <object_component id="oc-199">
         <name>.debug_info</name>
         <load_address>0x76cf</load_address>
         <run_address>0x76cf</run_address>
         <size>0x280</size>
         <input_file_ref idref="fl-d4"/>
      </object_component>
      <object_component id="oc-260">
         <name>.debug_info</name>
         <load_address>0x794f</load_address>
         <run_address>0x794f</run_address>
         <size>0x20e</size>
         <input_file_ref idref="fl-d5"/>
      </object_component>
      <object_component id="oc-25d">
         <name>.debug_info</name>
         <load_address>0x7b5d</load_address>
         <run_address>0x7b5d</run_address>
         <size>0x210</size>
         <input_file_ref idref="fl-d5"/>
      </object_component>
      <object_component id="oc-193">
         <name>.debug_info</name>
         <load_address>0x7d6d</load_address>
         <run_address>0x7d6d</run_address>
         <size>0x23e</size>
         <input_file_ref idref="fl-d5"/>
      </object_component>
      <object_component id="oc-1ab">
         <name>.debug_info</name>
         <load_address>0x7fab</load_address>
         <run_address>0x7fab</run_address>
         <size>0x268</size>
         <input_file_ref idref="fl-d5"/>
      </object_component>
      <object_component id="oc-274">
         <name>.debug_info</name>
         <load_address>0x8213</load_address>
         <run_address>0x8213</run_address>
         <size>0x1ed</size>
         <input_file_ref idref="fl-d6"/>
      </object_component>
      <object_component id="oc-1e1">
         <name>.debug_info</name>
         <load_address>0x8400</load_address>
         <run_address>0x8400</run_address>
         <size>0x2f6</size>
         <input_file_ref idref="fl-d6"/>
      </object_component>
      <object_component id="oc-211">
         <name>.debug_info</name>
         <load_address>0x86f6</load_address>
         <run_address>0x86f6</run_address>
         <size>0x2c4</size>
         <input_file_ref idref="fl-d6"/>
      </object_component>
      <object_component id="oc-1db">
         <name>.debug_info</name>
         <load_address>0x89ba</load_address>
         <run_address>0x89ba</run_address>
         <size>0x2b6</size>
         <input_file_ref idref="fl-d6"/>
      </object_component>
      <object_component id="oc-1e8">
         <name>.debug_info</name>
         <load_address>0x8c70</load_address>
         <run_address>0x8c70</run_address>
         <size>0x276</size>
         <input_file_ref idref="fl-d6"/>
      </object_component>
      <object_component id="oc-1d5">
         <name>.debug_info</name>
         <load_address>0x8ee6</load_address>
         <run_address>0x8ee6</run_address>
         <size>0x2b3</size>
         <input_file_ref idref="fl-d6"/>
      </object_component>
      <object_component id="oc-239">
         <name>.debug_info</name>
         <load_address>0x9199</load_address>
         <run_address>0x9199</run_address>
         <size>0x298</size>
         <input_file_ref idref="fl-d7"/>
      </object_component>
      <object_component id="oc-20d">
         <name>.debug_info</name>
         <load_address>0x9431</load_address>
         <run_address>0x9431</run_address>
         <size>0x14d</size>
         <input_file_ref idref="fl-d7"/>
      </object_component>
      <object_component id="oc-17f">
         <name>.debug_info</name>
         <load_address>0x957e</load_address>
         <run_address>0x957e</run_address>
         <size>0x27d</size>
         <input_file_ref idref="fl-d7"/>
      </object_component>
      <object_component id="oc-1c3">
         <name>.debug_info</name>
         <load_address>0x97fb</load_address>
         <run_address>0x97fb</run_address>
         <size>0x263</size>
         <input_file_ref idref="fl-d7"/>
      </object_component>
      <object_component id="oc-18c">
         <name>.debug_info</name>
         <load_address>0x9a5e</load_address>
         <run_address>0x9a5e</run_address>
         <size>0x2db</size>
         <input_file_ref idref="fl-d7"/>
      </object_component>
      <object_component id="oc-124">
         <name>.debug_info</name>
         <load_address>0x9d39</load_address>
         <run_address>0x9d39</run_address>
         <size>0x2b5</size>
         <input_file_ref idref="fl-d7"/>
      </object_component>
      <object_component id="oc-2b3">
         <name>.debug_info</name>
         <load_address>0x9fee</load_address>
         <run_address>0x9fee</run_address>
         <size>0x5f</size>
         <input_file_ref idref="fl-d7"/>
      </object_component>
      <object_component id="oc-e0">
         <name>.debug_info</name>
         <load_address>0xa04d</load_address>
         <run_address>0xa04d</run_address>
         <size>0x227</size>
         <input_file_ref idref="fl-d8"/>
      </object_component>
      <object_component id="oc-8a">
         <name>.debug_info</name>
         <load_address>0xa274</load_address>
         <run_address>0xa274</run_address>
         <size>0x27f</size>
         <input_file_ref idref="fl-d8"/>
      </object_component>
      <object_component id="oc-1b0">
         <name>.debug_info</name>
         <load_address>0xa4f3</load_address>
         <run_address>0xa4f3</run_address>
         <size>0x28f</size>
         <input_file_ref idref="fl-d8"/>
      </object_component>
      <object_component id="oc-90">
         <name>.debug_info</name>
         <load_address>0xa782</load_address>
         <run_address>0xa782</run_address>
         <size>0x28d</size>
         <input_file_ref idref="fl-d8"/>
      </object_component>
      <object_component id="oc-1b6">
         <name>.debug_info</name>
         <load_address>0xaa0f</load_address>
         <run_address>0xaa0f</run_address>
         <size>0x247</size>
         <input_file_ref idref="fl-d8"/>
      </object_component>
      <object_component id="oc-256">
         <name>.debug_info</name>
         <load_address>0xac56</load_address>
         <run_address>0xac56</run_address>
         <size>0x249</size>
         <input_file_ref idref="fl-d8"/>
      </object_component>
      <object_component id="oc-1a4">
         <name>.debug_info</name>
         <load_address>0xae9f</load_address>
         <run_address>0xae9f</run_address>
         <size>0x326</size>
         <input_file_ref idref="fl-d8"/>
      </object_component>
      <object_component id="oc-24a">
         <name>.debug_info</name>
         <load_address>0xb1c5</load_address>
         <run_address>0xb1c5</run_address>
         <size>0x212</size>
         <input_file_ref idref="fl-d9"/>
      </object_component>
      <object_component id="oc-314">
         <name>.debug_info</name>
         <load_address>0xb3d7</load_address>
         <run_address>0xb3d7</run_address>
         <size>0xa1</size>
      </object_component>
      <object_component id="oc-178">
         <name>.debug_line</name>
         <load_address>0x0</load_address>
         <run_address>0x0</run_address>
         <size>0xea</size>
         <input_file_ref idref="fl-2"/>
      </object_component>
      <object_component id="oc-c7">
         <name>.debug_line</name>
         <load_address>0xea</load_address>
         <run_address>0xea</run_address>
         <size>0x57</size>
         <input_file_ref idref="fl-2"/>
      </object_component>
      <object_component id="oc-a0">
         <name>.debug_line</name>
         <load_address>0x141</load_address>
         <run_address>0x141</run_address>
         <size>0x6f</size>
         <input_file_ref idref="fl-2"/>
      </object_component>
      <object_component id="oc-51">
         <name>.debug_line</name>
         <load_address>0x1b0</load_address>
         <run_address>0x1b0</run_address>
         <size>0x20</size>
         <input_file_ref idref="fl-2"/>
      </object_component>
      <object_component id="oc-e5">
         <name>.debug_line</name>
         <load_address>0x1d0</load_address>
         <run_address>0x1d0</run_address>
         <size>0x73</size>
         <input_file_ref idref="fl-2"/>
      </object_component>
      <object_component id="oc-99">
         <name>.debug_line</name>
         <load_address>0x243</load_address>
         <run_address>0x243</run_address>
         <size>0x70</size>
         <input_file_ref idref="fl-2"/>
      </object_component>
      <object_component id="oc-205">
         <name>.debug_line</name>
         <load_address>0x2b3</load_address>
         <run_address>0x2b3</run_address>
         <size>0x6b</size>
         <input_file_ref idref="fl-2"/>
      </object_component>
      <object_component id="oc-17c">
         <name>.debug_line</name>
         <load_address>0x31e</load_address>
         <run_address>0x31e</run_address>
         <size>0x74</size>
         <input_file_ref idref="fl-2"/>
      </object_component>
      <object_component id="oc-9c">
         <name>.debug_line</name>
         <load_address>0x392</load_address>
         <run_address>0x392</run_address>
         <size>0x4e</size>
         <input_file_ref idref="fl-3"/>
      </object_component>
      <object_component id="oc-46">
         <name>.debug_line</name>
         <load_address>0x3e0</load_address>
         <run_address>0x3e0</run_address>
         <size>0x34</size>
         <input_file_ref idref="fl-3"/>
      </object_component>
      <object_component id="oc-28">
         <name>.debug_line</name>
         <load_address>0x414</load_address>
         <run_address>0x414</run_address>
         <size>0x46</size>
         <input_file_ref idref="fl-3"/>
      </object_component>
      <object_component id="oc-32">
         <name>.debug_line</name>
         <load_address>0x45a</load_address>
         <run_address>0x45a</run_address>
         <size>0x49</size>
         <input_file_ref idref="fl-3"/>
      </object_component>
      <object_component id="oc-3d">
         <name>.debug_line</name>
         <load_address>0x4a3</load_address>
         <run_address>0x4a3</run_address>
         <size>0x49</size>
         <input_file_ref idref="fl-3"/>
      </object_component>
      <object_component id="oc-37">
         <name>.debug_line</name>
         <load_address>0x4ec</load_address>
         <run_address>0x4ec</run_address>
         <size>0x49</size>
         <input_file_ref idref="fl-3"/>
      </object_component>
      <object_component id="oc-288">
         <name>.debug_line</name>
         <load_address>0x535</load_address>
         <run_address>0x535</run_address>
         <size>0x20</size>
         <input_file_ref idref="fl-4"/>
      </object_component>
      <object_component id="oc-2cb">
         <name>.debug_line</name>
         <load_address>0x555</load_address>
         <run_address>0x555</run_address>
         <size>0x57</size>
         <input_file_ref idref="fl-4"/>
      </object_component>
      <object_component id="oc-2c7">
         <name>.debug_line</name>
         <load_address>0x5ac</load_address>
         <run_address>0x5ac</run_address>
         <size>0x57</size>
         <input_file_ref idref="fl-4"/>
      </object_component>
      <object_component id="oc-2c5">
         <name>.debug_line</name>
         <load_address>0x603</load_address>
         <run_address>0x603</run_address>
         <size>0x57</size>
         <input_file_ref idref="fl-4"/>
      </object_component>
      <object_component id="oc-280">
         <name>.debug_line</name>
         <load_address>0x65a</load_address>
         <run_address>0x65a</run_address>
         <size>0x87</size>
         <input_file_ref idref="fl-4"/>
      </object_component>
      <object_component id="oc-1fe">
         <name>.debug_line</name>
         <load_address>0x6e1</load_address>
         <run_address>0x6e1</run_address>
         <size>0x186</size>
         <input_file_ref idref="fl-4"/>
      </object_component>
      <object_component id="oc-11c">
         <name>.debug_line</name>
         <load_address>0x867</load_address>
         <run_address>0x867</run_address>
         <size>0x6e</size>
         <input_file_ref idref="fl-4"/>
      </object_component>
      <object_component id="oc-2c9">
         <name>.debug_line</name>
         <load_address>0x8d5</load_address>
         <run_address>0x8d5</run_address>
         <size>0xb2</size>
         <input_file_ref idref="fl-4"/>
      </object_component>
      <object_component id="oc-1bf">
         <name>.debug_line</name>
         <load_address>0x987</load_address>
         <run_address>0x987</run_address>
         <size>0x78</size>
         <input_file_ref idref="fl-4"/>
      </object_component>
      <object_component id="oc-43">
         <name>.debug_line</name>
         <load_address>0x9ff</load_address>
         <run_address>0x9ff</run_address>
         <size>0x4e</size>
         <input_file_ref idref="fl-5"/>
      </object_component>
      <object_component id="oc-de">
         <name>.debug_line</name>
         <load_address>0xa4d</load_address>
         <run_address>0xa4d</run_address>
         <size>0x20</size>
         <input_file_ref idref="fl-5"/>
      </object_component>
      <object_component id="oc-103">
         <name>.debug_line</name>
         <load_address>0xa6d</load_address>
         <run_address>0xa6d</run_address>
         <size>0x58</size>
         <input_file_ref idref="fl-6"/>
      </object_component>
      <object_component id="oc-28c">
         <name>.debug_line</name>
         <load_address>0xac5</load_address>
         <run_address>0xac5</run_address>
         <size>0x8e</size>
         <input_file_ref idref="fl-8"/>
      </object_component>
      <object_component id="oc-28a">
         <name>.debug_line</name>
         <load_address>0xb53</load_address>
         <run_address>0xb53</run_address>
         <size>0x34</size>
         <input_file_ref idref="fl-8"/>
      </object_component>
      <object_component id="oc-121">
         <name>.debug_line</name>
         <load_address>0xb87</load_address>
         <run_address>0xb87</run_address>
         <size>0x58</size>
         <input_file_ref idref="fl-8"/>
      </object_component>
      <object_component id="oc-fa">
         <name>.debug_line</name>
         <load_address>0xbdf</load_address>
         <run_address>0xbdf</run_address>
         <size>0x4a</size>
         <input_file_ref idref="fl-8"/>
      </object_component>
      <object_component id="oc-279">
         <name>.debug_line</name>
         <load_address>0xc29</load_address>
         <run_address>0xc29</run_address>
         <size>0x110</size>
         <input_file_ref idref="fl-9"/>
      </object_component>
      <object_component id="oc-12b">
         <name>.debug_line</name>
         <load_address>0xd39</load_address>
         <run_address>0xd39</run_address>
         <size>0x4c</size>
         <input_file_ref idref="fl-9"/>
      </object_component>
      <object_component id="oc-1f7">
         <name>.debug_line</name>
         <load_address>0xd85</load_address>
         <run_address>0xd85</run_address>
         <size>0x4c</size>
         <input_file_ref idref="fl-9"/>
      </object_component>
      <object_component id="oc-132">
         <name>.debug_line</name>
         <load_address>0xdd1</load_address>
         <run_address>0xdd1</run_address>
         <size>0x5a</size>
         <input_file_ref idref="fl-9"/>
      </object_component>
      <object_component id="oc-107">
         <name>.debug_line</name>
         <load_address>0xe2b</load_address>
         <run_address>0xe2b</run_address>
         <size>0x67</size>
         <input_file_ref idref="fl-9"/>
      </object_component>
      <object_component id="oc-116">
         <name>.debug_line</name>
         <load_address>0xe92</load_address>
         <run_address>0xe92</run_address>
         <size>0x48</size>
         <input_file_ref idref="fl-9"/>
      </object_component>
      <object_component id="oc-10d">
         <name>.debug_line</name>
         <load_address>0xeda</load_address>
         <run_address>0xeda</run_address>
         <size>0x4d</size>
         <input_file_ref idref="fl-9"/>
      </object_component>
      <object_component id="oc-285">
         <name>.debug_line</name>
         <load_address>0xf27</load_address>
         <run_address>0xf27</run_address>
         <size>0x5b</size>
         <input_file_ref idref="fl-c4"/>
      </object_component>
      <object_component id="oc-f6">
         <name>.debug_line</name>
         <load_address>0xf82</load_address>
         <run_address>0xf82</run_address>
         <size>0x92</size>
         <input_file_ref idref="fl-c5"/>
      </object_component>
      <object_component id="oc-64">
         <name>.debug_line</name>
         <load_address>0x1014</load_address>
         <run_address>0x1014</run_address>
         <size>0x56</size>
         <input_file_ref idref="fl-c5"/>
      </object_component>
      <object_component id="oc-b4">
         <name>.debug_line</name>
         <load_address>0x106a</load_address>
         <run_address>0x106a</run_address>
         <size>0x34</size>
         <input_file_ref idref="fl-c5"/>
      </object_component>
      <object_component id="oc-f3">
         <name>.debug_line</name>
         <load_address>0x109e</load_address>
         <run_address>0x109e</run_address>
         <size>0x92</size>
         <input_file_ref idref="fl-c5"/>
      </object_component>
      <object_component id="oc-af">
         <name>.debug_line</name>
         <load_address>0x1130</load_address>
         <run_address>0x1130</run_address>
         <size>0x20</size>
         <input_file_ref idref="fl-c6"/>
      </object_component>
      <object_component id="oc-20">
         <name>.debug_line</name>
         <load_address>0x1150</load_address>
         <run_address>0x1150</run_address>
         <size>0x55</size>
         <input_file_ref idref="fl-c6"/>
      </object_component>
      <object_component id="oc-5c">
         <name>.debug_line</name>
         <load_address>0x11a5</load_address>
         <run_address>0x11a5</run_address>
         <size>0x3a</size>
         <input_file_ref idref="fl-c6"/>
      </object_component>
      <object_component id="oc-ac">
         <name>.debug_line</name>
         <load_address>0x11df</load_address>
         <run_address>0x11df</run_address>
         <size>0x92</size>
         <input_file_ref idref="fl-c6"/>
      </object_component>
      <object_component id="oc-ef">
         <name>.debug_line</name>
         <load_address>0x1271</load_address>
         <run_address>0x1271</run_address>
         <size>0x20</size>
         <input_file_ref idref="fl-c7"/>
      </object_component>
      <object_component id="oc-16">
         <name>.debug_line</name>
         <load_address>0x1291</load_address>
         <run_address>0x1291</run_address>
         <size>0xa9</size>
         <input_file_ref idref="fl-c7"/>
      </object_component>
      <object_component id="oc-4c">
         <name>.debug_line</name>
         <load_address>0x133a</load_address>
         <run_address>0x133a</run_address>
         <size>0x3a</size>
         <input_file_ref idref="fl-c7"/>
      </object_component>
      <object_component id="oc-ec">
         <name>.debug_line</name>
         <load_address>0x1374</load_address>
         <run_address>0x1374</run_address>
         <size>0x9a</size>
         <input_file_ref idref="fl-c7"/>
      </object_component>
      <object_component id="oc-a5">
         <name>.debug_line</name>
         <load_address>0x140e</load_address>
         <run_address>0x140e</run_address>
         <size>0x96</size>
         <input_file_ref idref="fl-c7"/>
      </object_component>
      <object_component id="oc-84">
         <name>.debug_line</name>
         <load_address>0x14a4</load_address>
         <run_address>0x14a4</run_address>
         <size>0x33</size>
         <input_file_ref idref="fl-c9"/>
      </object_component>
      <object_component id="oc-73">
         <name>.debug_line</name>
         <load_address>0x14d7</load_address>
         <run_address>0x14d7</run_address>
         <size>0x45</size>
         <input_file_ref idref="fl-c9"/>
      </object_component>
      <object_component id="oc-2d3">
         <name>.debug_line</name>
         <load_address>0x151c</load_address>
         <run_address>0x151c</run_address>
         <size>0x37</size>
         <input_file_ref idref="fl-ca"/>
      </object_component>
      <object_component id="oc-54">
         <name>.debug_line</name>
         <load_address>0x1553</load_address>
         <run_address>0x1553</run_address>
         <size>0x88</size>
         <input_file_ref idref="fl-cb"/>
      </object_component>
      <object_component id="oc-29f">
         <name>.debug_line</name>
         <load_address>0x15db</load_address>
         <run_address>0x15db</run_address>
         <size>0xbf</size>
         <input_file_ref idref="fl-cd"/>
      </object_component>
      <object_component id="oc-148">
         <name>.debug_line</name>
         <load_address>0x169a</load_address>
         <run_address>0x169a</run_address>
         <size>0x6f</size>
         <input_file_ref idref="fl-cd"/>
      </object_component>
      <object_component id="oc-2a3">
         <name>.debug_line</name>
         <load_address>0x1709</load_address>
         <run_address>0x1709</run_address>
         <size>0x2e</size>
         <input_file_ref idref="fl-cd"/>
      </object_component>
      <object_component id="oc-2db">
         <name>.debug_line</name>
         <load_address>0x1737</load_address>
         <run_address>0x1737</run_address>
         <size>0x9a</size>
         <input_file_ref idref="fl-cd"/>
      </object_component>
      <object_component id="oc-2a8">
         <name>.debug_line</name>
         <load_address>0x17d1</load_address>
         <run_address>0x17d1</run_address>
         <size>0x97</size>
         <input_file_ref idref="fl-cd"/>
      </object_component>
      <object_component id="oc-2ad">
         <name>.debug_line</name>
         <load_address>0x1868</load_address>
         <run_address>0x1868</run_address>
         <size>0x93</size>
         <input_file_ref idref="fl-cd"/>
      </object_component>
      <object_component id="oc-be">
         <name>.debug_line</name>
         <load_address>0x18fb</load_address>
         <run_address>0x18fb</run_address>
         <size>0x40</size>
         <input_file_ref idref="fl-ce"/>
      </object_component>
      <object_component id="oc-139">
         <name>.debug_line</name>
         <load_address>0x193b</load_address>
         <run_address>0x193b</run_address>
         <size>0x3c</size>
         <input_file_ref idref="fl-d0"/>
      </object_component>
      <object_component id="oc-d9">
         <name>.debug_line</name>
         <load_address>0x1977</load_address>
         <run_address>0x1977</run_address>
         <size>0x69</size>
         <input_file_ref idref="fl-d3"/>
      </object_component>
      <object_component id="oc-2bb">
         <name>.debug_line</name>
         <load_address>0x19e0</load_address>
         <run_address>0x19e0</run_address>
         <size>0x82</size>
         <input_file_ref idref="fl-d4"/>
      </object_component>
      <object_component id="oc-2be">
         <name>.debug_line</name>
         <load_address>0x1a62</load_address>
         <run_address>0x1a62</run_address>
         <size>0x7d</size>
         <input_file_ref idref="fl-d4"/>
      </object_component>
      <object_component id="oc-1cc">
         <name>.debug_line</name>
         <load_address>0x1adf</load_address>
         <run_address>0x1adf</run_address>
         <size>0x92</size>
         <input_file_ref idref="fl-d4"/>
      </object_component>
      <object_component id="oc-245">
         <name>.debug_line</name>
         <load_address>0x1b71</load_address>
         <run_address>0x1b71</run_address>
         <size>0x95</size>
         <input_file_ref idref="fl-d4"/>
      </object_component>
      <object_component id="oc-23e">
         <name>.debug_line</name>
         <load_address>0x1c06</load_address>
         <run_address>0x1c06</run_address>
         <size>0xd1</size>
         <input_file_ref idref="fl-d4"/>
      </object_component>
      <object_component id="oc-1a1">
         <name>.debug_line</name>
         <load_address>0x1cd7</load_address>
         <run_address>0x1cd7</run_address>
         <size>0x93</size>
         <input_file_ref idref="fl-d4"/>
      </object_component>
      <object_component id="oc-1d2">
         <name>.debug_line</name>
         <load_address>0x1d6a</load_address>
         <run_address>0x1d6a</run_address>
         <size>0x93</size>
         <input_file_ref idref="fl-d4"/>
      </object_component>
      <object_component id="oc-188">
         <name>.debug_line</name>
         <load_address>0x1dfd</load_address>
         <run_address>0x1dfd</run_address>
         <size>0x99</size>
         <input_file_ref idref="fl-d4"/>
      </object_component>
      <object_component id="oc-19b">
         <name>.debug_line</name>
         <load_address>0x1e96</load_address>
         <run_address>0x1e96</run_address>
         <size>0xa7</size>
         <input_file_ref idref="fl-d4"/>
      </object_component>
      <object_component id="oc-2c3">
         <name>.debug_line</name>
         <load_address>0x1f3d</load_address>
         <run_address>0x1f3d</run_address>
         <size>0x7c</size>
         <input_file_ref idref="fl-d5"/>
      </object_component>
      <object_component id="oc-2c1">
         <name>.debug_line</name>
         <load_address>0x1fb9</load_address>
         <run_address>0x1fb9</run_address>
         <size>0x82</size>
         <input_file_ref idref="fl-d5"/>
      </object_component>
      <object_component id="oc-192">
         <name>.debug_line</name>
         <load_address>0x203b</load_address>
         <run_address>0x203b</run_address>
         <size>0x97</size>
         <input_file_ref idref="fl-d5"/>
      </object_component>
      <object_component id="oc-1ad">
         <name>.debug_line</name>
         <load_address>0x20d2</load_address>
         <run_address>0x20d2</run_address>
         <size>0xc2</size>
         <input_file_ref idref="fl-d5"/>
      </object_component>
      <object_component id="oc-2cd">
         <name>.debug_line</name>
         <load_address>0x2194</load_address>
         <run_address>0x2194</run_address>
         <size>0x82</size>
         <input_file_ref idref="fl-d6"/>
      </object_component>
      <object_component id="oc-1e4">
         <name>.debug_line</name>
         <load_address>0x2216</load_address>
         <run_address>0x2216</run_address>
         <size>0x9e</size>
         <input_file_ref idref="fl-d6"/>
      </object_component>
      <object_component id="oc-214">
         <name>.debug_line</name>
         <load_address>0x22b4</load_address>
         <run_address>0x22b4</run_address>
         <size>0x95</size>
         <input_file_ref idref="fl-d6"/>
      </object_component>
      <object_component id="oc-1de">
         <name>.debug_line</name>
         <load_address>0x2349</load_address>
         <run_address>0x2349</run_address>
         <size>0x96</size>
         <input_file_ref idref="fl-d6"/>
      </object_component>
      <object_component id="oc-1e7">
         <name>.debug_line</name>
         <load_address>0x23df</load_address>
         <run_address>0x23df</run_address>
         <size>0x91</size>
         <input_file_ref idref="fl-d6"/>
      </object_component>
      <object_component id="oc-1d8">
         <name>.debug_line</name>
         <load_address>0x2470</load_address>
         <run_address>0x2470</run_address>
         <size>0x9b</size>
         <input_file_ref idref="fl-d6"/>
      </object_component>
      <object_component id="oc-2b2">
         <name>.debug_line</name>
         <load_address>0x250b</load_address>
         <run_address>0x250b</run_address>
         <size>0x13d</size>
         <input_file_ref idref="fl-d7"/>
      </object_component>
      <object_component id="oc-28e">
         <name>.debug_line</name>
         <load_address>0x2648</load_address>
         <run_address>0x2648</run_address>
         <size>0x7f</size>
         <input_file_ref idref="fl-d7"/>
      </object_component>
      <object_component id="oc-182">
         <name>.debug_line</name>
         <load_address>0x26c7</load_address>
         <run_address>0x26c7</run_address>
         <size>0x94</size>
         <input_file_ref idref="fl-d7"/>
      </object_component>
      <object_component id="oc-1c6">
         <name>.debug_line</name>
         <load_address>0x275b</load_address>
         <run_address>0x275b</run_address>
         <size>0x94</size>
         <input_file_ref idref="fl-d7"/>
      </object_component>
      <object_component id="oc-18f">
         <name>.debug_line</name>
         <load_address>0x27ef</load_address>
         <run_address>0x27ef</run_address>
         <size>0xee</size>
         <input_file_ref idref="fl-d7"/>
      </object_component>
      <object_component id="oc-127">
         <name>.debug_line</name>
         <load_address>0x28dd</load_address>
         <run_address>0x28dd</run_address>
         <size>0x11a</size>
         <input_file_ref idref="fl-d7"/>
      </object_component>
      <object_component id="oc-2b6">
         <name>.debug_line</name>
         <load_address>0x29f7</load_address>
         <run_address>0x29f7</run_address>
         <size>0x7f</size>
         <input_file_ref idref="fl-d7"/>
      </object_component>
      <object_component id="oc-176">
         <name>.debug_line</name>
         <load_address>0x2a76</load_address>
         <run_address>0x2a76</run_address>
         <size>0x82</size>
         <input_file_ref idref="fl-d8"/>
      </object_component>
      <object_component id="oc-8d">
         <name>.debug_line</name>
         <load_address>0x2af8</load_address>
         <run_address>0x2af8</run_address>
         <size>0x92</size>
         <input_file_ref idref="fl-d8"/>
      </object_component>
      <object_component id="oc-1b3">
         <name>.debug_line</name>
         <load_address>0x2b8a</load_address>
         <run_address>0x2b8a</run_address>
         <size>0x92</size>
         <input_file_ref idref="fl-d8"/>
      </object_component>
      <object_component id="oc-93">
         <name>.debug_line</name>
         <load_address>0x2c1c</load_address>
         <run_address>0x2c1c</run_address>
         <size>0x92</size>
         <input_file_ref idref="fl-d8"/>
      </object_component>
      <object_component id="oc-1b9">
         <name>.debug_line</name>
         <load_address>0x2cae</load_address>
         <run_address>0x2cae</run_address>
         <size>0x93</size>
         <input_file_ref idref="fl-d8"/>
      </object_component>
      <object_component id="oc-259">
         <name>.debug_line</name>
         <load_address>0x2d41</load_address>
         <run_address>0x2d41</run_address>
         <size>0x96</size>
         <input_file_ref idref="fl-d8"/>
      </object_component>
      <object_component id="oc-1a7">
         <name>.debug_line</name>
         <load_address>0x2dd7</load_address>
         <run_address>0x2dd7</run_address>
         <size>0xb3</size>
         <input_file_ref idref="fl-d8"/>
      </object_component>
      <object_component id="oc-24d">
         <name>.debug_line</name>
         <load_address>0x2e8a</load_address>
         <run_address>0x2e8a</run_address>
         <size>0x91</size>
         <input_file_ref idref="fl-d9"/>
      </object_component>
      <object_component id="oc-c8">
         <name>.debug_frame</name>
         <load_address>0x0</load_address>
         <run_address>0x0</run_address>
         <size>0x58</size>
         <input_file_ref idref="fl-2"/>
      </object_component>
      <object_component id="oc-29">
         <name>.debug_frame</name>
         <load_address>0x58</load_address>
         <run_address>0x58</run_address>
         <size>0x54</size>
         <input_file_ref idref="fl-3"/>
      </object_component>
      <object_component id="oc-2e">
         <name>.debug_frame</name>
         <load_address>0xac</load_address>
         <run_address>0xac</run_address>
         <size>0x54</size>
         <input_file_ref idref="fl-3"/>
      </object_component>
      <object_component id="oc-3e">
         <name>.debug_frame</name>
         <load_address>0x100</load_address>
         <run_address>0x100</run_address>
         <size>0x54</size>
         <input_file_ref idref="fl-3"/>
      </object_component>
      <object_component id="oc-38">
         <name>.debug_frame</name>
         <load_address>0x154</load_address>
         <run_address>0x154</run_address>
         <size>0x54</size>
         <input_file_ref idref="fl-3"/>
      </object_component>
      <object_component id="oc-27f">
         <name>.debug_frame</name>
         <load_address>0x1a8</load_address>
         <run_address>0x1a8</run_address>
         <size>0x60</size>
         <input_file_ref idref="fl-4"/>
      </object_component>
      <object_component id="oc-1ff">
         <name>.debug_frame</name>
         <load_address>0x208</load_address>
         <run_address>0x208</run_address>
         <size>0x6c</size>
         <input_file_ref idref="fl-4"/>
      </object_component>
      <object_component id="oc-11b">
         <name>.debug_frame</name>
         <load_address>0x274</load_address>
         <run_address>0x274</run_address>
         <size>0x6c</size>
         <input_file_ref idref="fl-4"/>
      </object_component>
      <object_component id="oc-1c0">
         <name>.debug_frame</name>
         <load_address>0x2e0</load_address>
         <run_address>0x2e0</run_address>
         <size>0x60</size>
         <input_file_ref idref="fl-4"/>
      </object_component>
      <object_component id="oc-44">
         <name>.debug_frame</name>
         <load_address>0x340</load_address>
         <run_address>0x340</run_address>
         <size>0x58</size>
         <input_file_ref idref="fl-5"/>
      </object_component>
      <object_component id="oc-104">
         <name>.debug_frame</name>
         <load_address>0x398</load_address>
         <run_address>0x398</run_address>
         <size>0x58</size>
         <input_file_ref idref="fl-6"/>
      </object_component>
      <object_component id="oc-122">
         <name>.debug_frame</name>
         <load_address>0x3f0</load_address>
         <run_address>0x3f0</run_address>
         <size>0x54</size>
         <input_file_ref idref="fl-8"/>
      </object_component>
      <object_component id="oc-fe">
         <name>.debug_frame</name>
         <load_address>0x444</load_address>
         <run_address>0x444</run_address>
         <size>0x58</size>
         <input_file_ref idref="fl-8"/>
      </object_component>
      <object_component id="oc-12f">
         <name>.debug_frame</name>
         <load_address>0x49c</load_address>
         <run_address>0x49c</run_address>
         <size>0x58</size>
         <input_file_ref idref="fl-9"/>
      </object_component>
      <object_component id="oc-1f6">
         <name>.debug_frame</name>
         <load_address>0x4f4</load_address>
         <run_address>0x4f4</run_address>
         <size>0x58</size>
         <input_file_ref idref="fl-9"/>
      </object_component>
      <object_component id="oc-131">
         <name>.debug_frame</name>
         <load_address>0x54c</load_address>
         <run_address>0x54c</run_address>
         <size>0x60</size>
         <input_file_ref idref="fl-9"/>
      </object_component>
      <object_component id="oc-106">
         <name>.debug_frame</name>
         <load_address>0x5ac</load_address>
         <run_address>0x5ac</run_address>
         <size>0x64</size>
         <input_file_ref idref="fl-9"/>
      </object_component>
      <object_component id="oc-112">
         <name>.debug_frame</name>
         <load_address>0x610</load_address>
         <run_address>0x610</run_address>
         <size>0x54</size>
         <input_file_ref idref="fl-9"/>
      </object_component>
      <object_component id="oc-10c">
         <name>.debug_frame</name>
[...]
            <object_component_ref idref="oc-13b"/>
            <object_component_ref idref="oc-252"/>
            <object_component_ref idref="oc-1ca"/>
            <object_component_ref idref="oc-242"/>
            <object_component_ref idref="oc-23c"/>
            <object_component_ref idref="oc-19f"/>
            <object_component_ref idref="oc-1d0"/>
            <object_component_ref idref="oc-186"/>
            <object_component_ref idref="oc-19a"/>
            <object_component_ref idref="oc-25e"/>
            <object_component_ref idref="oc-194"/>
            <object_component_ref idref="oc-1ac"/>
            <object_component_ref idref="oc-1e3"/>
            <object_component_ref idref="oc-213"/>
            <object_component_ref idref="oc-1dd"/>
            <object_component_ref idref="oc-1ea"/>
            <object_component_ref idref="oc-1d7"/>
            <object_component_ref idref="oc-20e"/>
            <object_component_ref idref="oc-180"/>
            <object_component_ref idref="oc-1c4"/>
            <object_component_ref idref="oc-18d"/>
            <object_component_ref idref="oc-125"/>
            <object_component_ref idref="oc-8c"/>
            <object_component_ref idref="oc-1b2"/>
            <object_component_ref idref="oc-92"/>
            <object_component_ref idref="oc-1b8"/>
            <object_component_ref idref="oc-257"/>
            <object_component_ref idref="oc-1a5"/>
            <object_component_ref idref="oc-24b"/>
         </contents>
      </logical_group>
      <logical_group id="lg-304" display="never" color="cyan">
         <name>.debug_pubtypes</name>
         <load_address>0x0</load_address>
         <run_address>0x0</run_address>
         <size>0xccf</size>
         <contents>
            <object_component_ref idref="oc-9e"/>
            <object_component_ref idref="oc-4f"/>
            <object_component_ref idref="oc-e3"/>
            <object_component_ref idref="oc-97"/>
            <object_component_ref idref="oc-203"/>
            <object_component_ref idref="oc-17a"/>
            <object_component_ref idref="oc-dc"/>
            <object_component_ref idref="oc-b2"/>
            <object_component_ref idref="oc-f1"/>
            <object_component_ref idref="oc-5a"/>
            <object_component_ref idref="oc-aa"/>
            <object_component_ref idref="oc-4a"/>
            <object_component_ref idref="oc-ea"/>
            <object_component_ref idref="oc-a3"/>
            <object_component_ref idref="oc-2a1"/>
            <object_component_ref idref="oc-2d9"/>
            <object_component_ref idref="oc-2a6"/>
            <object_component_ref idref="oc-2ab"/>
            <object_component_ref idref="oc-d7"/>
            <object_component_ref idref="oc-2b4"/>
         </contents>
      </logical_group>
      <logical_group id="lg-312" display="no" color="cyan">
         <name>Veneer$$CMSE</name>
         <run_address>0x0</run_address>
         <size>0x0</size>
         <contents>
         </contents>
      </logical_group>
      <load_segment id="lg-319" display="no" color="cyan">
         <name>SEGMENT_0</name>
         <load_address>0x0</load_address>
         <run_address>0x0</run_address>
         <size>0x11c8</size>
         <flags>0x5</flags>
         <contents>
            <logical_group_ref idref="lg-3"/>
            <logical_group_ref idref="lg-4"/>
            <logical_group_ref idref="lg-5"/>
            <logical_group_ref idref="lg-6"/>
         </contents>
      </load_segment>
      <load_segment id="lg-31a" display="no" color="cyan">
         <name>SEGMENT_1</name>
         <run_address>0x20000000</run_address>
         <size>0x112</size>
         <flags>0x6</flags>
         <contents>
            <logical_group_ref idref="lg-d"/>
            <logical_group_ref idref="lg-b"/>
            <logical_group_ref idref="lg-a"/>
         </contents>
      </load_segment>
   </logical_group_list>
   <placement_map>
      <memory_area display="yes" color="green">
         <name>FLASH</name>
         <page_id>0x0</page_id>
         <origin>0x0</origin>
         <length>0x40000</length>
         <used_space>0x11c4</used_space>
         <unused_space>0x3ee3c</unused_space>
         <attributes>RX</attributes>
         <usage_details>
            <allocated_space>
               <start_address>0x0</start_address>
               <size>0x26c</size>
               <logical_group_ref idref="lg-3"/>
            </allocated_space>
            <allocated_space>
               <start_address>0x26c</start_address>
               <size>0xda4</size>
               <logical_group_ref idref="lg-4"/>
            </allocated_space>
            <allocated_space>
               <start_address>0x1010</start_address>
               <size>0x184</size>
               <logical_group_ref idref="lg-5"/>
            </allocated_space>
            <available_space>
               <start_address>0x1194</start_address>
               <size>0x4</size>
            </available_space>
            <allocated_space>
               <start_address>0x1198</start_address>
               <size>0x30</size>
               <logical_group_ref idref="lg-6"/>
            </allocated_space>
            <available_space>
               <start_address>0x11c8</start_address>
               <size>0x3ee38</size>
            </available_space>
         </usage_details>
      </memory_area>
      <memory_area display="yes" color="green">
         <name>SRAM</name>
         <page_id>0x0</page_id>
         <origin>0x20000000</origin>
         <length>0x8000</length>
         <used_space>0x110</used_space>
         <unused_space>0x7ef0</unused_space>
         <attributes>RWX</attributes>
         <usage_details>
            <allocated_space>
               <start_address>0x20000000</start_address>
               <size>0x0</size>
               <logical_group_ref idref="lg-2e7"/>
            </allocated_space>
            <allocated_space>
               <start_address>0x20000000</start_address>
               <size>0x100</size>
               <logical_group_ref idref="lg-d"/>
            </allocated_space>
            <allocated_space>
               <start_address>0x20000100</start_address>
               <size>0xa</size>
               <logical_group_ref idref="lg-b"/>
            </allocated_space>
            <available_space>
               <start_address>0x2000010a</start_address>
               <size>0x2</size>
            </available_space>
            <allocated_space>
               <start_address>0x2000010c</start_address>
               <size>0x6</size>
               <logical_group_ref idref="lg-a"/>
            </allocated_space>
            <available_space>
               <start_address>0x20000112</start_address>
               <size>0x7eee</size>
            </available_space>
         </usage_details>
      </memory_area>
   </placement_map>
   <cptbl_list>
      <cptbl>
         <name>__TI_cinit_table</name>
         <cprec>
            <name>.bss</name>
            <load_address>0x11a8</load_address>
            <load_size>0x8</load_size>
            <run_address>0x20000100</run_address>
            <run_size>0xa</run_size>
            <compression>zero_init</compression>
         </cprec>
         <cprec>
            <name>.data</name>
            <load_address>0x11b0</load_address>
            <load_size>0x7</load_size>
            <run_address>0x2000010c</run_address>
            <run_size>0x6</run_size>
            <compression>lzss</compression>
         </cprec>
      </cptbl>
   </cptbl_list>
   <handler_table>
      <handler_table_name>__TI_handler_table</handler_table_name>
      <handler>
         <index>0x0</index>
         <name>__TI_decompress_lzss</name>
      </handler>
      <handler>
         <index>0x1</index>
         <name>__TI_decompress_none</name>
      </handler>
      <handler>
         <index>0x2</index>
         <name>__TI_zero_init</name>
      </handler>
   </handler_table>
   <symbol_table>
      <symbol id="sm-1">
         <name>__STACK_TOP</name>
         <value>0x20000100</value>
      </symbol>
      <symbol id="sm-2">
         <name>__start___llvm_prf_cnts</name>
         <value>0x20000000</value>
      </symbol>
      <symbol id="sm-3">
         <name>__stop___llvm_prf_cnts</name>
         <value>0x20000000</value>
      </symbol>
      <symbol id="sm-4">
         <name>__TI_CINIT_Base</name>
         <value>0x11b8</value>
      </symbol>
      <symbol id="sm-5">
         <name>__TI_CINIT_Limit</name>
         <value>0x11c8</value>
      </symbol>
      <symbol id="sm-6">
         <name>__TI_Handler_Table_Base</name>
         <value>0x1198</value>
      </symbol>
      <symbol id="sm-7">
         <name>__TI_Handler_Table_Limit</name>
         <value>0x11a4</value>
      </symbol>
      <symbol id="sm-8">
         <name>binit</name>
         <value>0xffffffff</value>
      </symbol>
      <symbol id="sm-9">
         <name>__binit__</name>
         <value>0xffffffff</value>
      </symbol>
      <symbol id="sm-a">
         <name>__STACK_SIZE</name>
         <value>0x100</value>
      </symbol>
      <symbol id="sm-b">
         <name>__STACK_END</name>
         <value>0x20000100</value>
      </symbol>
      <symbol id="sm-c">
         <name>__c_args__</name>
         <value>0xffffffff</value>
      </symbol>
      <symbol id="sm-d">
         <name>__TI_pprof_out_hndl</name>
         <value>0xffffffff</value>
      </symbol>
      <symbol id="sm-e">
         <name>__TI_prof_data_start</name>
         <value>0xffffffff</value>
      </symbol>
      <symbol id="sm-f">
         <name>__TI_prof_data_size</name>
         <value>0xffffffff</value>
      </symbol>
      <symbol id="sm-55">
         <name>duty_cycle</name>
         <value>0x20000108</value>
      </symbol>
      <symbol id="sm-56">
         <name>val_load</name>
         <value>0x20000104</value>
      </symbol>
      <symbol id="sm-57">
         <name>pwm_clk</name>
         <value>0x20000100</value>
      </symbol>
      <symbol id="sm-58">
         <name>main</name>
         <value>0xa9d</value>
         <object_component_ref idref="oc-c3"/>
      </symbol>
      <symbol id="sm-89">
         <name>ResetISR</name>
         <value>0xff9</value>
         <object_component_ref idref="oc-27"/>
      </symbol>
      <symbol id="sm-8a">
         <name>g_pfnVectors</name>
         <value>0x0</value>
         <object_component_ref idref="oc-12"/>
      </symbol>
      <symbol id="sm-f8">
         <name>UARTStdioConfig</name>
         <value>0xb01</value>
         <object_component_ref idref="oc-1bb"/>
      </symbol>
      <symbol id="sm-f9">
         <name>UARTwrite</name>
         <value>0xbfd</value>
         <object_component_ref idref="oc-27b"/>
      </symbol>
      <symbol id="sm-fa">
         <name>UARTprintf</name>
         <value>0xefd</value>
         <object_component_ref idref="oc-117"/>
      </symbol>
      <symbol id="sm-fb">
         <name>UARTvprintf</name>
         <value>0x26d</value>
         <object_component_ref idref="oc-1fa"/>
      </symbol>
      <symbol id="sm-10c">
         <name>Bluetooth_IntHandler</name>
         <value>0xec5</value>
         <object_component_ref idref="oc-3f"/>
      </symbol>
      <symbol id="sm-11e">
         <name>Console_Init</name>
         <value>0x935</value>
         <object_component_ref idref="oc-ff"/>
      </symbol>
      <symbol id="sm-140">
         <name>LED_Toggle</name>
         <value>0xda5</value>
         <object_component_ref idref="oc-11d"/>
      </symbol>
      <symbol id="sm-141">
         <name>LED_Init</name>
         <value>0xd79</value>
         <object_component_ref idref="oc-f9"/>
      </symbol>
      <symbol id="sm-142">
         <name>LED_STATE</name>
         <value>0x20000111</value>
         <object_component_ref idref="oc-207"/>
      </symbol>
      <symbol id="sm-192">
         <name>Motor_SetSpeed</name>
         <value>0xb61</value>
         <object_component_ref idref="oc-130"/>
      </symbol>
      <symbol id="sm-193">
         <name>Motor_GetSpeed</name>
         <value>0xfc9</value>
         <object_component_ref idref="oc-111"/>
      </symbol>
      <symbol id="sm-194">
         <name>Motor_Init</name>
         <value>0x69d</value>
         <object_component_ref idref="oc-105"/>
      </symbol>
      <symbol id="sm-195">
         <name>Motor_Stop</name>
         <value>0xe65</value>
         <object_component_ref idref="oc-12a"/>
      </symbol>
      <symbol id="sm-196">
         <name>Motor_Forward</name>
         <value>0xdfd</value>
         <object_component_ref idref="oc-10b"/>
      </symbol>
      <symbol id="sm-197">
         <name>Motor_Start</name>
         <value>0xe45</value>
         <object_component_ref idref="oc-1f2"/>
      </symbol>
      <symbol id="sm-1a6">
         <name>__aeabi_uidivmod</name>
         <value>0xcd1</value>
         <object_component_ref idref="oc-281"/>
      </symbol>
      <symbol id="sm-1a7">
         <name>__aeabi_uidiv</name>
         <value>0xcd1</value>
         <object_component_ref idref="oc-281"/>
      </symbol>
      <symbol id="sm-1c0">
         <name>__TI_zero_init_nomemset</name>
         <value>0xee1</value>
         <object_component_ref idref="oc-5f"/>
      </symbol>
      <symbol id="sm-1d7">
         <name>__TI_decompress_none</name>
         <value>0xfaf</value>
         <object_component_ref idref="oc-1b"/>
      </symbol>
      <symbol id="sm-1fa">
         <name>__TI_decompress_lzss</name>
         <value>0xa35</value>
         <object_component_ref idref="oc-15"/>
      </symbol>
      <symbol id="sm-20e">
         <name>__stack</name>
         <value>0x20000000</value>
         <object_component_ref idref="oc-24"/>
      </symbol>
      <symbol id="sm-20f">
         <name>_c_int00_noargs</name>
         <value>0xd45</value>
         <object_component_ref idref="oc-71"/>
      </symbol>
      <symbol id="sm-219">
         <name>__aeabi_idiv0</name>
         <value>0xec3</value>
         <object_component_ref idref="oc-2cf"/>
      </symbol>
      <symbol id="sm-21a">
         <name>__aeabi_ldiv0</name>
         <value>0xec3</value>
         <object_component_ref idref="oc-2cf"/>
      </symbol>
      <symbol id="sm-235">
         <name>memcpy</name>
         <value>0x899</value>
         <object_component_ref idref="oc-53"/>
      </symbol>
      <symbol id="sm-236">
         <name>__aeabi_memcpy</name>
         <value>0x899</value>
         <object_component_ref idref="oc-53"/>
      </symbol>
      <symbol id="sm-237">
         <name>__aeabi_memcpy8</name>
         <value>0x899</value>
         <object_component_ref idref="oc-53"/>
      </symbol>
      <symbol id="sm-238">
         <name>__aeabi_memcpy4</name>
         <value>0x899</value>
         <object_component_ref idref="oc-53"/>
      </symbol>
      <symbol id="sm-261">
         <name>__TI_auto_init_nobinit_nopinit</name>
         <value>0xc8d</value>
         <object_component_ref idref="oc-143"/>
      </symbol>
      <symbol id="sm-26b">
         <name>_system_pre_init</name>
         <value>0x1009</value>
         <object_component_ref idref="oc-bd"/>
      </symbol>
      <symbol id="sm-277">
         <name>C$$EXIT</name>
         <value>0x100d</value>
         <object_component_ref idref="oc-137"/>
      </symbol>
      <symbol id="sm-278">
         <name>abort</name>
         <value>0x100d</value>
         <object_component_ref idref="oc-137"/>
      </symbol>
      <symbol id="sm-2ca">
         <name>GPIOPinTypePWM</name>
         <value>0xf59</value>
         <object_component_ref idref="oc-1ce"/>
      </symbol>
      <symbol id="sm-2cb">
         <name>GPIOPinConfigure</name>
         <value>0xbb5</value>
         <object_component_ref idref="oc-197"/>
      </symbol>
      <symbol id="sm-2cc">
         <name>GPIOPinTypeUART</name>
         <value>0xf6b</value>
         <object_component_ref idref="oc-19d"/>
      </symbol>
      <symbol id="sm-2cd">
         <name>GPIOPinTypeGPIOOutput</name>
         <value>0xf17</value>
         <object_component_ref idref="oc-184"/>
      </symbol>
      <symbol id="sm-2ce">
         <name>GPIODirModeSet</name>
         <value>0xdd1</value>
         <object_component_ref idref="oc-240"/>
      </symbol>
      <symbol id="sm-2cf">
         <name>GPIOPinWrite</name>
         <value>0xff3</value>
         <object_component_ref idref="oc-1c8"/>
      </symbol>
      <symbol id="sm-2d0">
         <name>GPIOPadConfigSet</name>
         <value>0x45b</value>
         <object_component_ref idref="oc-23a"/>
      </symbol>
      <symbol id="sm-300">
         <name>IntEnable</name>
         <value>0x9cd</value>
         <object_component_ref idref="oc-1a9"/>
      </symbol>
      <symbol id="sm-301">
         <name>IntMasterEnable</name>
         <value>0xf8f</value>
         <object_component_ref idref="oc-191"/>
      </symbol>
      <symbol id="sm-32e">
         <name>PWMGenPeriodSet</name>
         <value>0xf9f</value>
         <object_component_ref idref="oc-1da"/>
      </symbol>
      <symbol id="sm-32f">
         <name>PWMPulseWidthSet</name>
         <value>0xea5</value>
         <object_component_ref idref="oc-1e0"/>
      </symbol>
      <symbol id="sm-330">
         <name>PWMOutputState</name>
         <value>0xf7d</value>
         <object_component_ref idref="oc-210"/>
      </symbol>
      <symbol id="sm-331">
         <name>PWMGenEnable</name>
         <value>0xfd5</value>
         <object_component_ref idref="oc-1e6"/>
      </symbol>
      <symbol id="sm-332">
         <name>PWMGenConfigure</name>
         <value>0xe21</value>
         <object_component_ref idref="oc-1d4"/>
      </symbol>
      <symbol id="sm-38e">
         <name>SysCtlClockSet</name>
         <value>0x7a5</value>
         <object_component_ref idref="oc-18b"/>
      </symbol>
      <symbol id="sm-38f">
         <name>SysCtlDelay</name>
         <value>0xfff</value>
         <object_component_ref idref="oc-129"/>
      </symbol>
      <symbol id="sm-390">
         <name>SysCtlPeripheralEnable</name>
         <value>0xd11</value>
         <object_component_ref idref="oc-17e"/>
      </symbol>
      <symbol id="sm-391">
         <name>SysCtlClockGet</name>
         <value>0x58d</value>
         <object_component_ref idref="oc-123"/>
      </symbol>
      <symbol id="sm-392">
         <name>SysCtlPWMClockSet</name>
         <value>0xf31</value>
         <object_component_ref idref="oc-1c2"/>
      </symbol>
      <symbol id="sm-3cb">
         <name>UARTConfigSetExpClk</name>
         <value>0xc45</value>
         <object_component_ref idref="oc-1a3"/>
      </symbol>
      <symbol id="sm-3cc">
         <name>UARTDisable</name>
         <value>0xe85</value>
         <object_component_ref idref="oc-255"/>
      </symbol>
      <symbol id="sm-3cd">
         <name>UARTIntEnable</name>
         <value>0xfeb</value>
         <object_component_ref idref="oc-1af"/>
      </symbol>
      <symbol id="sm-3ce">
         <name>UARTEnable</name>
         <value>0xf45</value>
         <object_component_ref idref="oc-1b5"/>
      </symbol>
      <symbol id="sm-3cf">
         <name>UARTIntClear</name>
         <value>0x1005</value>
         <object_component_ref idref="oc-8f"/>
      </symbol>
      <symbol id="sm-3d0">
         <name>UARTIntStatus</name>
         <value>0xfe1</value>
         <object_component_ref idref="oc-89"/>
      </symbol>
      <symbol id="sm-3da">
         <name>CPUcpsie</name>
         <value>0xfbd</value>
         <object_component_ref idref="oc-249"/>
      </symbol>
      <symbol id="sm-3db">
         <name>__TI_static_base__</name>
         <value>0x0</value>
      </symbol>
      <symbol id="sm-3de">
         <name>__mpu_init</name>
         <value>0x0</value>
      </symbol>
      <symbol id="sm-3df">
         <name>_system_post_cinit</name>
         <value>0x0</value>
      </symbol>
   </symbol_table>
   <title>Link successful</title>
</link_info>
