******************************************************************************
                  TI ARM Linker PC v20.2.5                     
******************************************************************************
>> Linked Mon Nov  7 16:52:04 2022

OUTPUT FILE NAME:   <ECE_4437_Robot_v1.out>
ENTRY POINT SYMBOL: "_c_int00"  address: 00005ae9


MEMORY CONFIGURATION

         name            origin    length      used     unused   attr    fill
----------------------  --------  ---------  --------  --------  ----  --------
  FLASH                 00000000   00040000  00009f9e  00036062  R  X
  SRAM                  20000000   00008000  000023ab  00005c55  RW X


SEGMENT ALLOCATION MAP

run origin  load origin   length   init length attrs members
----------  ----------- ---------- ----------- ----- -------
00000000    00000000    00009fa8   00009fa8    r-x
  00000000    00000000    0000003c   0000003c    r-- .resetVecs
  00000040    00000040    00007c82   00007c82    r-x .text
  00007cc4    00007cc4    00002050   00002050    r-- .const
  00009d18    00009d18    00000290   00000290    r-- .cinit
20000000    20000000    000023b0   00000000    rw-
  20000000    20000000    00000360   00000000    rw- .vecs
  20000360    20000360    00001741   00000000    rw- .bss
  20001aa4    20001aa4    0000060a   00000000    rw- .data
  200020b0    200020b0    00000300   00000000    rw- .stack


SECTION ALLOCATION MAP

 output                                  attributes/
section   page    origin      length       input sections
--------  ----  ----------  ----------   ----------------
.text      0    00000040    00007c82     
                  00000040    00000a4e     rtsv7M4_T_le_v4SPD16_eabi.lib : _printfi.c.obj (.text:__TI_printfi)
                  00000a8e    00000002                                   : _lock.c.obj (.text:_nop)
                  00000a90    00000430     sysbios.aem4f : BIOS.obj (.text:ti_sysbios_family_arm_m3_Hwi_excDumpRegs__I)
                  00000ec0    0000034c     ti.targets.arm.rtsarm.aem4f : System.oem4f (.text:xdc_runtime_System_doPrint__I)
                  0000120c    0000030c     uartstdio.obj (.text:UARTvprintf)
                  00001518    000002d0     sysbios.aem4f : BIOS.obj (.text:ti_sysbios_knl_Semaphore_pend__E)
                  000017e8    00000270     rtsv7M4_T_le_v4SPD16_eabi.lib : _printfi.c.obj (.text:_pconv_a)
                  00001a58    0000026c     sysbios.aem4f : BIOS.obj (.text:ti_sysbios_heaps_HeapMem_free__E)
                  00001cc4    00000004     driverlib.lib : timer.obj (.text:TimerIntClear)
                  00001cc8    00000250     sysbios.aem4f : BIOS.obj (.text:ti_sysbios_heaps_HeapMem_alloc__E)
                  00001f18    000001f4                   : BIOS.obj (.text:ti_sysbios_family_arm_m3_Hwi_excHandlerMax__I)
                  0000210c    000001d0     rtsv7M4_T_le_v4SPD16_eabi.lib : _printfi.c.obj (.text:_pconv_g)
                  000022dc    000001b6                                   : fd_add_t2.asm.obj (.text)
                  00002492    00000002                                   : div0.asm.obj (.text)
                  00002494    0000018c     pid.obj (.text:PID_Follow)
                  00002620    00000174     sysbios.aem4f : BIOS.obj (.text:ti_sysbios_family_arm_m3_Hwi_excBusFault__I)
                  00002794    00000004     driverlib.lib : uart.obj (.text:UARTIntClear)
                  00002798    00000164     sysbios.aem4f : BIOS.obj (.text:ti_sysbios_family_arm_m3_Hwi_excUsageFault__I)
                  000028fc    00000004     rtsv7M4_T_le_v4SPD16_eabi.lib : exit.c.obj (.text:abort:abort)
                  00002900    00000148     sysbios.aem4f : BIOS.obj (.text:ti_sysbios_family_arm_m3_Hwi_excMemFault__I)
                  00002a48    0000013c     rtsv7M4_T_le_v4SPD16_eabi.lib : _printfi.c.obj (.text:_pconv_e)
                  00002b84    00000004     main_pem4f.oem4f (.text:ti_sysbios_BIOS_RtsGateProxy_enter__E)
                  00002b88    0000013c     sysbios.aem4f : BIOS.obj (.text:ti_sysbios_heaps_HeapMem_Instance_init__E)
                  00002cc4    00000136     rtsv7M4_T_le_v4SPD16_eabi.lib : fd_div_t2.asm.obj (.text)
                  00002dfa    00000006     driverlib.lib : gpio.obj (.text:GPIOPinRead)
                  00002e00    00000134     sysbios.aem4f : BIOS.obj (.text:ti_sysbios_family_arm_lm4_Timer_start__E)
                  00002f34    00000130     driverlib.lib : gpio.obj (.text:GPIOPadConfigSet)
                  00003064    00000124     rtsv7M4_T_le_v4SPD16_eabi.lib : _printfi.c.obj (.text:fcvt)
                  00003188    0000011c     light_sensor.obj (.text:LightSensor_Read)
                  000032a4    00000118     ti.targets.arm.rtsarm.aem4f : Error.oem4f (.text:xdc_runtime_Error_policyDefault__E)
                  000033bc    00000110     rtsv7M4_T_le_v4SPD16_eabi.lib : s_scalbn.c.obj (.text:scalbn)
                  000034cc    0000010c     driverlib.lib : sysctl.obj (.text:SysCtlClockGet)
                  000035d8    00000100     Boot.aem4f : Boot_sysctl.oem4f (.text:ti_catalog_arm_cortexm4_tiva_ce_Boot_sysCtlClockSetI__I)
                  000036d8    00000100     ti.targets.arm.rtsarm.aem4f : Core-mem.oem4f (.text:xdc_runtime_Core_createObject__I)
                  000037d8    000000fc     rtsv7M4_T_le_v4SPD16_eabi.lib : fd_mul_t2.asm.obj (.text)
                  000038d4    000000f8     ti.targets.arm.rtsarm.aem4f : Startup.oem4f (.text:xdc_runtime_Startup_startMods__I)
                  000039cc    000000f8     main_pem4f.oem4f (.text:xdc_runtime_System_printfExtend__I)
                  00003ac4    000000f4     sysbios.aem4f : m3_Hwi_asm.obj (.text:ti_sysbios_family_arm_m3_Hwi_dispatch__I)
                  00003bb8    000000f0     driverlib.lib : sysctl.obj (.text:SysCtlClockSet)
                  00003ca8    000000ec     sysbios.aem4f : BIOS.obj (.text:ti_sysbios_knl_Semaphore_post__E)
                  00003d94    000000d0     motor.obj (.text:Motor_Init)
                  00003e64    000000cc     ti.targets.arm.rtsarm.aem4f : Core-smem.oem4f (.text:xdc_runtime_Core_constructObject__I)
                  00003f30    000000bc     sysbios.aem4f : BIOS.obj (.text:ti_sysbios_family_arm_m3_Hwi_excDebugMon__I)
                  00003fec    00000004     main_pem4f.oem4f (.text:ti_sysbios_BIOS_RtsGateProxy_leave__E)
                  00003ff0    000000bc     sysbios.aem4f : BIOS.obj (.text:ti_sysbios_family_arm_m3_Hwi_excHardFault__I)
                  000040ac    000000b8     distance.obj (.text:Distance_Init)
                  00004164    00000004     sysbios.aem4f : BIOS.obj (.text:ti_sysbios_family_arm_lm4_Timer_masterEnable__I)
                  00004168    000000b4                   : BIOS.obj (.text:ti_sysbios_gates_GateMutex_enter__E)
                  0000421c    00000004     main_pem4f.oem4f (.text:ti_sysbios_family_arm_m3_TaskSupport_Module__startupDone__S)
                  00004220    000000b4     sysbios.aem4f : BIOS.obj (.text:ti_sysbios_knl_Task_checkStacks__E)
                  000042d4    000000b1     rtsv7M4_T_le_v4SPD16_eabi.lib : _printfi.c.obj (.text:_ltostr)
                  00004385    00000001     --HOLE-- [fill = 0]
                  00004386    00000002     main_pem4f.oem4f (.text:ti_sysbios_BIOS_nullFunc__I)
                  00004388    000000ac     sysbios.aem4f : BIOS.obj (.text:ti_sysbios_family_arm_lm4_Timer_enableTiva__I)
                  00004434    00000004     main_pem4f.oem4f (.text:ti_sysbios_heaps_HeapMem_Module_GateProxy_enter__E)
                  00004438    000000a8     sysbios.aem4f : BIOS.obj (.text:ti_sysbios_family_arm_lm4_Timer_enableTimers__I)
                  000044e0    000000a8                   : BIOS.obj (.text:ti_sysbios_knl_Task_postInit__I)
                  00004588    000000a4     bluetooth.obj (.text:Bluetooth_IntHandler)
                  0000462c    000000a0     auto_init.aem4f : auto_init.oem4f (.text)
                  000046cc    000000a0     ti.targets.arm.rtsarm.aem4f : Text.oem4f (.text:xdc_runtime_Text_putMod__E)
                  0000476c    0000009c     rtsv7M4_T_le_v4SPD16_eabi.lib : memcpy_t2.asm.obj (.text)
                  00004808    0000009c     sysbios.aem4f : BIOS.obj (.text:ti_sysbios_knl_Semaphore_Instance_init__E)
                  000048a4    0000009a     ti.targets.arm.rtsarm.aem4f : Text.oem4f (.text:xdc_runtime_Text_putSite__E)
                  0000493e    00000002     main_pem4f.oem4f (.text:xdc_runtime_Startup_reset__I)
                  00004940    00000098     bluetooth.obj (.text:Bluetooth_Init)
                  000049d8    00000098     Boot.aem4f : Boot.oem4f (.text:ti_catalog_arm_cortexm4_tiva_ce_Boot_sysCtlClockSet__E)
                  00004a70    00000096     rtsv7M4_T_le_v4SPD16_eabi.lib : ull_div_t2.asm.obj (.text)
                  00004b06    00000002     --HOLE-- [fill = 0]
                  00004b08    00000094     sysbios.aem4f : BIOS.obj (.text:ti_sysbios_family_arm_m3_Hwi_initNVIC__E)
                  00004b9c    0000008c     motor.obj (.text:Motor_SetSpeed)
                  00004c28    0000008c     sysbios.aem4f : m3_TaskSupport_asm.obj (.text:ti_sysbios_family_arm_m3_TaskSupport_buildTaskStack)
                  00004cb4    00000088     light_sensor.obj (.text:LightSensor_CheckLine)
                  00004d3c    00000086     rtsv7M4_T_le_v4SPD16_eabi.lib : fd_cmp_t2.asm.obj (.text:__aeabi_cdcmple)
                  00004dc2    00000086                                   : fd_cmp_t2.asm.obj (.text:__aeabi_cdrcmple)
                  00004e48    00000084     console.obj (.text:Console_IntHandler)
                  00004ecc    00000004     main_pem4f.oem4f (.text:ti_sysbios_heaps_HeapMem_Module_GateProxy_leave__E)
                  00004ed0    00000084     sysbios.aem4f : BIOS.obj (.text:ti_sysbios_family_arm_m3_Hwi_postInit__I)
                  00004f54    00000080     bluetooth.obj (.text:Bluetooth_CommandHandler)
                  00004fd4    0000007a     driverlib.lib : adc.obj (.text:ADCSequenceStepConfigure)
                  0000504e    0000007a     rtsv7M4_T_le_v4SPD16_eabi.lib : memset_t2.asm.obj (.text)
                  000050c8    00000078     console.obj (.text:Console_HandleCommand)
                  00005140    00000070     timer.obj (.text:Timer_Init)
                  000051b0    00000070     sysbios.aem4f : BIOS.obj (.text:ti_sysbios_knl_Clock_workFunc__E)
                  00005220    00000070                   : BIOS.obj (.text:ti_sysbios_knl_Task_exit__E)
                  00005290    0000006e     rtsv7M4_T_le_v4SPD16_eabi.lib : _printfi.c.obj (.text:_mcpy)
                  000052fe    0000006e                                   : fd_tos_t2.asm.obj (.text)
                  0000536c    0000006d     ti.targets.arm.rtsarm.aem4f : System.oem4f (.text:xdc_runtime_System_formatNum__I)
                  000053d9    00000001     --HOLE-- [fill = 0]
                  000053da    00000006     driverlib.lib : gpio.obj (.text:GPIOPinWrite)
                  000053e0    0000006c     sysbios.aem4f : BIOS.obj (.text:ti_sysbios_knl_Swi_restoreHwi__E)
                  0000544c    0000006c     ti.targets.arm.rtsarm.aem4f : Error.oem4f (.text:xdc_runtime_Error_print__E)
                  000054b8    0000006c                                 : Memory.oem4f (.text:xdc_runtime_Memory_alloc__E)
                  00005524    00000068     driverlib.lib : interrupt.obj (.text:IntEnable)
                  0000558c    00000068     rtsv7M4_T_le_v4SPD16_eabi.lib : copy_decompress_lzss.c.obj (.text:decompress:lzss:__TI_decompress_lzss)
                  000055f4    00000066     ti.targets.arm.rtsarm.aem4f : Core-mem.oem4f (.text:xdc_runtime_Core_deleteObject__I)
                  0000565a    00000002     --HOLE-- [fill = 0]
                  0000565c    00000064     rtsv7M4_T_le_v4SPD16_eabi.lib : s_frexp.c.obj (.text:frexp)
                  000056c0    00000064     sysbios.aem4f : BIOS.obj (.text:ti_sysbios_family_arm_lm4_Timer_Module_startup__E)
                  00005724    00000004     main_pem4f.oem4f (.text:ti_sysbios_knl_Clock_TimerProxy_getMaxTicks__E)
                  00005728    00000064     sysbios.aem4f : BIOS.obj (.text:ti_sysbios_family_arm_m3_Hwi_dispatchC__I)
                  0000578c    00000060     driverlib.lib : timer.obj (.text:TimerConfigure)
                  000057ec    00000004     main_pem4f.oem4f (.text:ti_sysbios_knl_Queue_destruct)
                  000057f0    00000060     sysbios.aem4f : BIOS.obj (.text:ti_sysbios_family_arm_lm4_Timer_isrStub__E)
                  00005850    00000060                   : BIOS.obj (.text:ti_sysbios_knl_Task_schedule__I)
                  000058b0    0000005c     main.obj (.text:main)
                  0000590c    00000004     main_pem4f.oem4f (.text:ti_sysbios_knl_Semaphore_destruct)
                  00005910    0000005c     sysbios.aem4f : BIOS.obj (.text:ti_sysbios_knl_Swi_run__I)
                  0000596c    00000004     ti.targets.arm.rtsarm.aem4f : Error.oem4f (.text:xdc_runtime_Error_getSite__E)
                  00005970    0000005c     sysbios.aem4f : BIOS.obj (.text:ti_sysbios_knl_Swi_schedule__I)
                  000059cc    00000004     main_pem4f.oem4f (.text:xdc_runtime_System_Module_GateProxy_enter__E)
                  000059d0    0000005c     sysbios.aem4f : BIOS.obj (.text:ti_sysbios_knl_Task_Module_startup__E)
                  00005a2c    00000004     main_pem4f.oem4f (.text:xdc_runtime_System_Module_GateProxy_leave__E)
                  00005a30    0000005c     sysbios.aem4f : BIOS.obj (.text:ti_sysbios_knl_Task_startCore__E)
                  00005a8c    0000005b     ti.targets.arm.rtsarm.aem4f : Text.oem4f (.text:xdc_runtime_Text_putLab__E)
                  00005ae7    00000001     --HOLE-- [fill = 0]
                  00005ae8    00000058     boot.aem4f : boot.oem4f (.text)
                  00005b40    00000058     rtsv7M4_T_le_v4SPD16_eabi.lib : hostwrite.c.obj (.text:HOSTwrite)
                  00005b98    00000058     driverlib.lib : timer.obj (.text:TimerControlTrigger)
                  00005bf0    00000058     sysbios.aem4f : m3_Hwi_asm_switch.obj (.text:ti_sysbios_family_arm_m3_Hwi_initStacks__E)
                  00005c48    00000056     rtsv7M4_T_le_v4SPD16_eabi.lib : _printfi.c.obj (.text:_pconv_f)
                  00005c9e    00000002     --HOLE-- [fill = 0]
                  00005ca0    00000054     motor.obj (.text:Motor_TurnLeft)
                  00005cf4    00000054     motor.obj (.text:Motor_TurnRight)
                  00005d48    00000054     uartstdio.obj (.text:UARTStdioConfig)
                  00005d9c    00000054     rtsv7M4_T_le_v4SPD16_eabi.lib : _ltoa.c.obj (.text:__TI_ltoa)
                  00005df0    00000054     ti.targets.arm.rtsarm.aem4f : Assert.oem4f (.text:xdc_runtime_Assert_raise__I)
                  00005e44    00000052     rtsv7M4_T_le_v4SPD16_eabi.lib : _printfi.c.obj (.text:_ecpy)
                  00005e96    00000002     --HOLE-- [fill = 0]
                  00005e98    00000050     sysbios.aem4f : BIOS.obj (.text:ti_sysbios_family_arm_m3_Hwi_Module_startup__E)
                  00005ee8    00000050     ti.targets.arm.rtsarm.aem4f : Startup.oem4f (.text:xdc_runtime_Startup_exec__E)
                  00005f38    00000050                                 : Text.oem4f (.text:xdc_runtime_Text_visitRope2__I)
                  00005f88    0000004c     uartstdio.obj (.text:UARTwrite)
                  00005fd4    0000004c     rtsv7M4_T_le_v4SPD16_eabi.lib : atoi.c.obj (.text:atoi)
                  00006020    0000004c                                   : cpy_tbl.c.obj (.text:copy_in)
                  0000606c    00000004     ti.targets.arm.rtsarm.aem4f : System.oem4f (.text:xdc_runtime_System_aprintf_va__F)
                  00006070    0000004c     sysbios.aem4f : BIOS.obj (.text:ti_sysbios_heaps_HeapMem_getStats__E)
                  000060bc    00000004     ti.targets.arm.rtsarm.aem4f : System.oem4f (.text:xdc_runtime_System_printf_va__F)
                  000060c0    0000004c     sysbios.aem4f : BIOS.obj (.text:ti_sysbios_knl_Swi_runLoop__I)
                  0000610c    00000004     --HOLE-- [fill = 0]
                  00006110    0000004c                   : BIOS.obj (.text:ti_sysbios_knl_Task_allBlockedFunction__I)
                  0000615c    00000048     driverlib.lib : gpio.obj (.text:GPIOPinConfigure)
                  000061a4    00000048     light_sensor.obj (.text:LightSensor_Init)
                  000061ec    00000048     rtsv7M4_T_le_v4SPD16_eabi.lib : fd_toi_t2.asm.obj (.text)
                  00006234    00000004     --HOLE-- [fill = 0]
                  00006238    00000048     sysbios.aem4f : BIOS.obj (.text:ti_sysbios_family_arm_m3_Hwi_disableInterrupt__E)
                  00006280    00000048                   : BIOS.obj (.text:ti_sysbios_family_arm_m3_Hwi_enableInterrupt__E)
                  000062c8    00000048                   : BIOS.obj (.text:ti_sysbios_family_arm_m3_Hwi_excReserved__I)
                  00006310    00000046     ti.targets.arm.rtsarm.aem4f : Core-params.oem4f (.text:xdc_runtime_Core_assignParams__I)
                  00006356    00000002     --HOLE-- [fill = 0]
                  00006358    00000044     led.obj (.text:LED_Init)
                  0000639c    00000044     rtsv7M4_T_le_v4SPD16_eabi.lib : fd_tou_t2.asm.obj (.text)
                  000063e0    00000044     sysbios.aem4f : BIOS.obj (.text:ti_sysbios_family_arm_m3_Hwi_getStackInfo__E)
                  00006424    00000004     --HOLE-- [fill = 0]
                  00006428    00000044                   : BIOS.obj (.text:ti_sysbios_knl_Swi_post__E)
                  0000646c    00000044     ti.targets.arm.rtsarm.aem4f : Error.oem4f (.text:xdc_runtime_Error_setX__E)
                  000064b0    00000044                                 : SysMin.oem4f (.text:xdc_runtime_SysMin_flush__E)
                  000064f4    00000044                                 : Text.oem4f (.text:xdc_runtime_Text_xprintf__I)
                  00006538    00000042     driverlib.lib : uart.obj (.text:UARTConfigSetExpClk)
                  0000657a    00000002     --HOLE-- [fill = 0]
                  0000657c    00000040     led.obj (.text:LED_Disable)
                  000065bc    00000040     led.obj (.text:LED_Enable)
                  000065fc    00000040     rtsv7M4_T_le_v4SPD16_eabi.lib : u_divt2.asm.obj (.text)
                  0000663c    00000040                                   : sprintf.c.obj (.text:sprintf)
                  0000667c    00000004     --HOLE-- [fill = 0]
                  00006680    00000040     sysbios.aem4f : BIOS.obj (.text:ti_sysbios_family_arm_lm4_Timer_startup__E)
                  000066c0    00000040                   : BIOS.obj (.text:ti_sysbios_knl_Task_yield__E)
                  00006700    0000003e     driverlib.lib : adc.obj (.text:ADCSequenceConfigure)
                  0000673e    0000003e     rtsv7M4_T_le_v4SPD16_eabi.lib : _printfi.c.obj (.text:_fcpy)
                  0000677c    0000003c     bluetooth.obj (.text:Bluetooth_EraseBuffer)
                  000067b8    0000003c     sysbios.aem4f : BIOS.obj (.text:ti_sysbios_family_arm_m3_Hwi_excSvCall__I)
                  000067f4    00000004     --HOLE-- [fill = 0]
                  000067f8    0000003c                   : BIOS.obj (.text:ti_sysbios_heaps_HeapMem_init__I)
                  00006834    00000004     --HOLE-- [fill = 0]
                  00006838    0000003c                   : BIOS.obj (.text:ti_sysbios_knl_Swi_restore__E)
                  00006874    00000038     control.obj (.text:Control_Start)
                  000068ac    00000038     control.obj (.text:Control_Stop)
                  000068e4    00000038     driverlib.lib : sysctl.obj (.text:SysCtlPeripheralPresent)
                  0000691c    00000038     rtsv7M4_T_le_v4SPD16_eabi.lib : trgmsg.c.obj (.text:__TI_writemsg)
                  00006954    00000038                                   : fs_tod_t2.asm.obj (.text)
                  0000698c    00000004     --HOLE-- [fill = 0]
                  00006990    00000038     sysbios.aem4f : BIOS.obj (.text:ti_sysbios_family_arm_m3_Hwi_excNoIsr__I)
                  000069c8    00000038                   : BIOS.obj (.text:ti_sysbios_knl_Task_processVitalTaskFlag__I)
                  00006a00    00000038     ti.targets.arm.rtsarm.aem4f : SysMin.oem4f (.text:xdc_runtime_SysMin_putch__E)
                  00006a38    00000038                                 : System.oem4f (.text:xdc_runtime_System_atexit__E)
                  00006a70    00000034     control.obj (.text:Control_Init)
                  00006aa4    00000034     driverlib.lib : sysctl.obj (.text:SysCtlPeripheralEnable)
                  00006ad8    00000034     rtsv7M4_T_le_v4SPD16_eabi.lib : trgmsg.c.obj (.text:__TI_readmsg)
                  00006b0c    00000004     --HOLE-- [fill = 0]
                  00006b10    00000034     sysbios.aem4f : BIOS.obj (.text:ti_sysbios_family_arm_m3_Hwi_excNmi__I)
                  00006b44    00000004     --HOLE-- [fill = 0]
                  00006b48    00000034                   : BIOS.obj (.text:ti_sysbios_hal_Hwi_checkStack)
                  00006b7c    00000034     ti.targets.arm.rtsarm.aem4f : Core-label.oem4f (.text:xdc_runtime_Core_assignLabel__I)
                  00006bb0    00000033                                 : Text.oem4f (.text:xdc_runtime_Text_printVisFxn__I)
                  00006be3    00000005     --HOLE-- [fill = 0]
                  00006be8    00000032     sysbios.aem4f : BIOS.obj (.text:ti_sysbios_hal_Hwi_initStack)
                  00006c1a    00000002     --HOLE-- [fill = 0]
                  00006c1c    00000030     pid.obj (.text:PID_Run)
                  00006c4c    00000030     main_pem4f.oem4f (.text:ti_sysbios_BIOS_atExitFunc__I)
                  00006c7c    00000004     --HOLE-- [fill = 0]
                  00006c80    00000030     sysbios.aem4f : BIOS.obj (.text:ti_sysbios_family_arm_lm4_Timer_stop__E)
                  00006cb0    00000030                   : BIOS.obj (.text:ti_sysbios_family_arm_m3_TaskSupport_start__E)
                  00006ce0    00000030     main_pem4f.oem4f (.text:ti_sysbios_gates_GateHwi_Object__create__S)
                  00006d10    00000030     main_pem4f.oem4f (.text:ti_sysbios_gates_GateMutex_Object__create__S)
                  00006d40    00000030     main_pem4f.oem4f (.text:ti_sysbios_heaps_HeapMem_Object__create__S)
                  00006d70    00000030     main_pem4f.oem4f (.text:ti_sysbios_knl_Semaphore_construct)
                  00006da0    00000030     sysbios.aem4f : BIOS.obj (.text:ti_sysbios_knl_Semaphore_pendTimeout__I)
                  00006dd0    00000030                   : BIOS.obj (.text:ti_sysbios_knl_Task_unblockI__E)
                  00006e00    00000030     ti.targets.arm.rtsarm.aem4f : SysMin.oem4f (.text:xdc_runtime_SysMin_abort__E)
                  00006e30    00000030                                 : System.oem4f (.text:xdc_runtime_System_processAtExit__E)
                  00006e60    0000002e     main_pem4f.oem4f (.text:malloc)
                  00006e8e    0000002e     rtsv7M4_T_le_v4SPD16_eabi.lib : i_tofd_t2.asm.obj (.text)
                  00006ebc    0000002c     bluetooth.obj (.text:Bluetooth_Send)
                  00006ee8    0000002c     distance.obj (.text:Distance_GetDistanceFront)
                  00006f14    0000002c     distance.obj (.text:Distance_GetDistanceRight)
                  00006f40    0000002c     motor.obj (.text:Motor_Forward)
                  00006f6c    0000002c     motor.obj (.text:Motor_Reverse)
                  00006f98    0000002c     rtsv7M4_T_le_v4SPD16_eabi.lib : strncmp.c.obj (.text:strncmp)
                  00006fc4    0000002c     main_pem4f.oem4f (.text:ti_sysbios_knl_Clock_doTick__I)
                  00006ff0    0000002c     main_pem4f.oem4f (.text:ti_sysbios_knl_Queue_construct)
                  0000701c    00000004     --HOLE-- [fill = 0]
                  00007020    0000002c     sysbios.aem4f : BIOS.obj (.text:ti_sysbios_knl_Task_restore__E)
                  0000704c    0000002c     ti.targets.arm.rtsarm.aem4f : Text.oem4f (.text:xdc_runtime_Text_cordText__E)
                  00007078    0000002a     driverlib.lib : gpio.obj (.text:GPIODirModeSet)
                  000070a2    0000002a     ti.targets.arm.rtsarm.aem4f : System.oem4f (.text:xdc_runtime_System_putchar__I)
                  000070cc    00000028     pid.obj (.text:PID_Init)
                  000070f4    00000004     --HOLE-- [fill = 0]
                  000070f8    00000028     sysbios.aem4f : BIOS.obj (.text:ti_sysbios_knl_Swi_Module_startup__E)
                  00007120    00000026                   : m3_Hwi_asm.obj (.text:ti_sysbios_family_arm_m3_Hwi_pendSV__I)
                  00007146    00000026     ti.targets.arm.rtsarm.aem4f : System.oem4f (.text:xdc_runtime_System_avprintf__E)
                  0000716c    00000024     timer.obj (.text:Timer_IntHandler)
                  00007190    00000024     uartstdio.obj (.text:UARTprintf)
                  000071b4    00000024     main_pem4f.oem4f (.text:ti_sysbios_BIOS_errorRaiseHook__I)
                  000071d8    00000024     main_pem4f.oem4f (.text:ti_sysbios_BIOS_registerRTSLock__I)
                  000071fc    00000024     main_pem4f.oem4f (.text:ti_sysbios_BIOS_removeRTSLock__I)
                  00007220    00000024     main_pem4f.oem4f (.text:ti_sysbios_BIOS_startFunc__I)
                  00007244    00000024     main_pem4f.oem4f (.text:ti_sysbios_gates_GateMutex_Object__delete__S)
                  00007268    00000024     sysbios.aem4f : BIOS.obj (.text:ti_sysbios_knl_Clock_Module_startup__E)
                  0000728c    00000004     --HOLE-- [fill = 0]
                  00007290    00000024                   : BIOS.obj (.text:ti_sysbios_knl_Task_restoreHwi__E)
                  000072b4    00000024     ti.targets.arm.rtsarm.aem4f : System.oem4f (.text:xdc_runtime_System_vprintf__E)
                  000072d8    00000022     driverlib.lib : pwm.obj (.text:PWMGenConfigure)
                  000072fa    00000006                   : sysctl.obj (.text:SysCtlDelay)
                  00007300    00000022     sysbios.aem4f : BIOS.obj (.text:ti_sysbios_family_arm_lm4_Timer_write__I)
                  00007322    00000022     main_pem4f.oem4f (.text:xdc_runtime_SysMin_output__I)
                  00007344    00000020     motor.obj (.text:Motor_UTurn)
                  00007364    00000020     rtsv7M4_T_le_v4SPD16_eabi.lib : u_tofd_t2.asm.obj (.text)
                  00007384    00000020     main_pem4f.oem4f (.text:ti_sysbios_BIOS_rtsLock__I)
                  000073a4    00000020     sysbios.aem4f : m3_Hwi_asm.obj (.text:ti_sysbios_family_arm_m3_Hwi_excHandlerAsm__I)
                  000073c4    00000004     --HOLE-- [fill = 0]
                  000073c8    00000020                   : BIOS.obj (.text:ti_sysbios_family_arm_m3_Hwi_excHandler__I)
                  000073e8    00000020     main_pem4f.oem4f (.text:ti_sysbios_gates_GateHwi_Object__delete__S)
                  00007408    00000020     main_pem4f.oem4f (.text:ti_sysbios_heaps_HeapMem_Object__delete__S)
                  00007428    00000020     sysbios.aem4f : BIOS.obj (.text:ti_sysbios_knl_Idle_run__E)
                  00007448    00000020     main_pem4f.oem4f (.text:ti_sysbios_knl_Semaphore_Object__destruct__S)
                  00007468    00000020     ti.targets.arm.rtsarm.aem4f : Registry.oem4f (.text:xdc_runtime_Registry_findById__E)
                  00007488    00000020                                 : SysMin.oem4f (.text:xdc_runtime_SysMin_Module_startup__E)
                  000074a8    0000001e     driverlib.lib : adc.obj (.text:ADCSequenceDataGet)
                  000074c6    0000001e                   : pwm.obj (.text:PWMPulseWidthSet)
                  000074e4    0000001e     sysbios.aem4f : m3_Hwi_asm_switch.obj (.text:ti_sysbios_family_xxx_Hwi_switchAndRunFunc)
                  00007502    00000002     --HOLE-- [fill = 0]
                  00007504    0000001c     motor.obj (.text:Motor_Start)
                  00007520    0000001c     motor.obj (.text:Motor_Stop)
                  0000753c    0000001c     pid.obj (.text:PID_UTurn)
                  00007558    0000001c     driverlib.lib : uart.obj (.text:UARTDisable)
                  00007574    0000001c     rtsv7M4_T_le_v4SPD16_eabi.lib : memccpy.c.obj (.text:memccpy)
                  00007590    0000001c     sysbios.aem4f : BIOS.obj (.text:ti_sysbios_gates_GateMutex_Instance_init__E)
                  000075ac    0000001c     main_pem4f.oem4f (.text:ti_sysbios_knl_Queue_Object__destruct__S)
                  000075c8    0000001c     sysbios.aem4f : BIOS.obj (.text:ti_sysbios_knl_Task_enter__I)
                  000075e4    0000001c     ti.targets.arm.rtsarm.aem4f : Error.oem4f (.text:xdc_runtime_Error_raiseX__E)
                  00007600    0000001c                                 : Memory.oem4f (.text:xdc_runtime_Memory_valloc__E)
                  0000761c    0000001c                                 : SysMin.oem4f (.text:xdc_runtime_SysMin_exit__E)
                  00007638    0000001c                                 : System.oem4f (.text:xdc_runtime_System_abort__E)
                  00007654    0000001a     rtsv7M4_T_le_v4SPD16_eabi.lib : s_copysign.c.obj (.text:copysign)
                  0000766e    0000001a     main_pem4f.oem4f (.text:free)
                  00007688    0000001a     main_pem4f.oem4f (.text:ti_sysbios_family_arm_m3_Hwi_Handle__label__S)
                  000076a2    0000001a     main_pem4f.oem4f (.text:ti_sysbios_gates_GateHwi_Handle__label__S)
                  000076bc    0000001a     main_pem4f.oem4f (.text:ti_sysbios_gates_GateMutex_Handle__label__S)
                  000076d6    0000001a     main_pem4f.oem4f (.text:ti_sysbios_heaps_HeapMem_Handle__label__S)
                  000076f0    0000001a     main_pem4f.oem4f (.text:ti_sysbios_knl_Swi_Handle__label__S)
                  0000770a    0000001a     main_pem4f.oem4f (.text:ti_sysbios_knl_Task_Handle__label__S)
                  00007724    0000001a     main_pem4f.oem4f (.text:xdc_runtime_System_aprintf__E)
                  0000773e    0000001a     main_pem4f.oem4f (.text:xdc_runtime_System_printf__E)
                  00007758    00000018     driverlib.lib : adc.obj (.text:ADCProcessorTrigger)
                  00007770    00000018                   : gpio.obj (.text:GPIOPinTypeGPIOOutput)
                  00007788    00000018     rtsv7M4_T_le_v4SPD16_eabi.lib : args_main.c.obj (.text:_args_main)
                  000077a0    00000018                                   : sprintf.c.obj (.text:_outs)
                  000077b8    00000018     main_pem4f.oem4f (.text:ti_sysbios_BIOS_rtsUnlock__I)
                  000077d0    00000018     main_pem4f.oem4f (.text:ti_sysbios_family_arm_lm4_Timer_Module__startupDone__F)
                  000077e8    00000018     main_pem4f.oem4f (.text:ti_sysbios_family_arm_m3_Hwi_Module__startupDone__F)
                  00007800    00000018     sysbios.aem4f : m3_TaskSupport_asm.obj (.text:ti_sysbios_family_arm_m3_TaskSupport_swap__E)
                  00007818    00000018                   : BIOS.obj (.text:ti_sysbios_gates_GateMutex_leave__E)
                  00007830    00000018     ti.targets.arm.rtsarm.aem4f : Error.oem4f (.text:xdc_runtime_Error_check__E)
                  00007848    00000018                                 : System.oem4f (.text:xdc_runtime_System_exit__E)
                  00007860    00000018                                 : Text.oem4f (.text:xdc_runtime_Text_ropeText__E)
                  00007878    00000016     rtsv7M4_T_le_v4SPD16_eabi.lib : strchr.c.obj (.text:strchr)
                  0000788e    00000016     main_pem4f.oem4f (.text:ti_sysbios_BIOS_exitFunc__I)
                  000078a4    00000014     driverlib.lib : sysctl.obj (.text:SysCtlPWMClockSet)
                  000078b8    00000014                   : uart.obj (.text:UARTEnable)
                  000078cc    00000014     rtsv7M4_T_le_v4SPD16_eabi.lib : strlen.c.obj (.text:strlen)
                  000078e0    00000014     main_pem4f.oem4f (.text:ti_sysbios_family_arm_m3_Hwi_Object__get__S)
                  000078f4    00000004     --HOLE-- [fill = 0]
                  000078f8    00000014     sysbios.aem4f : BIOS.obj (.text:ti_sysbios_family_arm_m3_Hwi_switchFromBootStack__E)
                  0000790c    00000014     main_pem4f.oem4f (.text:ti_sysbios_heaps_HeapMem_Object__get__S)
                  00007920    00000014     main_pem4f.oem4f (.text:ti_sysbios_knl_Swi_Object__get__S)
                  00007934    00000012     driverlib.lib : gpio.obj (.text:GPIOPinTypeADC)
                  00007946    00000012                   : gpio.obj (.text:GPIOPinTypeGPIOInput)
                  00007958    00000012                   : gpio.obj (.text:GPIOPinTypePWM)
                  0000796a    00000012                   : gpio.obj (.text:GPIOPinTypeUART)
                  0000797c    00000012                   : pwm.obj (.text:PWMOutputState)
                  0000798e    00000012                   : timer.obj (.text:TimerLoadSet)
                  000079a0    00000012     sysbios.aem4f : BIOS.obj (.text:ti_sysbios_hal_Hwi_Module_startup__E)
                  000079b2    00000012     rtsv7M4_T_le_v4SPD16_eabi.lib : wcslen.c.obj (.text:wcslen)
                  000079c4    00000012     main_pem4f.oem4f (.text:xdc_runtime_Startup_exec__I)
                  000079d6    00000010     driverlib.lib : interrupt.obj (.text:IntMasterEnable)
                  000079e6    00000010                   : pwm.obj (.text:PWMGenPeriodSet)
                  000079f6    00000002     --HOLE-- [fill = 0]
                  000079f8    00000010     sysbios.aem4f : BIOS.obj (.text:ti_sysbios_BIOS_setThreadType__E)
                  00007a08    00000010                   : BIOS.obj (.text:ti_sysbios_BIOS_start__E)
                  00007a18    00000010                   : m3_TaskSupport_asm.obj (.text:ti_sysbios_family_arm_m3_TaskSupport_glue)
                  00007a28    00000010                   : BIOS.obj (.text:ti_sysbios_gates_GateMutex_Instance_finalize__E)
                  00007a38    00000010                   : BIOS.obj (.text:ti_sysbios_knl_Semaphore_Instance_finalize__E)
                  00007a48    00000010                   : BIOS.obj (.text:ti_sysbios_knl_Swi_disable__E)
                  00007a58    00000010     main_pem4f.oem4f (.text:ti_sysbios_knl_Task_Object__get__S)
                  00007a68    00000010     sysbios.aem4f : BIOS.obj (.text:ti_sysbios_knl_Task_disable__E)
                  00007a78    00000010     ti.targets.arm.rtsarm.aem4f : Gate.oem4f (.text:xdc_runtime_Gate_leaveSystem__E)
                  00007a88    00000010                                 : Memory.oem4f (.text:xdc_runtime_Memory_free__E)
                  00007a98    00000010                                 : SysMin.oem4f (.text:xdc_runtime_SysMin_ready__E)
                  00007aa8    00000010                                 : System.oem4f (.text:xdc_runtime_System_vsnprintf__E)
                  00007ab8    00000010     main_pem4f.oem4f (.text:xdc_runtime_Text_visitRope__I)
                  00007ac8    0000000e     driverlib.lib : adc.obj (.text:ADCSequenceEnable)
                  00007ad6    0000000e                   : timer.obj (.text:TimerEnable)
                  00007ae4    0000000e                   : uart.obj (.text:UARTCharGetNonBlocking)
                  00007af2    0000000e                   : uart.obj (.text:UARTCharPutNonBlocking)
                  00007b00    0000000e     rtsv7M4_T_le_v4SPD16_eabi.lib : copy_decompress_none.c.obj (.text:decompress:none:__TI_decompress_none)
                  00007b0e    00000002     --HOLE-- [fill = 0]
                  00007b10    0000000e     sysbios.aem4f : BIOS.obj (.text:ti_sysbios_knl_Idle_loop__E)
                  00007b1e    00000002     --HOLE-- [fill = 0]
                  00007b20    0000000e                   : BIOS.obj (.text:ti_sysbios_knl_Queue_empty__E)
                  00007b2e    00000002     --HOLE-- [fill = 0]
                  00007b30    0000000c     main_pem4f.oem4f (.text:.bootCodeSection:ti_catalog_arm_cortexm4_tiva_ce_Boot_init__I)
                  00007b3c    0000000c     driverlib.lib : cpu.obj (.text:CPUcpsie)
                  00007b48    0000000c     control.obj (.text:Control_GetState)
                  00007b54    0000000c     driverlib.lib : pwm.obj (.text:PWMGenEnable)
                  00007b60    0000000c                   : uart.obj (.text:UARTCharsAvail)
                  00007b6c    0000000c     rtsv7M4_T_le_v4SPD16_eabi.lib : _lock.c.obj (.text:_register_lock)
                  00007b78    0000000c                                   : _lock.c.obj (.text:_register_unlock)
                  00007b84    0000000c                                   : copy_zero_init.c.obj (.text:decompress:ZI:__TI_zero_init)
                  00007b90    0000000c     sysbios.aem4f : BIOS.obj (.text:ti_sysbios_family_arm_lm4_Timer_getMaxTicks__E)
                  00007b9c    00000004     --HOLE-- [fill = 0]
                  00007ba0    0000000c                   : BIOS.obj (.text:ti_sysbios_family_arm_m3_TaskSupport_checkStack__E)
                  00007bac    00000004     --HOLE-- [fill = 0]
                  00007bb0    0000000c                   : BIOS.obj (.text:ti_sysbios_gates_GateHwi_enter__E)
                  00007bbc    0000000c     main_pem4f.oem4f (.text:ti_sysbios_knl_Queue_Object__get__S)
                  00007bc8    0000000c     ti.targets.arm.rtsarm.aem4f : Error.oem4f (.text:xdc_runtime_Error_init__E)
                  00007bd4    0000000c                                 : Gate.oem4f (.text:xdc_runtime_Gate_enterSystem__E)
                  00007be0    0000000c                                 : Memory.oem4f (.text:xdc_runtime_Memory_calloc__E)
                  00007bec    0000000c                                 : Memory.oem4f (.text:xdc_runtime_Memory_getMaxDefaultTypeAlign__E)
                  00007bf8    0000000a     driverlib.lib : adc.obj (.text:ADCIntClear)
                  00007c02    0000000a                   : uart.obj (.text:UARTCharPut)
                  00007c0c    0000000a                   : uart.obj (.text:UARTIntStatus)
                  00007c16    0000000a     rtsv7M4_T_le_v4SPD16_eabi.lib : sprintf.c.obj (.text:_outc)
                  00007c20    0000000a     main_pem4f.oem4f (.text:xdc_runtime_IHeap_alloc)
                  00007c2a    0000000a     main_pem4f.oem4f (.text:xdc_runtime_IHeap_free)
                  00007c34    00000008     driverlib.lib : timer.obj (.text:TimerIntEnable)
                  00007c3c    00000008                   : uart.obj (.text:UARTIntEnable)
                  00007c44    00000008     rtsv7M4_T_le_v4SPD16_eabi.lib : errno.c.obj (.text:__aeabi_errno_addr)
                  00007c4c    00000008     sysbios.aem4f : BIOS.obj (.text:ti_sysbios_family_arm_lm4_Timer_masterDisable__I)
                  00007c54    00000004     --HOLE-- [fill = 0]
                  00007c58    00000008                   : BIOS.obj (.text:ti_sysbios_family_arm_m3_Hwi_doSwiRestore__I)
                  00007c60    00000008                   : BIOS.obj (.text:ti_sysbios_family_arm_m3_Hwi_startup__E)
                  00007c68    00000006     Boot.aem4f : Boot_sysctl.oem4f (.text:ti_catalog_arm_cortexm4_tiva_ce_Boot_sysCtlDelayI__I)
                  00007c6e    00000002     --HOLE-- [fill = 0]
                  00007c70    00000006     sysbios.aem4f : BIOS.obj (.text:ti_sysbios_family_arm_m3_Hwi_doTaskRestore__I)
                  00007c76    00000002     --HOLE-- [fill = 0]
                  00007c78    00000006                   : BIOS.obj (.text:ti_sysbios_gates_GateHwi_leave__E)
                  00007c7e    00000002     --HOLE-- [fill = 0]
                  00007c80    00000006                   : BIOS.obj (.text:ti_sysbios_heaps_HeapMem_isBlocking__E)
                  00007c86    00000002     --HOLE-- [fill = 0]
                  00007c88    00000006                   : BIOS.obj (.text:ti_sysbios_knl_Queue_Instance_init__E)
                  00007c8e    00000002     --HOLE-- [fill = 0]
                  00007c90    00000006                   : BIOS.obj (.text:ti_sysbios_knl_Swi_startup__E)
                  00007c96    00000006     ti.targets.arm.rtsarm.aem4f : System.oem4f (.text:xdc_runtime_System_Module_startup__E)
                  00007c9c    00000004     --HOLE-- [fill = 0]
                  00007ca0    00000004     sysbios.aem4f : BIOS.obj (.text:ti_sysbios_gates_GateHwi_query__E)
                  00007ca4    00000004     --HOLE-- [fill = 0]
                  00007ca8    00000004                   : BIOS.obj (.text:ti_sysbios_gates_GateMutex_query__E)
                  00007cac    00000004     --HOLE-- [fill = 0]
                  00007cb0    00000004                   : BIOS.obj (.text:ti_sysbios_knl_Task_startup__E)
                  00007cb4    00000004     --HOLE-- [fill = 0]
                  00007cb8    00000002                   : BIOS.obj (.text:ti_sysbios_gates_GateHwi_Instance_init__E)
                  00007cba    00000006     --HOLE-- [fill = 0]
                  00007cc0    00000002                   : BIOS.obj (.text:ti_sysbios_knl_Clock_logTick__E)

.const     0    00007cc4    00002050     
                  00007cc4    000018f4     main_pem4f.oem4f (.const:xdc_runtime_Text_charTab__A)
                  000095b8    00000101     rtsv7M4_T_le_v4SPD16_eabi.lib : ctype.c.obj (.const:.string:_ctypes_)
                  000096b9    00000001     main_pem4f.oem4f (.const:xdc_runtime_Error_policy__C)
                  000096ba    000000bc     main_pem4f.oem4f (.const:xdc_runtime_Text_nodeTab__A)
                  00009776    00000002     main_pem4f.oem4f (.const:ti_catalog_arm_cortexm4_tiva_ce_Boot_Module__id__C)
                  00009778    00000090     driverlib.lib : gpio.obj (.const:g_pui32GPIOBaseAddrs)
                  00009808    00000070                   : interrupt.obj (.const)
                  00009878    0000006c                   : sysctl.obj (.const:g_pui32Xtals)
                  000098e4    00000048     main_pem4f.oem4f (.const:.string)
                  0000992c    00000028     main_pem4f.oem4f (.const)
                  00009954    00000028     main_pem4f.oem4f (.const:ti_sysbios_heaps_HeapMem_Module__FXNS__C)
                  0000997c    00000024     main_pem4f.oem4f (.const:ti_sysbios_gates_GateHwi_Module__FXNS__C)
                  000099a0    00000024     main_pem4f.oem4f (.const:ti_sysbios_gates_GateMutex_Module__FXNS__C)
                  000099c4    00000024     main_pem4f.oem4f (.const:ti_sysbios_heaps_HeapMem_Object__PARAMS__C)
                  000099e8    00000024     main_pem4f.oem4f (.const:ti_sysbios_knl_Semaphore_Object__PARAMS__C)
                  00009a0c    00000020     main_pem4f.oem4f (.const:ti_sysbios_gates_GateHwi_Object__DESC__C)
                  00009a2c    00000020     main_pem4f.oem4f (.const:ti_sysbios_gates_GateMutex_Object__DESC__C)
                  00009a4c    00000020     main_pem4f.oem4f (.const:ti_sysbios_heaps_HeapMem_Object__DESC__C)
                  00009a6c    00000020     main_pem4f.oem4f (.const:ti_sysbios_knl_Queue_Object__DESC__C)
                  00009a8c    00000020     main_pem4f.oem4f (.const:ti_sysbios_knl_Semaphore_Object__DESC__C)
                  00009aac    00000020     main_pem4f.oem4f (.const:xdc_runtime_Startup_sfxnTab__A)
                  00009acc    00000018     main_pem4f.oem4f (.const:ti_sysbios_gates_GateHwi_Object__PARAMS__C)
                  00009ae4    00000018     main_pem4f.oem4f (.const:ti_sysbios_gates_GateMutex_Object__PARAMS__C)
                  00009afc    00000018     main_pem4f.oem4f (.const:ti_sysbios_knl_Queue_Object__PARAMS__C)
                  00009b14    00000014     main_pem4f.oem4f (.const:xdc_runtime_Startup_firstFxns__A)
                  00009b28    00000012     uartstdio.obj (.const:.string)
                  00009b3a    00000010     main_pem4f.oem4f (.const:xdc_runtime_Startup_sfxnRts__A)
                  00009b4a    00000002     main_pem4f.oem4f (.const:ti_sysbios_family_arm_m3_Hwi_Module__id__C)
                  00009b4c    0000000c     uartstdio.obj (.const:g_ui32UARTBase)
                  00009b58    0000000c     uartstdio.obj (.const:g_ui32UARTPeriph)
                  00009b64    00000008     main_pem4f.oem4f (.const:ti_sysbios_family_arm_m3_Hwi_excHookFuncs__A)
                  00009b6c    00000008     main_pem4f.oem4f (.const:ti_sysbios_knl_Idle_funcList__C)
                  00009b74    00000008     main_pem4f.oem4f (.const:xdc_runtime_Startup_firstFxns__C)
                  00009b7c    00000008     main_pem4f.oem4f (.const:xdc_runtime_Startup_lastFxns__C)
                  00009b84    00000004     main_pem4f.oem4f (.const:ti_catalog_arm_cortexm4_tiva_ce_Boot_A_mustUseEnhancedClockMode__C)
                  00009b88    00000004     main_pem4f.oem4f (.const:ti_catalog_arm_cortexm4_tiva_ce_Boot_Module__diagsEnabled__C)
                  00009b8c    00000004     main_pem4f.oem4f (.const:ti_catalog_arm_cortexm4_tiva_ce_Boot_Module__diagsIncluded__C)
                  00009b90    00000004     main_pem4f.oem4f (.const:ti_catalog_arm_cortexm4_tiva_ce_Boot_Module__diagsMask__C)
                  00009b94    00000004     main_pem4f.oem4f (.const:ti_sysbios_family_arm_lm4_Timer_enableFunc__C)
                  00009b98    00000004     main_pem4f.oem4f (.const:ti_sysbios_family_arm_lm4_Timer_numTimerDevices__C)
                  00009b9c    00000004     main_pem4f.oem4f (.const:ti_sysbios_family_arm_lm4_Timer_startupNeeded__C)
                  00009ba0    00000004     main_pem4f.oem4f (.const:ti_sysbios_family_arm_m3_Hwi_E_NMI__C)
                  00009ba4    00000004     main_pem4f.oem4f (.const:ti_sysbios_family_arm_m3_Hwi_E_busFault__C)
                  00009ba8    00000004     main_pem4f.oem4f (.const:ti_sysbios_family_arm_m3_Hwi_E_debugMon__C)
                  00009bac    00000004     main_pem4f.oem4f (.const:ti_sysbios_family_arm_m3_Hwi_E_hardFault__C)
                  00009bb0    00000004     main_pem4f.oem4f (.const:ti_sysbios_family_arm_m3_Hwi_E_memFault__C)
                  00009bb4    00000004     main_pem4f.oem4f (.const:ti_sysbios_family_arm_m3_Hwi_E_noIsr__C)
                  00009bb8    00000004     main_pem4f.oem4f (.const:ti_sysbios_family_arm_m3_Hwi_E_reserved__C)
                  00009bbc    00000004     main_pem4f.oem4f (.const:ti_sysbios_family_arm_m3_Hwi_E_svCall__C)
                  00009bc0    00000004     main_pem4f.oem4f (.const:ti_sysbios_family_arm_m3_Hwi_E_usageFault__C)
                  00009bc4    00000004     main_pem4f.oem4f (.const:ti_sysbios_family_arm_m3_Hwi_NUM_INTERRUPTS__C)
                  00009bc8    00000004     main_pem4f.oem4f (.const:ti_sysbios_family_arm_m3_Hwi_Object__count__C)
                  00009bcc    00000004     main_pem4f.oem4f (.const:ti_sysbios_family_arm_m3_Hwi_ccr__C)
                  00009bd0    00000004     main_pem4f.oem4f (.const:ti_sysbios_family_arm_m3_Hwi_excHandlerFunc__C)
                  00009bd4    00000004     main_pem4f.oem4f (.const:ti_sysbios_family_arm_m3_Hwi_excHookFuncs__C)
                  00009bd8    00000004     main_pem4f.oem4f (.const:ti_sysbios_family_arm_m3_Hwi_nullIsrFunc__C)
                  00009bdc    00000004     main_pem4f.oem4f (.const:ti_sysbios_family_arm_m3_Hwi_priGroup__C)
                  00009be0    00000004     main_pem4f.oem4f (.const:ti_sysbios_gates_GateMutex_A_badContext__C)
                  00009be4    00000004     main_pem4f.oem4f (.const:ti_sysbios_gates_GateMutex_Instance_State_sem__O)
                  00009be8    00000004     main_pem4f.oem4f (.const:ti_sysbios_gates_GateMutex_Module__diagsEnabled__C)
                  00009bec    00000004     main_pem4f.oem4f (.const:ti_sysbios_gates_GateMutex_Module__diagsIncluded__C)
                  00009bf0    00000004     main_pem4f.oem4f (.const:ti_sysbios_gates_GateMutex_Module__diagsMask__C)
                  00009bf4    00000004     main_pem4f.oem4f (.const:ti_sysbios_hal_Hwi_E_stackOverflow__C)
                  00009bf8    00000004     main_pem4f.oem4f (.const:ti_sysbios_heaps_HeapMem_A_align__C)
                  00009bfc    00000004     main_pem4f.oem4f (.const:ti_sysbios_heaps_HeapMem_A_heapSize__C)
                  00009c00    00000004     main_pem4f.oem4f (.const:ti_sysbios_heaps_HeapMem_A_invalidFree__C)
                  00009c04    00000004     main_pem4f.oem4f (.const:ti_sysbios_heaps_HeapMem_A_zeroBlock__C)
                  00009c08    00000004     main_pem4f.oem4f (.const:ti_sysbios_heaps_HeapMem_E_memory__C)
                  00009c0c    00000004     main_pem4f.oem4f (.const:ti_sysbios_heaps_HeapMem_Module__diagsEnabled__C)
                  00009c10    00000004     main_pem4f.oem4f (.const:ti_sysbios_heaps_HeapMem_Module__diagsIncluded__C)
                  00009c14    00000004     main_pem4f.oem4f (.const:ti_sysbios_heaps_HeapMem_Module__diagsMask__C)
                  00009c18    00000004     main_pem4f.oem4f (.const:ti_sysbios_heaps_HeapMem_Module__gateObj__C)
                  00009c1c    00000004     main_pem4f.oem4f (.const:ti_sysbios_heaps_HeapMem_Object__count__C)
                  00009c20    00000004     main_pem4f.oem4f (.const:ti_sysbios_heaps_HeapMem_reqAlign__C)
                  00009c24    00000004     main_pem4f.oem4f (.const:ti_sysbios_knl_Clock_Module_State_clockQ__O)
                  00009c28    00000004     main_pem4f.oem4f (.const:ti_sysbios_knl_Idle_funcList__A)
                  00009c2c    00000004     main_pem4f.oem4f (.const:ti_sysbios_knl_Semaphore_A_badContext__C)
                  00009c30    00000004     main_pem4f.oem4f (.const:ti_sysbios_knl_Semaphore_A_noEvents__C)
                  00009c34    00000004     main_pem4f.oem4f (.const:ti_sysbios_knl_Semaphore_A_overflow__C)
                  00009c38    00000004     main_pem4f.oem4f (.const:ti_sysbios_knl_Semaphore_A_pendTaskDisabled__C)
                  00009c3c    00000004     main_pem4f.oem4f (.const:ti_sysbios_knl_Semaphore_Instance_State_pendQ__O)
                  00009c40    00000004     main_pem4f.oem4f (.const:ti_sysbios_knl_Semaphore_Module__diagsEnabled__C)
                  00009c44    00000004     main_pem4f.oem4f (.const:ti_sysbios_knl_Semaphore_Module__diagsIncluded__C)
                  00009c48    00000004     main_pem4f.oem4f (.const:ti_sysbios_knl_Semaphore_Module__diagsMask__C)
                  00009c4c    00000004     main_pem4f.oem4f (.const:ti_sysbios_knl_Swi_Object__count__C)
                  00009c50    00000004     main_pem4f.oem4f (.const:ti_sysbios_knl_Task_E_spOutOfBounds__C)
                  00009c54    00000004     main_pem4f.oem4f (.const:ti_sysbios_knl_Task_E_stackOverflow__C)
                  00009c58    00000004     main_pem4f.oem4f (.const:ti_sysbios_knl_Task_Module_State_inactiveQ__O)
                  00009c5c    00000004     main_pem4f.oem4f (.const:ti_sysbios_knl_Task_Object__count__C)
                  00009c60    00000004     main_pem4f.oem4f (.const:ti_sysbios_knl_Task_allBlockedFunc__C)
                  00009c64    00000004     main_pem4f.oem4f (.const:ti_sysbios_knl_Task_numConstructedTasks__C)
                  00009c68    00000004     uartstdio.obj (.const)
                  00009c6c    00000004     main_pem4f.oem4f (.const:xdc_runtime_Assert_E_assertFailed__C)
                  00009c70    00000004     main_pem4f.oem4f (.const:xdc_runtime_Core_A_initializedParams__C)
                  00009c74    00000004     main_pem4f.oem4f (.const:xdc_runtime_Core_Module__diagsEnabled__C)
                  00009c78    00000004     main_pem4f.oem4f (.const:xdc_runtime_Core_Module__diagsIncluded__C)
                  00009c7c    00000004     main_pem4f.oem4f (.const:xdc_runtime_Core_Module__diagsMask__C)
                  00009c80    00000004     main_pem4f.oem4f (.const:xdc_runtime_Error_E_memory__C)
                  00009c84    00000004     main_pem4f.oem4f (.const:xdc_runtime_Error_Module__diagsEnabled__C)
                  00009c88    00000004     main_pem4f.oem4f (.const:xdc_runtime_Error_Module__diagsIncluded__C)
                  00009c8c    00000004     main_pem4f.oem4f (.const:xdc_runtime_Error_Module__diagsMask__C)
                  00009c90    00000004     main_pem4f.oem4f (.const:xdc_runtime_Error_Module__loggerFxn8__C)
                  00009c94    00000004     main_pem4f.oem4f (.const:xdc_runtime_Error_Module__loggerObj__C)
                  00009c98    00000004     main_pem4f.oem4f (.const:xdc_runtime_Error_policyFxn__C)
                  00009c9c    00000004     main_pem4f.oem4f (.const:xdc_runtime_Error_raiseHook__C)
                  00009ca0    00000004     main_pem4f.oem4f (.const:xdc_runtime_IGateProvider_Interface__BASE__C)
                  00009ca4    00000004     main_pem4f.oem4f (.const:xdc_runtime_IHeap_Interface__BASE__C)
                  00009ca8    00000004     main_pem4f.oem4f (.const:xdc_runtime_IModule_Interface__BASE__C)
                  00009cac    00000004     main_pem4f.oem4f (.const:xdc_runtime_Log_L_error__C)
                  00009cb0    00000004     main_pem4f.oem4f (.const:xdc_runtime_Memory_defaultHeapInstance__C)
                  00009cb4    00000004     main_pem4f.oem4f (.const:xdc_runtime_Startup_execImpl__C)
                  00009cb8    00000004     main_pem4f.oem4f (.const:xdc_runtime_Startup_maxPasses__C)
                  00009cbc    00000004     main_pem4f.oem4f (.const:xdc_runtime_Startup_sfxnRts__C)
                  00009cc0    00000004     main_pem4f.oem4f (.const:xdc_runtime_Startup_sfxnTab__C)
                  00009cc4    00000004     main_pem4f.oem4f (.const:xdc_runtime_SysMin_bufSize__C)
                  00009cc8    00000004     main_pem4f.oem4f (.const:xdc_runtime_SysMin_outputFunc__C)
                  00009ccc    00000004     main_pem4f.oem4f (.const:xdc_runtime_System_Module__gateObj__C)
                  00009cd0    00000004     main_pem4f.oem4f (.const:xdc_runtime_System_abortFxn__C)
                  00009cd4    00000004     main_pem4f.oem4f (.const:xdc_runtime_System_exitFxn__C)
                  00009cd8    00000004     main_pem4f.oem4f (.const:xdc_runtime_System_extendFxn__C)
                  00009cdc    00000004     main_pem4f.oem4f (.const:xdc_runtime_System_maxAtexitHandlers__C)
                  00009ce0    00000004     main_pem4f.oem4f (.const:xdc_runtime_Text_charTab__C)
                  00009ce4    00000004     main_pem4f.oem4f (.const:xdc_runtime_Text_nameEmpty__C)
                  00009ce8    00000004     main_pem4f.oem4f (.const:xdc_runtime_Text_nameStatic__C)
                  00009cec    00000004     main_pem4f.oem4f (.const:xdc_runtime_Text_nameUnknown__C)
                  00009cf0    00000004     main_pem4f.oem4f (.const:xdc_runtime_Text_nodeTab__C)
                  00009cf4    00000004     main_pem4f.oem4f (.const:xdc_runtime_Text_visitRopeFxn__C)
                  00009cf8    00000002     main_pem4f.oem4f (.const:ti_sysbios_gates_GateMutex_Module__id__C)
                  00009cfa    00000002     main_pem4f.oem4f (.const:ti_sysbios_hal_Hwi_Module__id__C)
                  00009cfc    00000002     main_pem4f.oem4f (.const:ti_sysbios_heaps_HeapMem_Module__id__C)
                  00009cfe    00000002     main_pem4f.oem4f (.const:ti_sysbios_knl_Semaphore_Module__id__C)
                  00009d00    00000002     main_pem4f.oem4f (.const:ti_sysbios_knl_Task_Module__id__C)
                  00009d02    00000002     main_pem4f.oem4f (.const:xdc_runtime_Core_Module__id__C)
                  00009d04    00000002     main_pem4f.oem4f (.const:xdc_runtime_Error_Module__loggerDefined__C)
                  00009d06    00000002     main_pem4f.oem4f (.const:xdc_runtime_Error_maxDepth__C)
                  00009d08    00000002     main_pem4f.oem4f (.const:xdc_runtime_Memory_Module__id__C)
                  00009d0a    00000002     main_pem4f.oem4f (.const:xdc_runtime_SysMin_flushAtExit__C)
                  00009d0c    00000002     main_pem4f.oem4f (.const:xdc_runtime_Text_charCnt__C)
                  00009d0e    00000002     main_pem4f.oem4f (.const:xdc_runtime_Text_isLoaded__C)
                  00009d10    00000002     main_pem4f.oem4f (.const:xdc_runtime_Text_registryModsLastId__C)
                  00009d12    00000002     main_pem4f.oem4f (.const:xdc_runtime_Text_unnamedModsLastId__C)

.cinit     0    00009d18    00000290     
                  00009d18    0000025c     (.cinit..data.load) [load image, compression = lzss]
                  00009f74    0000000c     (__TI_handler_table)
                  00009f80    00000008     (.cinit..bss.load) [load image, compression = zero_init]
                  00009f88    00000008     (.cinit..vecs.load) [load image, compression = zero_init]
                  00009f90    00000018     (__TI_cinit_table)

.init_array 
*          0    00000000    00000000     UNINITIALIZED

.resetVecs 
*          0    00000000    0000003c     
                  00000000    0000003c     main_pem4f.oem4f (.resetVecs)

.bss       0    20000360    00001741     UNINITIALIZED
                  20000360    00000e00     main_pem4f.oem4f (.bss:taskStackSection)
                  20001160    00000400     (.common:ti_sysbios_heaps_HeapMem_Instance_State_0_buf__A)
                  20001560    00000360     (.common:ti_sysbios_family_arm_m3_Hwi_dispatchTable)
                  200018c0    00000120     rtsv7M4_T_le_v4SPD16_eabi.lib : trgmsg.c.obj (.bss:_CIOBUF_)
                  200019e0    00000080     (.common:xdc_runtime_SysMin_Module_State_0_outbuf__A)
                  20001a60    0000000c     (.common:BT_FIFO_BUFFER)
                  20001a6c    0000000c     (.common:CNSL_FIFO_BUFFER)
                  20001a78    00000008     (.common:parmbuf)
                  20001a80    00000004     (.common:distance_front)
                  20001a84    00000004     (.common:distance_right)
                  20001a88    00000004     (.common:pid_curr_error)
                  20001a8c    00000004     (.common:pid_prev_error)
                  20001a90    00000004     (.common:speed_left)
                  20001a94    00000004     (.common:speed_right)
                  20001a98    00000004     (.common:system_state)
                  20001a9c    00000004     (.common:ui32Period)
                  20001aa0    00000001     (.common:should_uturn)

.data      0    20001aa4    0000060a     UNINITIALIZED
                  20001aa4    0000017c     main_pem4f.oem4f (.data:ti_sysbios_knl_Task_Object__table__V)
                  20001c20    00000080     main_pem4f.oem4f (.data:ti_sysbios_knl_Swi_Module_State_0_readyQ__A)
                  20001ca0    00000080     main_pem4f.oem4f (.data:ti_sysbios_knl_Task_Module_State_0_readyQ__A)
                  20001d20    00000060     main_pem4f.oem4f (.data:ti_sysbios_family_arm_m3_Hwi_Object__table__V)
                  20001d80    00000044     main_pem4f.oem4f (.data:ti_sysbios_knl_Task_Module__state__V)
                  20001dc4    00000040     main_pem4f.oem4f (.data:ti_sysbios_family_arm_lm4_Timer_Object__table__V)
                  20001e04    0000003c     main_pem4f.oem4f (.data:ti_sysbios_knl_Semaphore_Object__table__V)
                  20001e40    00000038     main_pem4f.oem4f (.data:ti_sysbios_gates_GateMutex_Object__table__V)
                  20001e78    00000034     main_pem4f.oem4f (.data:ti_sysbios_family_arm_m3_Hwi_Module__state__V)
                  20001eac    00000030     main_pem4f.oem4f (.data:ti_sysbios_family_arm_lm4_Timer_Module_State_0_device__A)
                  20001edc    00000030     main_pem4f.oem4f (.data:ti_sysbios_knl_Swi_Object__table__V)
                  20001f0c    0000002c     main_pem4f.oem4f (.data:ti_sysbios_knl_Clock_Module__state__V)
                  20001f38    00000024     main_pem4f.oem4f (.data:ti_sysbios_BIOS_Module__state__V)
                  20001f5c    00000020     bluetooth.obj (.data:bluetooth_command_table)
                  20001f7c    00000020     console.obj (.data:console_command_table)
                  20001f9c    0000001c     main_pem4f.oem4f (.data:ti_sysbios_knl_Swi_Module__state__V)
                  20001fb8    00000018     main_pem4f.oem4f (.data:ti_sysbios_family_arm_lm4_Timer_Module_State_0_handles__A)
                  20001fd0    00000018     main_pem4f.oem4f (.data:ti_sysbios_hal_Hwi_Object__table__V)
                  20001fe8    00000018     main_pem4f.oem4f (.data:ti_sysbios_heaps_HeapMem_Object__table__V)
                  20002000    00000010     light_sensor.obj (.data)
                  20002010    0000000c     main_pem4f.oem4f (.data:ti_sysbios_family_arm_lm4_Timer_Module__state__V)
                  2000201c    0000000c     main_pem4f.oem4f (.data:xdc_runtime_SysMin_Module__state__V)
                  20002028    00000008     rtsv7M4_T_le_v4SPD16_eabi.lib : _lock.c.obj (.data:$O1$$)
                  20002030    00000008     bluetooth.obj (.data)
                  20002038    00000008     console.obj (.data)
                  20002040    00000008     main_pem4f.oem4f (.data:ti_sysbios_gates_GateHwi_Module__root__V)
                  20002048    00000008     main_pem4f.oem4f (.data:ti_sysbios_gates_GateMutex_Module__root__V)
                  20002050    00000008     main_pem4f.oem4f (.data:ti_sysbios_heaps_HeapMem_Module__root__V)
                  20002058    00000008     main_pem4f.oem4f (.data:ti_sysbios_knl_Queue_Module__root__V)
                  20002060    00000008     main_pem4f.oem4f (.data:ti_sysbios_knl_Semaphore_Module__root__V)
                  20002068    00000008     main_pem4f.oem4f (.data:xdc_runtime_Registry_Module__state__V)
                  20002070    00000008     main_pem4f.oem4f (.data:xdc_runtime_Startup_Module__state__V)
                  20002078    00000008     main_pem4f.oem4f (.data:xdc_runtime_System_Module_State_0_atexitHandlers__A)
                  20002080    00000008     main_pem4f.oem4f (.data:xdc_runtime_System_Module__state__V)
                  20002088    00000005     uartstdio.obj (.data)
                  2000208d    00000001     --HOLE--
                  2000208e    00000002     main_pem4f.oem4f (.data:ti_sysbios_family_arm_m3_Hwi_Module_State_0_excActive__A)
                  20002090    00000004     rtsv7M4_T_le_v4SPD16_eabi.lib : errno.c.obj (.data)
                  20002094    00000004                                   : stkdepth_vars.c.obj (.data)
                  20002098    00000004     main_pem4f.oem4f (.data:ti_sysbios_family_arm_m3_Hwi_Module_State_0_excContext__A)
                  2000209c    00000004     main_pem4f.oem4f (.data:ti_sysbios_family_arm_m3_Hwi_Module_State_0_excStack__A)
                  200020a0    00000004     main_pem4f.oem4f (.data:ti_sysbios_gates_GateHwi_Object__table__V)
                  200020a4    00000004     main_pem4f.oem4f (.data:ti_sysbios_knl_Task_Module_State_0_idleTask__A)
                  200020a8    00000004     main_pem4f.oem4f (.data:xdc_runtime_Memory_Module__state__V)
                  200020ac    00000002     main_pem4f.oem4f (.data:xdc_runtime_Error_Module__state__V)

.stack     0    200020b0    00000300     UNINITIALIZED
                  200020b0    00000300     --HOLE--

.bootVecs 
*          0    00000000    00000008     DSECT
                  00000000    00000008     boot.aem4f : boot.oem4f (.bootVecs)

.vecs      0    20000000    00000360     UNINITIALIZED
                  20000000    00000360     main_pem4f.oem4f (.vecs)

xdc.meta   0    00000000    000000e8     COPY SECTION
                  00000000    000000e8     main_pem4f.oem4f (xdc.meta)

__llvm_prf_cnts 
*          0    20000000    00000000     UNINITIALIZED

MODULE SUMMARY

       Module                       code    ro data   rw data
       ------                       ----    -------   -------
    .\
       uartstdio.obj                976     46        5      
       main.obj                     92      0         29     
    +--+----------------------------+-------+---------+---------+
       Total:                       1068    46        34     
                                                             
    .\controllers\
       pid.obj                      512     0         0      
       control.obj                  176     0         4      
    +--+----------------------------+-------+---------+---------+
       Total:                       688     0         4      
                                                             
    .\drivers\
       motor.obj                    692     0         0      
       bluetooth.obj                548     0         52     
       light_sensor.obj             492     0         16     
       console.obj                  252     0         52     
       distance.obj                 272     0         0      
       led.obj                      196     0         0      
       timer.obj                    148     0         0      
    +--+----------------------------+-------+---------+---------+
       Total:                       2600    0         120    
                                                             
    C:\Users\Rodrigo\workspace_v10\ECE_4437_Robot_v1\Debug\configPkg\package\cfg\
       main_pem4f.oem4f             1518    7665      7892   
    +--+----------------------------+-------+---------+---------+
       Total:                       1518    7665      7892   
                                                             
    C:/ti/tirtos_tivac_2_16_00_08/products/TivaWare_C_Series-2.1.1.71b/driverlib/ccs/Debug/driverlib.lib
       sysctl.obj                   642     108       0      
       gpio.obj                     526     144       0      
       adc.obj                      262     0         0      
       interrupt.obj                120     112       0      
       timer.obj                    228     0         0      
       uart.obj                     186     0         0      
       pwm.obj                      110     0         0      
       cpu.obj                      12      0         0      
    +--+----------------------------+-------+---------+---------+
       Total:                       2086    364       0      
                                                             
    C:\Users\Rodrigo\workspace_v10\ECE_4437_Robot_v1\src\sysbios\sysbios.aem4f
       BIOS.obj                     10224   0         0      
       m3_Hwi_asm.obj               314     0         0      
       m3_TaskSupport_asm.obj       180     0         0      
       m3_Hwi_asm_switch.obj        118     0         0      
    +--+----------------------------+-------+---------+---------+
       Total:                       10836   0         0      
                                                             
    C:\ti\ccs1040\ccs\tools\compiler\ti-cgt-arm_20.2.5.LTS\lib\rtsv7M4_T_le_v4SPD16_eabi.lib
       _printfi.c.obj               4851    0         0      
       fd_add_t2.asm.obj            438     0         0      
       trgmsg.c.obj                 108     0         288    
       fd_div_t2.asm.obj            310     0         0      
       s_scalbn.c.obj               272     0         0      
       fd_cmp_t2.asm.obj            268     0         0      
       ctype.c.obj                  0       257       0      
       fd_mul_t2.asm.obj            252     0         0      
       memcpy_t2.asm.obj            156     0         0      
       ull_div_t2.asm.obj           150     0         0      
       memset_t2.asm.obj            122     0         0      
       fd_tos_t2.asm.obj            110     0         0      
       copy_decompress_lzss.c.obj   104     0         0      
       s_frexp.c.obj                100     0         0      
       sprintf.c.obj                98      0         0      
       hostwrite.c.obj              88      0         0      
       _ltoa.c.obj                  84      0         0      
       atoi.c.obj                   76      0         0      
       cpy_tbl.c.obj                76      0         0      
       fd_toi_t2.asm.obj            72      0         0      
       fd_tou_t2.asm.obj            68      0         0      
       u_divt2.asm.obj              64      0         0      
       fs_tod_t2.asm.obj            56      0         0      
       i_tofd_t2.asm.obj            46      0         0      
       strncmp.c.obj                44      0         0      
       _lock.c.obj                  26      0         8      
       u_tofd_t2.asm.obj            32      0         0      
       memccpy.c.obj                28      0         0      
       s_copysign.c.obj             26      0         0      
       args_main.c.obj              24      0         0      
       strchr.c.obj                 22      0         0      
       strlen.c.obj                 20      0         0      
       wcslen.c.obj                 18      0         0      
       copy_decompress_none.c.obj   14      0         0      
       copy_zero_init.c.obj         12      0         0      
       errno.c.obj                  8       0         4      
       hostopen.c.obj               0       0         8      
       exit.c.obj                   4       0         0      
       stkdepth_vars.c.obj          0       0         4      
       div0.asm.obj                 2       0         0      
    +--+----------------------------+-------+---------+---------+
       Total:                       8249    257       312    
                                                             
    C:\ti\tirtos_tivac_2_16_00_08\products\bios_6_45_01_29\packages\ti\catalog\arm\cortexm4\tiva\ce\lib\Boot.aem4f
       Boot_sysctl.oem4f            262     0         0      
       Boot.oem4f                   152     0         0      
    +--+----------------------------+-------+---------+---------+
       Total:                       414     0         0      
                                                             
    C:\ti\tirtos_tivac_2_16_00_08\products\bios_6_45_01_29\packages\ti\targets\arm\rtsarm\lib\auto_init.aem4f
       auto_init.oem4f              160     0         0      
    +--+----------------------------+-------+---------+---------+
       Total:                       160     0         0      
                                                             
    C:\ti\tirtos_tivac_2_16_00_08\products\bios_6_45_01_29\packages\ti\targets\arm\rtsarm\lib\boot.aem4f
       boot.oem4f                   88      0         0      
    +--+----------------------------+-------+---------+---------+
       Total:                       88      0         0      
                                                             
    C:\ti\tirtos_tivac_2_16_00_08\products\bios_6_45_01_29\packages\ti\targets\arm\rtsarm\lib\ti.targets.arm.rtsarm.aem4f
       System.oem4f                 1255    0         0      
       Text.oem4f                   672     0         0      
       Error.oem4f                  524     0         0      
       Core-mem.oem4f               358     0         0      
       Startup.oem4f                328     0         0      
       SysMin.oem4f                 248     0         0      
       Core-smem.oem4f              204     0         0      
       Memory.oem4f                 176     0         0      
       Assert.oem4f                 84      0         0      
       Core-params.oem4f            70      0         0      
       Core-label.oem4f             52      0         0      
       Registry.oem4f               32      0         0      
       Gate.oem4f                   28      0         0      
    +--+----------------------------+-------+---------+---------+
       Total:                       4031    0         0      
                                                             
       Stack:                       0       0         768    
       Linker Generated:            0       656       0      
    +--+----------------------------+-------+---------+---------+
       Grand Total:                 31738   8988      9130   


LINKER GENERATED COPY TABLES

__TI_cinit_table @ 00009f90 records: 3, size/record: 8, table size: 24
	.data: load addr=00009d18, load size=0000025c bytes, run addr=20001aa4, run size=0000060a bytes, compression=lzss
	.bss: load addr=00009f80, load size=00000008 bytes, run addr=20000360, run size=00001741 bytes, compression=zero_init
	.vecs: load addr=00009f88, load size=00000008 bytes, run addr=20000000, run size=00000360 bytes, compression=zero_init


LINKER GENERATED HANDLER TABLE

__TI_handler_table @ 00009f74 records: 3, size/record: 4, table size: 12
	index: 0, handler: __TI_decompress_lzss
	index: 1, handler: __TI_decompress_none
	index: 2, handler: __TI_zero_init


GLOBAL SYMBOLS: SORTED ALPHABETICALLY BY Name 

address   name                                                              
-------   ----                                                              
00007bf9  ADCIntClear                                                       
00007759  ADCProcessorTrigger                                               
00006701  ADCSequenceConfigure                                              
000074a9  ADCSequenceDataGet                                                
00007ac9  ADCSequenceEnable                                                 
00004fd5  ADCSequenceStepConfigure                                          
0000993c  BLUETOOTH_HWI_0                                                   
00009940  BLUETOOTH_SEMA_0                                                  
00009944  BLUETOOTH_TASK_0                                                  
20001a60  BT_FIFO_BUFFER                                                    
20002034  BT_FIFO_CURRENT_IDX                                               
20002030  BT_FIFO_IDX                                                       
00004f55  Bluetooth_CommandHandler                                          
0000677d  Bluetooth_EraseBuffer                                             
00004941  Bluetooth_Init                                                    
00004589  Bluetooth_IntHandler                                              
00006ebd  Bluetooth_Send                                                    
000028fd  C$$EXIT                                                           
0000694b  C$$IO$$                                                           
20001a6c  CNSL_FIFO_BUFFER                                                  
2000203c  CNSL_FIFO_CURRENT_IDX                                             
20002038  CNSL_FIFO_IDX                                                     
00009938  COMMAND_TASK_0                                                    
00009930  CONSOLE_HWI_0                                                     
00009934  CONSOLE_SEMA_0                                                    
00007b3d  CPUcpsie                                                          
000050c9  Console_HandleCommand                                             
00004e49  Console_IntHandler                                                
00007b49  Control_GetState                                                  
00006a71  Control_Init                                                      
00006875  Control_Start                                                     
000068ad  Control_Stop                                                      
00006ee9  Distance_GetDistanceFront                                         
00006f15  Distance_GetDistanceRight                                         
000040ad  Distance_Init                                                     
00007079  GPIODirModeSet                                                    
00002f35  GPIOPadConfigSet                                                  
0000615d  GPIOPinConfigure                                                  
00002dfb  GPIOPinRead                                                       
00007935  GPIOPinTypeADC                                                    
00007947  GPIOPinTypeGPIOInput                                              
00007771  GPIOPinTypeGPIOOutput                                             
00007959  GPIOPinTypePWM                                                    
0000796b  GPIOPinTypeUART                                                   
000053db  GPIOPinWrite                                                      
00005b41  HOSTwrite                                                         
00005525  IntEnable                                                         
000079d7  IntMasterEnable                                                   
0000657d  LED_Disable                                                       
000065bd  LED_Enable                                                        
00006359  LED_Init                                                          
00009950  LIGHTSENSOR_TASK_0                                                
00004cb5  LightSensor_CheckLine                                             
000061a5  LightSensor_Init                                                  
00003189  LightSensor_Read                                                  
00006f41  Motor_Forward                                                     
00003d95  Motor_Init                                                        
00006f6d  Motor_Reverse                                                     
00004b9d  Motor_SetSpeed                                                    
00007505  Motor_Start                                                       
00007521  Motor_Stop                                                        
00005ca1  Motor_TurnLeft                                                    
00005cf5  Motor_TurnRight                                                   
00007345  Motor_UTurn                                                       
00002495  PID_Follow                                                        
000070cd  PID_Init                                                          
00006c1d  PID_Run                                                           
0000994c  PID_SEMA_0                                                        
00009948  PID_TASK_0                                                        
0000753d  PID_UTurn                                                         
000072d9  PWMGenConfigure                                                   
00007b55  PWMGenEnable                                                      
000079e7  PWMGenPeriodSet                                                   
0000797d  PWMOutputState                                                    
000074c7  PWMPulseWidthSet                                                  
UNDEFED   SHT$$INIT_ARRAY$$Base                                             
UNDEFED   SHT$$INIT_ARRAY$$Limit                                            
000034cd  SysCtlClockGet                                                    
00003bb9  SysCtlClockSet                                                    
000072fb  SysCtlDelay                                                       
000078a5  SysCtlPWMClockSet                                                 
00006aa5  SysCtlPeripheralEnable                                            
000068e5  SysCtlPeripheralPresent                                           
0000992c  TIMER_HWI_0                                                       
0000578d  TimerConfigure                                                    
00005b99  TimerControlTrigger                                               
00007ad7  TimerEnable                                                       
00001cc5  TimerIntClear                                                     
00007c35  TimerIntEnable                                                    
[...]
00007c0d  UARTIntStatus                                                     
00007c21  xdc_runtime_Memory_HeapProxy_alloc__E                             
00007c2b  xdc_runtime_Memory_HeapProxy_free__E                              
00007c35  TimerIntEnable                                                    
00007c3d  UARTIntEnable                                                     
00007c45  __aeabi_errno_addr                                                
00007c4d  ti_sysbios_family_arm_lm4_Timer_masterDisable__I                  
00007c59  ti_sysbios_family_arm_m3_Hwi_doSwiRestore__I                      
00007c61  ti_sysbios_family_arm_m3_Hwi_startup__E                           
00007c61  ti_sysbios_hal_Hwi_HwiProxy_startup__E                            
00007c61  ti_sysbios_hal_Hwi_startup__E                                     
00007c69  ti_catalog_arm_cortexm4_tiva_ce_Boot_sysCtlDelayI__I              
00007c71  ti_sysbios_family_arm_m3_Hwi_doTaskRestore__I                     
00007c79  ti_sysbios_gates_GateHwi_leave__E                                 
00007c81  ti_sysbios_heaps_HeapMem_isBlocking__E                            
00007c89  ti_sysbios_knl_Queue_Instance_init__E                             
00007c91  ti_sysbios_knl_Swi_startup__E                                     
00007c97  xdc_runtime_System_Module_startup__E                              
00007ca1  ti_sysbios_gates_GateHwi_query__E                                 
00007ca1  xdc_runtime_Main_Module_GateProxy_query__E                        
00007ca1  xdc_runtime_System_Module_GateProxy_query__E                      
00007ca9  ti_sysbios_BIOS_RtsGateProxy_query__E                             
00007ca9  ti_sysbios_gates_GateMutex_query__E                               
00007ca9  ti_sysbios_heaps_HeapMem_Module_GateProxy_query__E                
00007cb1  ti_sysbios_knl_Task_startup__E                                    
00007cb9  ti_sysbios_gates_GateHwi_Instance_init__E                         
00007cc1  ti_sysbios_knl_Clock_logTick__E                                   
00007cc4  xdc_runtime_Text_charTab__A                                       
000095b8  _ctypes_                                                          
000096b9  xdc_runtime_Error_policy__C                                       
000096ba  xdc_runtime_Text_nodeTab__A                                       
00009776  ti_catalog_arm_cortexm4_tiva_ce_Boot_Module__id__C                
0000992c  TIMER_HWI_0                                                       
00009930  CONSOLE_HWI_0                                                     
00009934  CONSOLE_SEMA_0                                                    
00009938  COMMAND_TASK_0                                                    
0000993c  BLUETOOTH_HWI_0                                                   
00009940  BLUETOOTH_SEMA_0                                                  
00009944  BLUETOOTH_TASK_0                                                  
00009948  PID_TASK_0                                                        
0000994c  PID_SEMA_0                                                        
00009950  LIGHTSENSOR_TASK_0                                                
00009954  ti_sysbios_heaps_HeapMem_Module__FXNS__C                          
0000997c  ti_sysbios_gates_GateHwi_Module__FXNS__C                          
000099a0  ti_sysbios_gates_GateMutex_Module__FXNS__C                        
000099c4  ti_sysbios_heaps_HeapMem_Object__PARAMS__C                        
000099e8  ti_sysbios_knl_Semaphore_Object__PARAMS__C                        
00009a0c  ti_sysbios_gates_GateHwi_Object__DESC__C                          
00009a2c  ti_sysbios_gates_GateMutex_Object__DESC__C                        
00009a4c  ti_sysbios_heaps_HeapMem_Object__DESC__C                          
00009a6c  ti_sysbios_knl_Queue_Object__DESC__C                              
00009a8c  ti_sysbios_knl_Semaphore_Object__DESC__C                          
00009aac  xdc_runtime_Startup_sfxnTab__A                                    
00009acc  ti_sysbios_gates_GateHwi_Object__PARAMS__C                        
00009ae4  ti_sysbios_gates_GateMutex_Object__PARAMS__C                      
00009afc  ti_sysbios_knl_Queue_Object__PARAMS__C                            
00009b14  xdc_runtime_Startup_firstFxns__A                                  
00009b3a  xdc_runtime_Startup_sfxnRts__A                                    
00009b4a  ti_sysbios_family_arm_m3_Hwi_Module__id__C                        
00009b64  ti_sysbios_family_arm_m3_Hwi_excHookFuncs__A                      
00009b6c  ti_sysbios_knl_Idle_funcList__C                                   
00009b74  xdc_runtime_Startup_firstFxns__C                                  
00009b7c  xdc_runtime_Startup_lastFxns__C                                   
00009b84  ti_catalog_arm_cortexm4_tiva_ce_Boot_A_mustUseEnhancedClockMode__C
00009b88  ti_catalog_arm_cortexm4_tiva_ce_Boot_Module__diagsEnabled__C      
00009b8c  ti_catalog_arm_cortexm4_tiva_ce_Boot_Module__diagsIncluded__C     
00009b90  ti_catalog_arm_cortexm4_tiva_ce_Boot_Module__diagsMask__C         
00009b94  ti_sysbios_family_arm_lm4_Timer_enableFunc__C                     
00009b98  ti_sysbios_family_arm_lm4_Timer_numTimerDevices__C                
00009b9c  ti_sysbios_family_arm_lm4_Timer_startupNeeded__C                  
00009ba0  ti_sysbios_family_arm_m3_Hwi_E_NMI__C                             
00009ba4  ti_sysbios_family_arm_m3_Hwi_E_busFault__C                        
00009ba8  ti_sysbios_family_arm_m3_Hwi_E_debugMon__C                        
00009bac  ti_sysbios_family_arm_m3_Hwi_E_hardFault__C                       
00009bb0  ti_sysbios_family_arm_m3_Hwi_E_memFault__C                        
00009bb4  ti_sysbios_family_arm_m3_Hwi_E_noIsr__C                           
00009bb8  ti_sysbios_family_arm_m3_Hwi_E_reserved__C                        
00009bbc  ti_sysbios_family_arm_m3_Hwi_E_svCall__C                          
00009bc0  ti_sysbios_family_arm_m3_Hwi_E_usageFault__C                      
00009bc4  ti_sysbios_family_arm_m3_Hwi_NUM_INTERRUPTS__C                    
00009bc8  ti_sysbios_family_arm_m3_Hwi_Object__count__C                     
00009bcc  ti_sysbios_family_arm_m3_Hwi_ccr__C                               
00009bd0  ti_sysbios_family_arm_m3_Hwi_excHandlerFunc__C                    
00009bd4  ti_sysbios_family_arm_m3_Hwi_excHookFuncs__C                      
00009bd8  ti_sysbios_family_arm_m3_Hwi_nullIsrFunc__C                       
00009bdc  ti_sysbios_family_arm_m3_Hwi_priGroup__C                          
00009be0  ti_sysbios_gates_GateMutex_A_badContext__C                        
00009be4  ti_sysbios_gates_GateMutex_Instance_State_sem__O                  
00009be8  ti_sysbios_gates_GateMutex_Module__diagsEnabled__C                
00009bec  ti_sysbios_gates_GateMutex_Module__diagsIncluded__C               
00009bf0  ti_sysbios_gates_GateMutex_Module__diagsMask__C                   
00009bf4  ti_sysbios_hal_Hwi_E_stackOverflow__C                             
00009bf8  ti_sysbios_heaps_HeapMem_A_align__C                               
00009bfc  ti_sysbios_heaps_HeapMem_A_heapSize__C                            
00009c00  ti_sysbios_heaps_HeapMem_A_invalidFree__C                         
00009c04  ti_sysbios_heaps_HeapMem_A_zeroBlock__C                           
00009c08  ti_sysbios_heaps_HeapMem_E_memory__C                              
00009c0c  ti_sysbios_heaps_HeapMem_Module__diagsEnabled__C                  
00009c10  ti_sysbios_heaps_HeapMem_Module__diagsIncluded__C                 
00009c14  ti_sysbios_heaps_HeapMem_Module__diagsMask__C                     
00009c18  ti_sysbios_heaps_HeapMem_Module__gateObj__C                       
00009c1c  ti_sysbios_heaps_HeapMem_Object__count__C                         
00009c20  ti_sysbios_heaps_HeapMem_reqAlign__C                              
00009c24  ti_sysbios_knl_Clock_Module_State_clockQ__O                       
00009c28  ti_sysbios_knl_Idle_funcList__A                                   
00009c2c  ti_sysbios_knl_Semaphore_A_badContext__C                          
00009c30  ti_sysbios_knl_Semaphore_A_noEvents__C                            
00009c34  ti_sysbios_knl_Semaphore_A_overflow__C                            
00009c38  ti_sysbios_knl_Semaphore_A_pendTaskDisabled__C                    
00009c3c  ti_sysbios_knl_Semaphore_Instance_State_pendQ__O                  
00009c40  ti_sysbios_knl_Semaphore_Module__diagsEnabled__C                  
00009c44  ti_sysbios_knl_Semaphore_Module__diagsIncluded__C                 
00009c48  ti_sysbios_knl_Semaphore_Module__diagsMask__C                     
00009c4c  ti_sysbios_knl_Swi_Object__count__C                               
00009c50  ti_sysbios_knl_Task_E_spOutOfBounds__C                            
00009c54  ti_sysbios_knl_Task_E_stackOverflow__C                            
00009c58  ti_sysbios_knl_Task_Module_State_inactiveQ__O                     
00009c5c  ti_sysbios_knl_Task_Object__count__C                              
00009c60  ti_sysbios_knl_Task_allBlockedFunc__C                             
00009c64  ti_sysbios_knl_Task_numConstructedTasks__C                        
00009c6c  xdc_runtime_Assert_E_assertFailed__C                              
00009c70  xdc_runtime_Core_A_initializedParams__C                           
00009c74  xdc_runtime_Core_Module__diagsEnabled__C                          
00009c78  xdc_runtime_Core_Module__diagsIncluded__C                         
00009c7c  xdc_runtime_Core_Module__diagsMask__C                             
00009c80  xdc_runtime_Error_E_memory__C                                     
00009c84  xdc_runtime_Error_Module__diagsEnabled__C                         
00009c88  xdc_runtime_Error_Module__diagsIncluded__C                        
00009c8c  xdc_runtime_Error_Module__diagsMask__C                            
00009c90  xdc_runtime_Error_Module__loggerFxn8__C                           
00009c94  xdc_runtime_Error_Module__loggerObj__C                            
00009c98  xdc_runtime_Error_policyFxn__C                                    
00009c9c  xdc_runtime_Error_raiseHook__C                                    
00009ca0  xdc_runtime_IGateProvider_Interface__BASE__C                      
00009ca4  xdc_runtime_IHeap_Interface__BASE__C                              
00009ca8  xdc_runtime_IModule_Interface__BASE__C                            
00009cac  xdc_runtime_Log_L_error__C                                        
00009cb0  xdc_runtime_Memory_defaultHeapInstance__C                         
00009cb4  xdc_runtime_Startup_execImpl__C                                   
00009cb8  xdc_runtime_Startup_maxPasses__C                                  
00009cbc  xdc_runtime_Startup_sfxnRts__C                                    
00009cc0  xdc_runtime_Startup_sfxnTab__C                                    
00009cc4  xdc_runtime_SysMin_bufSize__C                                     
00009cc8  xdc_runtime_SysMin_outputFunc__C                                  
00009ccc  xdc_runtime_System_Module__gateObj__C                             
00009cd0  xdc_runtime_System_abortFxn__C                                    
00009cd4  xdc_runtime_System_exitFxn__C                                     
00009cd8  xdc_runtime_System_extendFxn__C                                   
00009cdc  xdc_runtime_System_maxAtexitHandlers__C                           
00009ce0  xdc_runtime_Text_charTab__C                                       
00009ce4  xdc_runtime_Text_nameEmpty__C                                     
00009ce8  xdc_runtime_Text_nameStatic__C                                    
00009cec  xdc_runtime_Text_nameUnknown__C                                   
00009cf0  xdc_runtime_Text_nodeTab__C                                       
00009cf4  xdc_runtime_Text_visitRopeFxn__C                                  
00009cf8  ti_sysbios_gates_GateMutex_Module__id__C                          
00009cfa  ti_sysbios_hal_Hwi_Module__id__C                                  
00009cfc  ti_sysbios_heaps_HeapMem_Module__id__C                            
00009cfe  ti_sysbios_knl_Semaphore_Module__id__C                            
00009d00  ti_sysbios_knl_Task_Module__id__C                                 
00009d02  xdc_runtime_Core_Module__id__C                                    
00009d04  xdc_runtime_Error_Module__loggerDefined__C                        
00009d06  xdc_runtime_Error_maxDepth__C                                     
00009d08  xdc_runtime_Memory_Module__id__C                                  
00009d0a  xdc_runtime_SysMin_flushAtExit__C                                 
00009d0c  xdc_runtime_Text_charCnt__C                                       
00009d0e  xdc_runtime_Text_isLoaded__C                                      
00009d10  xdc_runtime_Text_registryModsLastId__C                            
00009d12  xdc_runtime_Text_unnamedModsLastId__C                             
00009d18  __TI_static_base__                                                
00009f74  __TI_Handler_Table_Base                                           
00009f80  __TI_Handler_Table_Limit                                          
00009f90  __TI_CINIT_Base                                                   
00009fa8  __TI_CINIT_Limit                                                  
20000000  __start___llvm_prf_cnts                                           
20000000  __stop___llvm_prf_cnts                                            
20000000  ti_sysbios_family_arm_m3_Hwi_ramVectors                           
20000360  ti_sysbios_knl_Task_Instance_State_0_stack__A                     
20000560  ti_sysbios_knl_Task_Instance_State_1_stack__A                     
20000760  ti_sysbios_knl_Task_Instance_State_2_stack__A                     
20000b60  ti_sysbios_knl_Task_Instance_State_3_stack__A                     
20000f60  ti_sysbios_knl_Task_Instance_State_4_stack__A                     
20001160  ti_sysbios_heaps_HeapMem_Instance_State_0_buf__A                  
20001560  ti_sysbios_family_arm_m3_Hwi_dispatchTable                        
200018c0  __CIOBUF_                                                         
200019e0  xdc_runtime_SysMin_Module_State_0_outbuf__A                       
20001a60  BT_FIFO_BUFFER                                                    
20001a6c  CNSL_FIFO_BUFFER                                                  
20001a78  parmbuf                                                           
20001a80  distance_front                                                    
20001a84  distance_right                                                    
20001a88  pid_curr_error                                                    
20001a8c  pid_prev_error                                                    
20001a90  speed_left                                                        
20001a94  speed_right                                                       
20001a98  system_state                                                      
20001a9c  ui32Period                                                        
20001aa0  should_uturn                                                      
20001aa4  ti_sysbios_knl_Task_Object__table__V                              
20001c20  ti_sysbios_knl_Swi_Module_State_0_readyQ__A                       
20001ca0  ti_sysbios_knl_Task_Module_State_0_readyQ__A                      
20001d20  ti_sysbios_family_arm_m3_Hwi_Object__table__V                     
20001d80  ti_sysbios_knl_Task_Module__state__V                              
20001dc4  ti_sysbios_family_arm_lm4_Timer_Object__table__V                  
20001e04  ti_sysbios_knl_Semaphore_Object__table__V                         
20001e40  ti_sysbios_gates_GateMutex_Object__table__V                       
20001e78  ti_sysbios_family_arm_m3_Hwi_Module__state__V                     
20001eac  ti_sysbios_family_arm_lm4_Timer_Module_State_0_device__A          
20001edc  ti_sysbios_knl_Swi_Object__table__V                               
20001f0c  ti_sysbios_knl_Clock_Module__state__V                             
20001f38  ti_sysbios_BIOS_Module__state__V                                  
20001f5c  bluetooth_command_table                                           
20001f7c  console_command_table                                             
20001f9c  ti_sysbios_knl_Swi_Module__state__V                               
20001fb8  ti_sysbios_family_arm_lm4_Timer_Module_State_0_handles__A         
20001fd0  ti_sysbios_hal_Hwi_Object__table__V                               
20001fe8  ti_sysbios_heaps_HeapMem_Object__table__V                         
20002000  sensor_state                                                      
20002004  sensor_count                                                      
20002008  should_stop                                                       
20002009  is_black                                                          
2000200c  line_count                                                        
20002010  ti_sysbios_family_arm_lm4_Timer_Module__state__V                  
2000201c  xdc_runtime_SysMin_Module__state__V                               
20002028  _lock                                                             
2000202c  _unlock                                                           
20002030  BT_FIFO_IDX                                                       
20002034  BT_FIFO_CURRENT_IDX                                               
20002038  CNSL_FIFO_IDX                                                     
2000203c  CNSL_FIFO_CURRENT_IDX                                             
20002040  ti_sysbios_gates_GateHwi_Module__root__V                          
20002048  ti_sysbios_gates_GateMutex_Module__root__V                        
20002050  ti_sysbios_heaps_HeapMem_Module__root__V                          
20002058  ti_sysbios_knl_Queue_Module__root__V                              
20002060  ti_sysbios_knl_Semaphore_Module__root__V                          
20002068  xdc_runtime_Registry_Module__state__V                             
20002070  xdc_runtime_Startup_Module__state__V                              
20002078  xdc_runtime_System_Module_State_0_atexitHandlers__A               
20002080  xdc_runtime_System_Module__state__V                               
2000208e  ti_sysbios_family_arm_m3_Hwi_Module_State_0_excActive__A          
20002090  errno                                                             
20002094  main_func_sp                                                      
20002098  ti_sysbios_family_arm_m3_Hwi_Module_State_0_excContext__A         
2000209c  ti_sysbios_family_arm_m3_Hwi_Module_State_0_excStack__A           
200020a0  ti_sysbios_gates_GateHwi_Object__table__V                         
200020a4  ti_sysbios_knl_Task_Module_State_0_idleTask__A                    
200020a8  xdc_runtime_Memory_Module__state__V                               
200020ac  xdc_runtime_Error_Module__state__V                                
200020b0  __stack                                                           
200023b0  __STACK_END                                                       
e000e000  ti_sysbios_family_arm_m3_Hwi_nvic                                 
ffffffff  __TI_pprof_out_hndl                                               
ffffffff  __TI_prof_data_size                                               
ffffffff  __TI_prof_data_start                                              
ffffffff  __binit__                                                         
ffffffff  __c_args__                                                        
ffffffff  binit                                                             
UNDEFED   SHT$$INIT_ARRAY$$Base                                             
UNDEFED   SHT$$INIT_ARRAY$$Limit                                            

[642 symbols]
