******************************************************************************
                  TI ARM Linker PC v20.2.5                     
******************************************************************************
>> Linked Wed Oct 26 16:09:21 2022

OUTPUT FILE NAME:   <ECE_4437_Robot_v1.out>
ENTRY POINT SYMBOL: "_c_int00"  address: 000041c9


MEMORY CONFIGURATION

         name            origin    length      used     unused   attr    fill
----------------------  --------  ---------  --------  --------  ----  --------
  FLASH                 00000000   00040000  00008044  00037fbc  R  X
  SRAM                  20000000   00008000  00001635  000069cb  RW X


SEGMENT ALLOCATION MAP

run origin  load origin   length   init length attrs members
----------  ----------- ---------- ----------- ----- -------
00000000    00000000    00008050   00008050    r-x
  00000000    00000000    0000003c   0000003c    r-- .resetVecs
  00000040    00000040    00005e42   00005e42    r-x .text
  00005e84    00005e84    00001fae   00001fae    r-- .const
  00007e38    00007e38    00000218   00000218    r-- .cinit
20000000    20000000    00001638   00000000    rw-
  20000000    20000000    00000360   00000000    rw- .vecs
  20000360    20000360    00000b83   00000000    rw- .bss
  20000ee4    20000ee4    00000452   00000000    rw- .data
  20001338    20001338    00000300   00000000    rw- .stack


SECTION ALLOCATION MAP

 output                                  attributes/
section   page    origin      length       input sections
--------  ----  ----------  ----------   ----------------
.text      0    00000040    00005e42     
                  00000040    00000430     sysbios.aem4f : BIOS.obj (.text:ti_sysbios_family_arm_m3_Hwi_excDumpRegs__I)
                  00000470    0000034c     ti.targets.arm.rtsarm.aem4f : System.oem4f (.text:xdc_runtime_System_doPrint__I)
                  000007bc    0000030c     uartstdio.obj (.text:UARTvprintf)
                  00000ac8    000002d0     sysbios.aem4f : BIOS.obj (.text:ti_sysbios_knl_Semaphore_pend__E)
                  00000d98    0000026c                   : BIOS.obj (.text:ti_sysbios_heaps_HeapMem_free__E)
                  00001004    00000004     driverlib.lib : timer.obj (.text:TimerIntClear)
                  00001008    00000250     sysbios.aem4f : BIOS.obj (.text:ti_sysbios_heaps_HeapMem_alloc__E)
                  00001258    000001f4                   : BIOS.obj (.text:ti_sysbios_family_arm_m3_Hwi_excHandlerMax__I)
                  0000144c    00000004     rtsv7M4_T_le_v4SPD16_eabi.lib : exit.c.obj (.text:abort:abort)
                  00001450    00000174     sysbios.aem4f : BIOS.obj (.text:ti_sysbios_family_arm_m3_Hwi_excBusFault__I)
                  000015c4    00000004     main_pem4f.oem4f (.text:ti_sysbios_BIOS_RtsGateProxy_enter__E)
                  000015c8    00000164     sysbios.aem4f : BIOS.obj (.text:ti_sysbios_family_arm_m3_Hwi_excUsageFault__I)
                  0000172c    00000004     main_pem4f.oem4f (.text:ti_sysbios_BIOS_RtsGateProxy_leave__E)
                  00001730    00000148     sysbios.aem4f : BIOS.obj (.text:ti_sysbios_family_arm_m3_Hwi_excMemFault__I)
                  00001878    0000013c                   : BIOS.obj (.text:ti_sysbios_heaps_HeapMem_Instance_init__E)
                  000019b4    00000004                   : BIOS.obj (.text:ti_sysbios_family_arm_lm4_Timer_masterEnable__I)
                  000019b8    00000134                   : BIOS.obj (.text:ti_sysbios_family_arm_lm4_Timer_start__E)
                  00001aec    00000130     driverlib.lib : gpio.obj (.text:GPIOPadConfigSet)
                  00001c1c    00000124     motor.obj (.text:Motor_Init)
                  00001d40    00000118     ti.targets.arm.rtsarm.aem4f : Error.oem4f (.text:xdc_runtime_Error_policyDefault__E)
                  00001e58    00000114     pid.obj (.text:PID_Calculate)
                  00001f6c    0000010c     driverlib.lib : sysctl.obj (.text:SysCtlClockGet)
                  00002078    00000100     Boot.aem4f : Boot_sysctl.oem4f (.text:ti_catalog_arm_cortexm4_tiva_ce_Boot_sysCtlClockSetI__I)
                  00002178    00000100     ti.targets.arm.rtsarm.aem4f : Core-mem.oem4f (.text:xdc_runtime_Core_createObject__I)
                  00002278    000000fc     rtsv7M4_T_le_v4SPD16_eabi.lib : fd_mul_t2.asm.obj (.text)
                  00002374    000000f8     ti.targets.arm.rtsarm.aem4f : Startup.oem4f (.text:xdc_runtime_Startup_startMods__I)
                  0000246c    000000f8     main_pem4f.oem4f (.text:xdc_runtime_System_printfExtend__I)
                  00002564    000000f4     sysbios.aem4f : m3_Hwi_asm.obj (.text:ti_sysbios_family_arm_m3_Hwi_dispatch__I)
                  00002658    000000f0     driverlib.lib : sysctl.obj (.text:SysCtlClockSet)
                  00002748    000000ec     sysbios.aem4f : BIOS.obj (.text:ti_sysbios_knl_Semaphore_post__E)
                  00002834    00000004     main_pem4f.oem4f (.text:ti_sysbios_family_arm_m3_TaskSupport_Module__startupDone__S)
                  00002838    000000d4     sysbios.aem4f : BIOS.obj (.text:ti_sysbios_knl_Swi_Instance_init__E)
                  0000290c    000000cc     ti.targets.arm.rtsarm.aem4f : Core-smem.oem4f (.text:xdc_runtime_Core_constructObject__I)
                  000029d8    000000bc     sysbios.aem4f : BIOS.obj (.text:ti_sysbios_family_arm_m3_Hwi_excDebugMon__I)
                  00002a94    00000004     main_pem4f.oem4f (.text:ti_sysbios_hal_Hwi_HwiProxy_delete)
                  00002a98    000000bc     sysbios.aem4f : BIOS.obj (.text:ti_sysbios_family_arm_m3_Hwi_excHardFault__I)
                  00002b54    000000b4     distance.obj (.text:Distance_Init)
                  00002c08    000000b4     sysbios.aem4f : BIOS.obj (.text:ti_sysbios_gates_GateMutex_enter__E)
                  00002cbc    00000004     main_pem4f.oem4f (.text:ti_sysbios_heaps_HeapMem_Module_GateProxy_enter__E)
                  00002cc0    000000b4     sysbios.aem4f : BIOS.obj (.text:ti_sysbios_knl_Task_checkStacks__E)
                  00002d74    00000004     main_pem4f.oem4f (.text:ti_sysbios_heaps_HeapMem_Module_GateProxy_leave__E)
                  00002d78    000000ac     sysbios.aem4f : BIOS.obj (.text:ti_sysbios_family_arm_lm4_Timer_enableTiva__I)
                  00002e24    00000004     main_pem4f.oem4f (.text:ti_sysbios_knl_Clock_TimerProxy_getMaxTicks__E)
                  00002e28    000000a8     sysbios.aem4f : BIOS.obj (.text:ti_sysbios_family_arm_lm4_Timer_enableTimers__I)
                  00002ed0    000000a8                   : BIOS.obj (.text:ti_sysbios_knl_Task_postInit__I)
                  00002f78    000000a4     timer.obj (.text:Timer_Init)
                  0000301c    000000a0     auto_init.aem4f : auto_init.oem4f (.text)
                  000030bc    000000a0     ti.targets.arm.rtsarm.aem4f : Text.oem4f (.text:xdc_runtime_Text_putMod__E)
                  0000315c    0000009c     rtsv7M4_T_le_v4SPD16_eabi.lib : memcpy_t2.asm.obj (.text)
                  000031f8    0000009c     sysbios.aem4f : BIOS.obj (.text:ti_sysbios_knl_Semaphore_Instance_init__E)
                  00003294    0000009a     ti.targets.arm.rtsarm.aem4f : Text.oem4f (.text:xdc_runtime_Text_putSite__E)
                  0000332e    00000002     rtsv7M4_T_le_v4SPD16_eabi.lib : _lock.c.obj (.text:_nop)
                  00003330    00000098     Boot.aem4f : Boot.oem4f (.text:ti_catalog_arm_cortexm4_tiva_ce_Boot_sysCtlClockSet__E)
                  000033c8    00000094     console.obj (.text:Console_Init)
                  0000345c    00000004     main_pem4f.oem4f (.text:ti_sysbios_knl_Queue_destruct)
                  00003460    00000094     sysbios.aem4f : BIOS.obj (.text:ti_sysbios_family_arm_m3_Hwi_Instance_init__E)
                  000034f4    00000004     main_pem4f.oem4f (.text:ti_sysbios_knl_Semaphore_destruct)
                  000034f8    00000094     sysbios.aem4f : BIOS.obj (.text:ti_sysbios_family_arm_m3_Hwi_initNVIC__E)
                  0000358c    0000008c                   : m3_TaskSupport_asm.obj (.text:ti_sysbios_family_arm_m3_TaskSupport_buildTaskStack)
                  00003618    00000084     motor.obj (.text:Motor_SetSpeed)
                  0000369c    00000004     ti.targets.arm.rtsarm.aem4f : Error.oem4f (.text:xdc_runtime_Error_getSite__E)
                  000036a0    00000084     sysbios.aem4f : BIOS.obj (.text:ti_sysbios_family_arm_m3_Hwi_postInit__I)
                  00003724    0000007a     driverlib.lib : adc.obj (.text:ADCSequenceStepConfigure)
                  0000379e    0000007a     rtsv7M4_T_le_v4SPD16_eabi.lib : memset_t2.asm.obj (.text)
                  00003818    00000074     pid.obj (.text:PID_Init)
                  0000388c    00000004     main_pem4f.oem4f (.text:xdc_runtime_System_Module_GateProxy_enter__E)
                  00003890    00000070     sysbios.aem4f : BIOS.obj (.text:ti_sysbios_knl_Clock_workFunc__E)
                  00003900    00000070                   : BIOS.obj (.text:ti_sysbios_knl_Task_exit__E)
                  00003970    0000006e     rtsv7M4_T_le_v4SPD16_eabi.lib : fd_tos_t2.asm.obj (.text)
                  000039de    00000002                                   : div0.asm.obj (.text)
                  000039e0    0000006d     ti.targets.arm.rtsarm.aem4f : System.oem4f (.text:xdc_runtime_System_formatNum__I)
                  00003a4d    00000001     --HOLE-- [fill = 0]
                  00003a4e    00000002     main_pem4f.oem4f (.text:ti_sysbios_BIOS_nullFunc__I)
                  00003a50    0000006c     main_pem4f.oem4f (.text:ti_sysbios_family_arm_m3_Hwi_Object__create__S)
                  00003abc    00000004     main_pem4f.oem4f (.text:xdc_runtime_System_Module_GateProxy_leave__E)
                  00003ac0    0000006c     sysbios.aem4f : BIOS.obj (.text:ti_sysbios_knl_Swi_restoreHwi__E)
                  00003b2c    0000006c     ti.targets.arm.rtsarm.aem4f : Error.oem4f (.text:xdc_runtime_Error_print__E)
                  00003b98    0000006c                                 : Memory.oem4f (.text:xdc_runtime_Memory_alloc__E)
                  00003c04    00000068     driverlib.lib : interrupt.obj (.text:IntEnable)
                  00003c6c    00000068     rtsv7M4_T_le_v4SPD16_eabi.lib : copy_decompress_lzss.c.obj (.text:decompress:lzss:__TI_decompress_lzss)
                  00003cd4    00000066     ti.targets.arm.rtsarm.aem4f : Core-mem.oem4f (.text:xdc_runtime_Core_deleteObject__I)
                  00003d3a    00000006     driverlib.lib : gpio.obj (.text:GPIOPinWrite)
                  00003d40    00000064     sysbios.aem4f : BIOS.obj (.text:ti_sysbios_family_arm_lm4_Timer_Module_startup__E)
                  00003da4    00000004     ti.targets.arm.rtsarm.aem4f : System.oem4f (.text:xdc_runtime_System_aprintf_va__F)
                  00003da8    00000064     sysbios.aem4f : BIOS.obj (.text:ti_sysbios_family_arm_m3_Hwi_dispatchC__I)
                  00003e0c    00000064     main_pem4f.oem4f (.text:ti_sysbios_hal_Hwi_create)
                  00003e70    00000060     driverlib.lib : timer.obj (.text:TimerConfigure)
                  00003ed0    00000060     sysbios.aem4f : BIOS.obj (.text:ti_sysbios_family_arm_lm4_Timer_isrStub__E)
                  00003f30    00000060                   : BIOS.obj (.text:ti_sysbios_knl_Task_schedule__I)
                  00003f90    0000005c     main_pem4f.oem4f (.text:ti_sysbios_knl_Swi_create)
                  00003fec    00000004     ti.targets.arm.rtsarm.aem4f : System.oem4f (.text:xdc_runtime_System_printf_va__F)
                  00003ff0    0000005c     sysbios.aem4f : BIOS.obj (.text:ti_sysbios_knl_Swi_run__I)
                  0000404c    00000002     main_pem4f.oem4f (.text:xdc_runtime_Startup_reset__I)
                  0000404e    00000002     --HOLE-- [fill = 0]
                  00004050    0000005c     sysbios.aem4f : BIOS.obj (.text:ti_sysbios_knl_Swi_schedule__I)
                  000040ac    00000004     --HOLE-- [fill = 0]
                  000040b0    0000005c                   : BIOS.obj (.text:ti_sysbios_knl_Task_Module_startup__E)
                  0000410c    00000004     --HOLE-- [fill = 0]
                  00004110    0000005c                   : BIOS.obj (.text:ti_sysbios_knl_Task_startCore__E)
                  0000416c    0000005b     ti.targets.arm.rtsarm.aem4f : Text.oem4f (.text:xdc_runtime_Text_putLab__E)
                  000041c7    00000001     --HOLE-- [fill = 0]
                  000041c8    00000058     boot.aem4f : boot.oem4f (.text)
                  00004220    00000058     rtsv7M4_T_le_v4SPD16_eabi.lib : hostwrite.c.obj (.text:HOSTwrite)
                  00004278    00000058     driverlib.lib : timer.obj (.text:TimerControlTrigger)
                  000042d0    00000058     sysbios.aem4f : m3_Hwi_asm_switch.obj (.text:ti_sysbios_family_arm_m3_Hwi_initStacks__E)
                  00004328    00000054     uartstdio.obj (.text:UARTStdioConfig)
                  0000437c    00000054     main.obj (.text:main)
                  000043d0    00000054     sysbios.aem4f : BIOS.obj (.text:ti_sysbios_knl_Swi_Instance_finalize__E)
                  00004424    00000054     ti.targets.arm.rtsarm.aem4f : Assert.oem4f (.text:xdc_runtime_Assert_raise__I)
                  00004478    00000050     sysbios.aem4f : BIOS.obj (.text:ti_sysbios_family_arm_m3_Hwi_Module_startup__E)
                  000044c8    00000050     ti.targets.arm.rtsarm.aem4f : Startup.oem4f (.text:xdc_runtime_Startup_exec__E)
                  00004518    00000050                                 : Text.oem4f (.text:xdc_runtime_Text_visitRope2__I)
                  00004568    0000004c     uartstdio.obj (.text:UARTwrite)
                  000045b4    0000004c     rtsv7M4_T_le_v4SPD16_eabi.lib : cpy_tbl.c.obj (.text:copy_in)
                  00004600    0000004c     sysbios.aem4f : BIOS.obj (.text:ti_sysbios_heaps_HeapMem_getStats__E)
                  0000464c    00000004     --HOLE-- [fill = 0]
                  00004650    0000004c                   : BIOS.obj (.text:ti_sysbios_knl_Swi_runLoop__I)
                  0000469c    00000004     --HOLE-- [fill = 0]
                  000046a0    0000004c                   : BIOS.obj (.text:ti_sysbios_knl_Task_allBlockedFunction__I)
                  000046ec    00000048     driverlib.lib : gpio.obj (.text:GPIOPinConfigure)
                  00004734    00000004     --HOLE-- [fill = 0]
                  00004738    00000048     sysbios.aem4f : BIOS.obj (.text:ti_sysbios_family_arm_m3_Hwi_disableInterrupt__E)
                  00004780    00000048                   : BIOS.obj (.text:ti_sysbios_family_arm_m3_Hwi_enableInterrupt__E)
                  000047c8    00000048                   : BIOS.obj (.text:ti_sysbios_family_arm_m3_Hwi_excReserved__I)
                  00004810    00000046     ti.targets.arm.rtsarm.aem4f : Core-params.oem4f (.text:xdc_runtime_Core_assignParams__I)
                  00004856    00000002     --HOLE-- [fill = 0]
                  00004858    00000044     sysbios.aem4f : BIOS.obj (.text:ti_sysbios_family_arm_m3_Hwi_getStackInfo__E)
                  0000489c    00000004     --HOLE-- [fill = 0]
                  000048a0    00000044                   : BIOS.obj (.text:ti_sysbios_knl_Swi_post__E)
                  000048e4    00000044     ti.targets.arm.rtsarm.aem4f : Error.oem4f (.text:xdc_runtime_Error_setX__E)
                  00004928    00000044                                 : SysMin.oem4f (.text:xdc_runtime_SysMin_flush__E)
                  0000496c    00000044                                 : Text.oem4f (.text:xdc_runtime_Text_xprintf__I)
                  000049b0    00000042     driverlib.lib : uart.obj (.text:UARTConfigSetExpClk)
                  000049f2    00000040     rtsv7M4_T_le_v4SPD16_eabi.lib : u_divt2.asm.obj (.text)
                  00004a32    00000006     driverlib.lib : sysctl.obj (.text:SysCtlDelay)
                  00004a38    00000040     sysbios.aem4f : BIOS.obj (.text:ti_sysbios_family_arm_lm4_Timer_startup__E)
                  00004a78    0000003e     driverlib.lib : adc.obj (.text:ADCSequenceConfigure)
                  00004ab6    00000002     --HOLE-- [fill = 0]
                  00004ab8    0000003c     distance.obj (.text:Distance_GetDistanceRight)
                  00004af4    00000004     --HOLE-- [fill = 0]
                  00004af8    0000003c     sysbios.aem4f : BIOS.obj (.text:ti_sysbios_family_arm_m3_Hwi_excSvCall__I)
                  00004b34    00000004     --HOLE-- [fill = 0]
                  00004b38    0000003c                   : BIOS.obj (.text:ti_sysbios_heaps_HeapMem_init__I)
                  00004b74    00000004     --HOLE-- [fill = 0]
                  00004b78    0000003c                   : BIOS.obj (.text:ti_sysbios_knl_Swi_restore__E)
                  00004bb4    00000038     driverlib.lib : sysctl.obj (.text:SysCtlPeripheralPresent)
                  00004bec    00000038     rtsv7M4_T_le_v4SPD16_eabi.lib : trgmsg.c.obj (.text:__TI_writemsg)
                  00004c24    00000038                                   : fs_tod_t2.asm.obj (.text)
                  00004c5c    00000004     --HOLE-- [fill = 0]
                  00004c60    00000038     sysbios.aem4f : BIOS.obj (.text:ti_sysbios_family_arm_m3_Hwi_excNoIsr__I)
                  00004c98    00000038                   : BIOS.obj (.text:ti_sysbios_knl_Task_processVitalTaskFlag__I)
                  00004cd0    00000038     ti.targets.arm.rtsarm.aem4f : SysMin.oem4f (.text:xdc_runtime_SysMin_putch__E)
                  00004d08    00000038                                 : System.oem4f (.text:xdc_runtime_System_atexit__E)
                  00004d40    00000034     driverlib.lib : sysctl.obj (.text:SysCtlPeripheralEnable)
                  00004d74    00000034     timer.obj (.text:Timer_IntHandler)
                  00004da8    00000034     rtsv7M4_T_le_v4SPD16_eabi.lib : trgmsg.c.obj (.text:__TI_readmsg)
                  00004ddc    00000004     --HOLE-- [fill = 0]
                  00004de0    00000034     sysbios.aem4f : BIOS.obj (.text:ti_sysbios_family_arm_m3_Hwi_Instance_finalize__E)
                  00004e14    00000004     --HOLE-- [fill = 0]
                  00004e18    00000034                   : BIOS.obj (.text:ti_sysbios_family_arm_m3_Hwi_excNmi__I)
                  00004e4c    00000004     --HOLE-- [fill = 0]
                  00004e50    00000034                   : BIOS.obj (.text:ti_sysbios_hal_Hwi_checkStack)
                  00004e84    00000034     ti.targets.arm.rtsarm.aem4f : Core-label.oem4f (.text:xdc_runtime_Core_assignLabel__I)
                  00004eb8    00000033                                 : Text.oem4f (.text:xdc_runtime_Text_printVisFxn__I)
                  00004eeb    00000005     --HOLE-- [fill = 0]
                  00004ef0    00000032     sysbios.aem4f : BIOS.obj (.text:ti_sysbios_hal_Hwi_initStack)
                  00004f22    00000002     --HOLE-- [fill = 0]
                  00004f24    00000030     main_pem4f.oem4f (.text:ti_sysbios_BIOS_atExitFunc__I)
                  00004f54    00000004     --HOLE-- [fill = 0]
                  00004f58    00000030     sysbios.aem4f : BIOS.obj (.text:ti_sysbios_family_arm_lm4_Timer_stop__E)
                  00004f88    00000030                   : BIOS.obj (.text:ti_sysbios_family_arm_m3_TaskSupport_start__E)
                  00004fb8    00000030     main_pem4f.oem4f (.text:ti_sysbios_gates_GateHwi_Object__create__S)
                  00004fe8    00000030     main_pem4f.oem4f (.text:ti_sysbios_gates_GateMutex_Object__create__S)
                  00005018    00000030     main_pem4f.oem4f (.text:ti_sysbios_heaps_HeapMem_Object__create__S)
                  00005048    00000030     main_pem4f.oem4f (.text:ti_sysbios_knl_Semaphore_construct)
                  00005078    00000030     sysbios.aem4f : BIOS.obj (.text:ti_sysbios_knl_Semaphore_pendTimeout__I)
                  000050a8    00000030                   : BIOS.obj (.text:ti_sysbios_knl_Task_unblockI__E)
                  000050d8    00000030     ti.targets.arm.rtsarm.aem4f : SysMin.oem4f (.text:xdc_runtime_SysMin_abort__E)
                  00005108    00000030                                 : System.oem4f (.text:xdc_runtime_System_processAtExit__E)
                  00005138    0000002e     driverlib.lib : adc.obj (.text:ADCIntStatus)
                  00005166    00000002     --HOLE-- [fill = 0]
                  00005168    0000002c     led.obj (.text:LED_Init)
                  00005194    0000002c     main_pem4f.oem4f (.text:ti_sysbios_knl_Clock_doTick__I)
                  000051c0    0000002c     main_pem4f.oem4f (.text:ti_sysbios_knl_Queue_construct)
                  000051ec    00000004     --HOLE-- [fill = 0]
                  000051f0    0000002c     sysbios.aem4f : BIOS.obj (.text:ti_sysbios_knl_Task_restore__E)
                  0000521c    0000002c     ti.targets.arm.rtsarm.aem4f : Text.oem4f (.text:xdc_runtime_Text_cordText__E)
                  00005248    0000002a     driverlib.lib : gpio.obj (.text:GPIODirModeSet)
                  00005272    0000002a     ti.targets.arm.rtsarm.aem4f : System.oem4f (.text:xdc_runtime_System_putchar__I)
                  0000529c    00000028     motor.obj (.text:Motor_Start)
                  000052c4    00000028     motor.obj (.text:Motor_Stop)
                  000052ec    00000004     --HOLE-- [fill = 0]
                  000052f0    00000028     sysbios.aem4f : BIOS.obj (.text:ti_sysbios_hal_Hwi_Instance_init__E)
                  00005318    00000028                   : BIOS.obj (.text:ti_sysbios_knl_Swi_Module_startup__E)
                  00005340    00000026                   : m3_Hwi_asm.obj (.text:ti_sysbios_family_arm_m3_Hwi_pendSV__I)
                  00005366    00000026     ti.targets.arm.rtsarm.aem4f : System.oem4f (.text:xdc_runtime_System_avprintf__E)
                  0000538c    00000024     uartstdio.obj (.text:UARTprintf)
                  000053b0    00000024     main_pem4f.oem4f (.text:ti_sysbios_BIOS_errorRaiseHook__I)
                  000053d4    00000024     main_pem4f.oem4f (.text:ti_sysbios_BIOS_registerRTSLock__I)
                  000053f8    00000024     main_pem4f.oem4f (.text:ti_sysbios_BIOS_removeRTSLock__I)
                  0000541c    00000024     main_pem4f.oem4f (.text:ti_sysbios_BIOS_startFunc__I)
                  00005440    00000024     main_pem4f.oem4f (.text:ti_sysbios_gates_GateMutex_Object__delete__S)
                  00005464    00000004     --HOLE-- [fill = 0]
                  00005468    00000024     sysbios.aem4f : BIOS.obj (.text:ti_sysbios_knl_Clock_Module_startup__E)
                  0000548c    00000004     --HOLE-- [fill = 0]
                  00005490    00000024                   : BIOS.obj (.text:ti_sysbios_knl_Task_restoreHwi__E)
                  000054b4    00000024     ti.targets.arm.rtsarm.aem4f : System.oem4f (.text:xdc_runtime_System_vprintf__E)
                  000054d8    00000022     driverlib.lib : pwm.obj (.text:PWMGenConfigure)
                  000054fa    00000006     Boot.aem4f : Boot_sysctl.oem4f (.text:ti_catalog_arm_cortexm4_tiva_ce_Boot_sysCtlDelayI__I)
                  00005500    00000022     sysbios.aem4f : BIOS.obj (.text:ti_sysbios_family_arm_lm4_Timer_write__I)
                  00005522    00000022     main_pem4f.oem4f (.text:xdc_runtime_SysMin_output__I)
                  00005544    00000020     motor.obj (.text:Motor_Forward)
                  00005564    00000020     main_pem4f.oem4f (.text:ti_sysbios_BIOS_rtsLock__I)
                  00005584    00000020     main_pem4f.oem4f (.text:ti_sysbios_family_arm_m3_Hwi_Object__delete__S)
                  000055a4    00000020     sysbios.aem4f : m3_Hwi_asm.obj (.text:ti_sysbios_family_arm_m3_Hwi_excHandlerAsm__I)
                  000055c4    00000004     --HOLE-- [fill = 0]
                  000055c8    00000020                   : BIOS.obj (.text:ti_sysbios_family_arm_m3_Hwi_excHandler__I)
                  000055e8    00000020     main_pem4f.oem4f (.text:ti_sysbios_gates_GateHwi_Object__delete__S)
                  00005608    00000020     main_pem4f.oem4f (.text:ti_sysbios_heaps_HeapMem_Object__delete__S)
                  00005628    00000020     sysbios.aem4f : BIOS.obj (.text:ti_sysbios_knl_Idle_run__E)
                  00005648    00000020     main_pem4f.oem4f (.text:ti_sysbios_knl_Semaphore_Object__destruct__S)
                  00005668    00000020     ti.targets.arm.rtsarm.aem4f : Registry.oem4f (.text:xdc_runtime_Registry_findById__E)
                  00005688    00000020                                 : SysMin.oem4f (.text:xdc_runtime_SysMin_Module_startup__E)
                  000056a8    0000001e     driverlib.lib : adc.obj (.text:ADCSequenceDataGet)
                  000056c6    0000001e                   : pwm.obj (.text:PWMPulseWidthSet)
                  000056e4    0000001e     sysbios.aem4f : m3_Hwi_asm_switch.obj (.text:ti_sysbios_family_xxx_Hwi_switchAndRunFunc)
                  00005702    00000002     --HOLE-- [fill = 0]
                  00005704    0000001d     pid.obj (.text:PID_SwiHandler)
                  00005721    00000003     --HOLE-- [fill = 0]
                  00005724    0000001c     driverlib.lib : uart.obj (.text:UARTDisable)
                  00005740    0000001c     sysbios.aem4f : BIOS.obj (.text:ti_sysbios_gates_GateMutex_Instance_init__E)
                  0000575c    0000001c     main_pem4f.oem4f (.text:ti_sysbios_hal_Hwi_HwiProxy_create)
                  00005778    0000001c     main_pem4f.oem4f (.text:ti_sysbios_knl_Queue_Object__destruct__S)
                  00005794    00000004     --HOLE-- [fill = 0]
                  00005798    0000001c     sysbios.aem4f : BIOS.obj (.text:ti_sysbios_knl_Task_enter__I)
                  000057b4    0000001c     ti.targets.arm.rtsarm.aem4f : Error.oem4f (.text:xdc_runtime_Error_raiseX__E)
                  000057d0    0000001c                                 : Memory.oem4f (.text:xdc_runtime_Memory_valloc__E)
                  000057ec    0000001c                                 : SysMin.oem4f (.text:xdc_runtime_SysMin_exit__E)
                  00005808    0000001c                                 : System.oem4f (.text:xdc_runtime_System_abort__E)
                  00005824    0000001a     main_pem4f.oem4f (.text:ti_sysbios_family_arm_m3_Hwi_Handle__label__S)
                  0000583e    0000001a     main_pem4f.oem4f (.text:ti_sysbios_gates_GateHwi_Handle__label__S)
                  00005858    0000001a     main_pem4f.oem4f (.text:ti_sysbios_gates_GateMutex_Handle__label__S)
                  00005872    0000001a     main_pem4f.oem4f (.text:ti_sysbios_heaps_HeapMem_Handle__label__S)
                  0000588c    0000001a     main_pem4f.oem4f (.text:ti_sysbios_knl_Swi_Handle__label__S)
                  000058a6    0000001a     main_pem4f.oem4f (.text:ti_sysbios_knl_Task_Handle__label__S)
                  000058c0    0000001a     main_pem4f.oem4f (.text:xdc_runtime_System_aprintf__E)
                  000058da    0000001a     main_pem4f.oem4f (.text:xdc_runtime_System_printf__E)
                  000058f4    00000018     driverlib.lib : adc.obj (.text:ADCProcessorTrigger)
                  0000590c    00000018                   : gpio.obj (.text:GPIOPinTypeGPIOOutput)
                  00005924    00000018     rtsv7M4_T_le_v4SPD16_eabi.lib : args_main.c.obj (.text:_args_main)
                  0000593c    00000018     main_pem4f.oem4f (.text:ti_sysbios_BIOS_rtsUnlock__I)
                  00005954    00000018     main_pem4f.oem4f (.text:ti_sysbios_family_arm_lm4_Timer_Module__startupDone__F)
                  0000596c    00000018     main_pem4f.oem4f (.text:ti_sysbios_family_arm_m3_Hwi_Module__startupDone__F)
                  00005984    00000018     sysbios.aem4f : m3_TaskSupport_asm.obj (.text:ti_sysbios_family_arm_m3_TaskSupport_swap__E)
                  0000599c    00000004     --HOLE-- [fill = 0]
                  000059a0    00000018                   : BIOS.obj (.text:ti_sysbios_gates_GateMutex_leave__E)
                  000059b8    00000018     ti.targets.arm.rtsarm.aem4f : Error.oem4f (.text:xdc_runtime_Error_check__E)
                  000059d0    00000018                                 : System.oem4f (.text:xdc_runtime_System_exit__E)
                  000059e8    00000018                                 : Text.oem4f (.text:xdc_runtime_Text_ropeText__E)
                  00005a00    00000016     main_pem4f.oem4f (.text:ti_sysbios_BIOS_exitFunc__I)
                  00005a16    00000016     timer.obj (.text:ti_sysbios_hal_Hwi_Params_init)
                  00005a2c    00000016     pid.obj (.text:ti_sysbios_knl_Swi_Params_init)
                  00005a42    00000002     --HOLE-- [fill = 0]
                  00005a44    00000014     main.obj (.text:ADC_ISR_Test)
                  00005a58    00000014     driverlib.lib : sysctl.obj (.text:SysCtlPWMClockSet)
                  00005a6c    00000014                   : uart.obj (.text:UARTEnable)
                  00005a80    00000014     rtsv7M4_T_le_v4SPD16_eabi.lib : strlen.c.obj (.text:strlen)
                  00005a94    00000014     main_pem4f.oem4f (.text:ti_sysbios_family_arm_m3_Hwi_Object__get__S)
                  00005aa8    00000014     sysbios.aem4f : BIOS.obj (.text:ti_sysbios_family_arm_m3_Hwi_switchFromBootStack__E)
                  00005abc    00000014     main_pem4f.oem4f (.text:ti_sysbios_heaps_HeapMem_Object__get__S)
                  00005ad0    00000014     main_pem4f.oem4f (.text:ti_sysbios_knl_Swi_Object__get__S)
                  00005ae4    00000013     main.obj (.text:ADC_ISR_Test2)
                  00005af7    00000001     --HOLE-- [fill = 0]
                  00005af8    00000013     main.obj (.text:ADC_ISR_Test4)
                  00005b0b    00000001     --HOLE-- [fill = 0]
                  00005b0c    00000012     driverlib.lib : gpio.obj (.text:GPIOPinTypeADC)
                  00005b1e    00000012                   : gpio.obj (.text:GPIOPinTypePWM)
                  00005b30    00000012                   : gpio.obj (.text:GPIOPinTypeUART)
                  00005b42    00000012                   : pwm.obj (.text:PWMOutputState)
                  00005b54    00000012                   : timer.obj (.text:TimerLoadSet)
                  00005b66    00000002     --HOLE-- [fill = 0]
                  00005b68    00000012     sysbios.aem4f : BIOS.obj (.text:ti_sysbios_hal_Hwi_Module_startup__E)
                  00005b7a    00000012     main_pem4f.oem4f (.text:xdc_runtime_Startup_exec__I)
                  00005b8c    00000011     main.obj (.text:ADC_ISR_Test3)
                  00005b9d    00000001     --HOLE-- [fill = 0]
                  00005b9e    00000010     driverlib.lib : adc.obj (.text:ADCIntEnable)
                  00005bae    00000010                   : interrupt.obj (.text:IntMasterEnable)
                  00005bbe    00000010                   : pwm.obj (.text:PWMGenPeriodSet)
                  00005bce    00000002     --HOLE-- [fill = 0]
                  00005bd0    00000010     sysbios.aem4f : BIOS.obj (.text:ti_sysbios_BIOS_setThreadType__E)
                  00005be0    00000010                   : BIOS.obj (.text:ti_sysbios_BIOS_start__E)
                  00005bf0    00000010                   : m3_TaskSupport_asm.obj (.text:ti_sysbios_family_arm_m3_TaskSupport_glue)
                  00005c00    00000010                   : BIOS.obj (.text:ti_sysbios_gates_GateMutex_Instance_finalize__E)
                  00005c10    00000010     main_pem4f.oem4f (.text:ti_sysbios_hal_Hwi_HwiProxy_Object__create__S)
                  00005c20    00000010     sysbios.aem4f : BIOS.obj (.text:ti_sysbios_knl_Semaphore_Instance_finalize__E)
                  00005c30    00000010                   : BIOS.obj (.text:ti_sysbios_knl_Swi_disable__E)
                  00005c40    00000010     main_pem4f.oem4f (.text:ti_sysbios_knl_Task_Object__get__S)
                  00005c50    00000010     sysbios.aem4f : BIOS.obj (.text:ti_sysbios_knl_Task_disable__E)
                  00005c60    00000010     ti.targets.arm.rtsarm.aem4f : Gate.oem4f (.text:xdc_runtime_Gate_leaveSystem__E)
                  00005c70    00000010                                 : Memory.oem4f (.text:xdc_runtime_Memory_free__E)
                  00005c80    00000010                                 : SysMin.oem4f (.text:xdc_runtime_SysMin_ready__E)
                  00005c90    00000010                                 : System.oem4f (.text:xdc_runtime_System_vsnprintf__E)
                  00005ca0    00000010     main_pem4f.oem4f (.text:xdc_runtime_Text_visitRope__I)
                  00005cb0    0000000e     driverlib.lib : adc.obj (.text:ADCSequenceEnable)
                  00005cbe    0000000e                   : timer.obj (.text:TimerEnable)
                  00005ccc    0000000e     rtsv7M4_T_le_v4SPD16_eabi.lib : copy_decompress_none.c.obj (.text:decompress:none:__TI_decompress_none)
                  00005cda    00000006     ti.targets.arm.rtsarm.aem4f : System.oem4f (.text:xdc_runtime_System_Module_startup__E)
                  00005ce0    0000000e     sysbios.aem4f : BIOS.obj (.text:ti_sysbios_knl_Idle_loop__E)
                  00005cee    00000002     --HOLE-- [fill = 0]
                  00005cf0    0000000e                   : BIOS.obj (.text:ti_sysbios_knl_Queue_empty__E)
                  00005cfe    00000002     --HOLE-- [fill = 0]
                  00005d00    0000000c     main_pem4f.oem4f (.text:.bootCodeSection:ti_catalog_arm_cortexm4_tiva_ce_Boot_init__I)
                  00005d0c    0000000c     driverlib.lib : cpu.obj (.text:CPUcpsie)
                  00005d18    0000000c     motor.obj (.text:Motor_IsMotorEnabled)
                  00005d24    0000000c     driverlib.lib : pwm.obj (.text:PWMGenEnable)
                  00005d30    0000000c     rtsv7M4_T_le_v4SPD16_eabi.lib : _lock.c.obj (.text:_register_lock)
                  00005d3c    0000000c                                   : _lock.c.obj (.text:_register_unlock)
                  00005d48    0000000c                                   : copy_zero_init.c.obj (.text:decompress:ZI:__TI_zero_init)
                  00005d54    00000004     --HOLE-- [fill = 0]
                  00005d58    0000000c     sysbios.aem4f : BIOS.obj (.text:ti_sysbios_family_arm_lm4_Timer_getMaxTicks__E)
                  00005d64    00000004     --HOLE-- [fill = 0]
                  00005d68    0000000c                   : BIOS.obj (.text:ti_sysbios_family_arm_m3_TaskSupport_checkStack__E)
                  00005d74    00000004     --HOLE-- [fill = 0]
                  00005d78    0000000c                   : BIOS.obj (.text:ti_sysbios_gates_GateHwi_enter__E)
                  00005d84    0000000c     main_pem4f.oem4f (.text:ti_sysbios_hal_Hwi_Params__init__S)
                  00005d90    0000000c     main_pem4f.oem4f (.text:ti_sysbios_knl_Queue_Object__get__S)
                  00005d9c    0000000c     main_pem4f.oem4f (.text:ti_sysbios_knl_Swi_Params__init__S)
                  00005da8    0000000c     ti.targets.arm.rtsarm.aem4f : Error.oem4f (.text:xdc_runtime_Error_init__E)
                  00005db4    0000000c                                 : Gate.oem4f (.text:xdc_runtime_Gate_enterSystem__E)
                  00005dc0    0000000c                                 : Memory.oem4f (.text:xdc_runtime_Memory_calloc__E)
                  00005dcc    0000000c                                 : Memory.oem4f (.text:xdc_runtime_Memory_getMaxDefaultTypeAlign__E)
                  00005dd8    0000000a     driverlib.lib : adc.obj (.text:ADCIntClear)
                  00005de2    0000000a                   : uart.obj (.text:UARTCharPut)
                  00005dec    00000004     --HOLE-- [fill = 0]
                  00005df0    0000000a     sysbios.aem4f : BIOS.obj (.text:ti_sysbios_hal_Hwi_Instance_finalize__E)
                  00005dfa    0000000a     main_pem4f.oem4f (.text:xdc_runtime_IHeap_alloc)
                  00005e04    0000000a     main_pem4f.oem4f (.text:xdc_runtime_IHeap_free)
                  00005e0e    00000008     driverlib.lib : timer.obj (.text:TimerIntEnable)
                  00005e16    00000008                   : uart.obj (.text:UARTIntEnable)
                  00005e1e    00000008     sysbios.aem4f : BIOS.obj (.text:ti_sysbios_family_arm_lm4_Timer_masterDisable__I)
                  00005e26    00000002     --HOLE-- [fill = 0]
                  00005e28    00000008                   : BIOS.obj (.text:ti_sysbios_family_arm_m3_Hwi_doSwiRestore__I)
                  00005e30    00000008                   : BIOS.obj (.text:ti_sysbios_family_arm_m3_Hwi_startup__E)
                  00005e38    00000006                   : BIOS.obj (.text:ti_sysbios_family_arm_m3_Hwi_doTaskRestore__I)
                  00005e3e    00000002     --HOLE-- [fill = 0]
                  00005e40    00000006                   : BIOS.obj (.text:ti_sysbios_gates_GateHwi_leave__E)
                  00005e46    00000002     --HOLE-- [fill = 0]
                  00005e48    00000006                   : BIOS.obj (.text:ti_sysbios_heaps_HeapMem_isBlocking__E)
                  00005e4e    00000002     --HOLE-- [fill = 0]
                  00005e50    00000006                   : BIOS.obj (.text:ti_sysbios_knl_Queue_Instance_init__E)
                  00005e56    00000002     --HOLE-- [fill = 0]
                  00005e58    00000006                   : BIOS.obj (.text:ti_sysbios_knl_Swi_startup__E)
                  00005e5e    00000002     --HOLE-- [fill = 0]
                  00005e60    00000004                   : BIOS.obj (.text:ti_sysbios_gates_GateHwi_query__E)
                  00005e64    00000004     --HOLE-- [fill = 0]
                  00005e68    00000004                   : BIOS.obj (.text:ti_sysbios_gates_GateMutex_query__E)
                  00005e6c    00000004     --HOLE-- [fill = 0]
                  00005e70    00000004                   : BIOS.obj (.text:ti_sysbios_knl_Task_startup__E)
                  00005e74    00000004     --HOLE-- [fill = 0]
                  00005e78    00000002                   : BIOS.obj (.text:ti_sysbios_gates_GateHwi_Instance_init__E)
                  00005e7a    00000006     --HOLE-- [fill = 0]
                  00005e80    00000002                   : BIOS.obj (.text:ti_sysbios_knl_Clock_logTick__E)

.const     0    00005e84    00001fae     
                  00005e84    00001881     main_pem4f.oem4f (.const:xdc_runtime_Text_charTab__A)
                  00007705    00000001     main_pem4f.oem4f (.const:xdc_runtime_Error_policy__C)
                  00007706    000000bc     main_pem4f.oem4f (.const:xdc_runtime_Text_nodeTab__A)
                  000077c2    00000002     main_pem4f.oem4f (.const:ti_catalog_arm_cortexm4_tiva_ce_Boot_Module__id__C)
                  000077c4    00000090     driverlib.lib : gpio.obj (.const:g_pui32GPIOBaseAddrs)
                  00007854    00000070                   : interrupt.obj (.const)
                  000078c4    0000006c                   : sysctl.obj (.const:g_pui32Xtals)
                  00007930    00000048     main_pem4f.oem4f (.const:.string)
                  00007978    00000030     main_pem4f.oem4f (.const:ti_sysbios_family_arm_m3_Hwi_Object__PARAMS__C)
                  000079a8    0000002c     main_pem4f.oem4f (.const:ti_sysbios_hal_Hwi_Object__PARAMS__C)
                  000079d4    00000028     main_pem4f.oem4f (.const:ti_sysbios_heaps_HeapMem_Module__FXNS__C)
                  000079fc    00000028     main_pem4f.oem4f (.const:ti_sysbios_knl_Swi_Object__PARAMS__C)
                  00007a24    00000024     main_pem4f.oem4f (.const:ti_sysbios_gates_GateHwi_Module__FXNS__C)
                  00007a48    00000024     main_pem4f.oem4f (.const:ti_sysbios_gates_GateMutex_Module__FXNS__C)
                  00007a6c    00000024     main_pem4f.oem4f (.const:ti_sysbios_heaps_HeapMem_Object__PARAMS__C)
                  00007a90    00000024     main_pem4f.oem4f (.const:ti_sysbios_knl_Semaphore_Object__PARAMS__C)
                  00007ab4    00000020     main_pem4f.oem4f (.const:ti_sysbios_family_arm_m3_Hwi_Object__DESC__C)
                  00007ad4    00000020     main_pem4f.oem4f (.const:ti_sysbios_gates_GateHwi_Object__DESC__C)
                  00007af4    00000020     main_pem4f.oem4f (.const:ti_sysbios_gates_GateMutex_Object__DESC__C)
                  00007b14    00000020     main_pem4f.oem4f (.const:ti_sysbios_hal_Hwi_Object__DESC__C)
                  00007b34    00000020     main_pem4f.oem4f (.const:ti_sysbios_heaps_HeapMem_Object__DESC__C)
                  00007b54    00000020     main_pem4f.oem4f (.const:ti_sysbios_knl_Queue_Object__DESC__C)
                  00007b74    00000020     main_pem4f.oem4f (.const:ti_sysbios_knl_Semaphore_Object__DESC__C)
                  00007b94    00000020     main_pem4f.oem4f (.const:ti_sysbios_knl_Swi_Object__DESC__C)
                  00007bb4    00000020     main_pem4f.oem4f (.const:xdc_runtime_Startup_sfxnTab__A)
                  00007bd4    00000018     main_pem4f.oem4f (.const:ti_sysbios_gates_GateHwi_Object__PARAMS__C)
                  00007bec    00000018     main_pem4f.oem4f (.const:ti_sysbios_gates_GateMutex_Object__PARAMS__C)
                  00007c04    00000018     main_pem4f.oem4f (.const:ti_sysbios_knl_Queue_Object__PARAMS__C)
                  00007c1c    00000014     main_pem4f.oem4f (.const:xdc_runtime_Startup_firstFxns__A)
                  00007c30    00000012     uartstdio.obj (.const:.string)
                  00007c42    00000010     main_pem4f.oem4f (.const:xdc_runtime_Startup_sfxnRts__A)
                  00007c52    00000002     main_pem4f.oem4f (.const:ti_sysbios_family_arm_m3_Hwi_Module__id__C)
                  00007c54    0000000c     uartstdio.obj (.const:g_ui32UARTBase)
                  00007c60    0000000c     uartstdio.obj (.const:g_ui32UARTPeriph)
                  00007c6c    00000008     main_pem4f.oem4f (.const:ti_sysbios_family_arm_m3_Hwi_excHookFuncs__A)
                  00007c74    00000008     main_pem4f.oem4f (.const:ti_sysbios_knl_Idle_funcList__C)
                  00007c7c    00000008     main_pem4f.oem4f (.const:xdc_runtime_Startup_firstFxns__C)
                  00007c84    00000008     main_pem4f.oem4f (.const:xdc_runtime_Startup_lastFxns__C)
                  00007c8c    00000004     main_pem4f.oem4f (.const:ti_catalog_arm_cortexm4_tiva_ce_Boot_A_mustUseEnhancedClockMode__C)
                  00007c90    00000004     main_pem4f.oem4f (.const:ti_catalog_arm_cortexm4_tiva_ce_Boot_Module__diagsEnabled__C)
                  00007c94    00000004     main_pem4f.oem4f (.const:ti_catalog_arm_cortexm4_tiva_ce_Boot_Module__diagsIncluded__C)
                  00007c98    00000004     main_pem4f.oem4f (.const:ti_catalog_arm_cortexm4_tiva_ce_Boot_Module__diagsMask__C)
                  00007c9c    00000004     main_pem4f.oem4f (.const:ti_sysbios_family_arm_lm4_Timer_enableFunc__C)
                  00007ca0    00000004     main_pem4f.oem4f (.const:ti_sysbios_family_arm_lm4_Timer_numTimerDevices__C)
                  00007ca4    00000004     main_pem4f.oem4f (.const:ti_sysbios_family_arm_lm4_Timer_startupNeeded__C)
                  00007ca8    00000004     main_pem4f.oem4f (.const:ti_sysbios_family_arm_m3_Hwi_E_NMI__C)
                  00007cac    00000004     main_pem4f.oem4f (.const:ti_sysbios_family_arm_m3_Hwi_E_alreadyDefined__C)
                  00007cb0    00000004     main_pem4f.oem4f (.const:ti_sysbios_family_arm_m3_Hwi_E_busFault__C)
                  00007cb4    00000004     main_pem4f.oem4f (.const:ti_sysbios_family_arm_m3_Hwi_E_debugMon__C)
                  00007cb8    00000004     main_pem4f.oem4f (.const:ti_sysbios_family_arm_m3_Hwi_E_hardFault__C)
                  00007cbc    00000004     main_pem4f.oem4f (.const:ti_sysbios_family_arm_m3_Hwi_E_memFault__C)
                  00007cc0    00000004     main_pem4f.oem4f (.const:ti_sysbios_family_arm_m3_Hwi_E_noIsr__C)
                  00007cc4    00000004     main_pem4f.oem4f (.const:ti_sysbios_family_arm_m3_Hwi_E_reserved__C)
                  00007cc8    00000004     main_pem4f.oem4f (.const:ti_sysbios_family_arm_m3_Hwi_E_svCall__C)
                  00007ccc    00000004     main_pem4f.oem4f (.const:ti_sysbios_family_arm_m3_Hwi_E_usageFault__C)
                  00007cd0    00000004     main_pem4f.oem4f (.const:ti_sysbios_family_arm_m3_Hwi_NUM_INTERRUPTS__C)
                  00007cd4    00000004     main_pem4f.oem4f (.const:ti_sysbios_family_arm_m3_Hwi_Object__count__C)
                  00007cd8    00000004     main_pem4f.oem4f (.const:ti_sysbios_family_arm_m3_Hwi_ccr__C)
                  00007cdc    00000004     main_pem4f.oem4f (.const:ti_sysbios_family_arm_m3_Hwi_excHandlerFunc__C)
                  00007ce0    00000004     main_pem4f.oem4f (.const:ti_sysbios_family_arm_m3_Hwi_excHookFuncs__C)
                  00007ce4    00000004     main_pem4f.oem4f (.const:ti_sysbios_family_arm_m3_Hwi_nullIsrFunc__C)
                  00007ce8    00000004     main_pem4f.oem4f (.const:ti_sysbios_family_arm_m3_Hwi_priGroup__C)
                  00007cec    00000004     main_pem4f.oem4f (.const:ti_sysbios_gates_GateMutex_A_badContext__C)
                  00007cf0    00000004     main_pem4f.oem4f (.const:ti_sysbios_gates_GateMutex_Instance_State_sem__O)
                  00007cf4    00000004     main_pem4f.oem4f (.const:ti_sysbios_gates_GateMutex_Module__diagsEnabled__C)
                  00007cf8    00000004     main_pem4f.oem4f (.const:ti_sysbios_gates_GateMutex_Module__diagsIncluded__C)
                  00007cfc    00000004     main_pem4f.oem4f (.const:ti_sysbios_gates_GateMutex_Module__diagsMask__C)
                  00007d00    00000004     main_pem4f.oem4f (.const:ti_sysbios_hal_Hwi_E_stackOverflow__C)
                  00007d04    00000004     main_pem4f.oem4f (.const:ti_sysbios_heaps_HeapMem_A_align__C)
                  00007d08    00000004     main_pem4f.oem4f (.const:ti_sysbios_heaps_HeapMem_A_heapSize__C)
                  00007d0c    00000004     main_pem4f.oem4f (.const:ti_sysbios_heaps_HeapMem_A_invalidFree__C)
                  00007d10    00000004     main_pem4f.oem4f (.const:ti_sysbios_heaps_HeapMem_A_zeroBlock__C)
                  00007d14    00000004     main_pem4f.oem4f (.const:ti_sysbios_heaps_HeapMem_E_memory__C)
                  00007d18    00000004     main_pem4f.oem4f (.const:ti_sysbios_heaps_HeapMem_Module__diagsEnabled__C)
                  00007d1c    00000004     main_pem4f.oem4f (.const:ti_sysbios_heaps_HeapMem_Module__diagsIncluded__C)
                  00007d20    00000004     main_pem4f.oem4f (.const:ti_sysbios_heaps_HeapMem_Module__diagsMask__C)
                  00007d24    00000004     main_pem4f.oem4f (.const:ti_sysbios_heaps_HeapMem_Module__gateObj__C)
                  00007d28    00000004     main_pem4f.oem4f (.const:ti_sysbios_heaps_HeapMem_Object__count__C)
                  00007d2c    00000004     main_pem4f.oem4f (.const:ti_sysbios_heaps_HeapMem_reqAlign__C)
                  00007d30    00000004     main_pem4f.oem4f (.const:ti_sysbios_knl_Clock_Module_State_clockQ__O)
                  00007d34    00000004     main_pem4f.oem4f (.const:ti_sysbios_knl_Idle_funcList__A)
                  00007d38    00000004     main_pem4f.oem4f (.const:ti_sysbios_knl_Semaphore_A_badContext__C)
                  00007d3c    00000004     main_pem4f.oem4f (.const:ti_sysbios_knl_Semaphore_A_noEvents__C)
                  00007d40    00000004     main_pem4f.oem4f (.const:ti_sysbios_knl_Semaphore_A_overflow__C)
                  00007d44    00000004     main_pem4f.oem4f (.const:ti_sysbios_knl_Semaphore_A_pendTaskDisabled__C)
                  00007d48    00000004     main_pem4f.oem4f (.const:ti_sysbios_knl_Semaphore_Instance_State_pendQ__O)
                  00007d4c    00000004     main_pem4f.oem4f (.const:ti_sysbios_knl_Semaphore_Module__diagsEnabled__C)
                  00007d50    00000004     main_pem4f.oem4f (.const:ti_sysbios_knl_Semaphore_Module__diagsIncluded__C)
                  00007d54    00000004     main_pem4f.oem4f (.const:ti_sysbios_knl_Semaphore_Module__diagsMask__C)
                  00007d58    00000004     main_pem4f.oem4f (.const:ti_sysbios_knl_Swi_A_badPriority__C)
                  00007d5c    00000004     main_pem4f.oem4f (.const:ti_sysbios_knl_Swi_Module__diagsEnabled__C)
                  00007d60    00000004     main_pem4f.oem4f (.const:ti_sysbios_knl_Swi_Module__diagsIncluded__C)
                  00007d64    00000004     main_pem4f.oem4f (.const:ti_sysbios_knl_Swi_Module__diagsMask__C)
                  00007d68    00000004     main_pem4f.oem4f (.const:ti_sysbios_knl_Swi_Object__count__C)
                  00007d6c    00000004     main_pem4f.oem4f (.const:ti_sysbios_knl_Task_E_spOutOfBounds__C)
                  00007d70    00000004     main_pem4f.oem4f (.const:ti_sysbios_knl_Task_E_stackOverflow__C)
                  00007d74    00000004     main_pem4f.oem4f (.const:ti_sysbios_knl_Task_Module_State_inactiveQ__O)
                  00007d78    00000004     main_pem4f.oem4f (.const:ti_sysbios_knl_Task_Object__count__C)
                  00007d7c    00000004     main_pem4f.oem4f (.const:ti_sysbios_knl_Task_allBlockedFunc__C)
                  00007d80    00000004     main_pem4f.oem4f (.const:ti_sysbios_knl_Task_numConstructedTasks__C)
                  00007d84    00000004     uartstdio.obj (.const)
                  00007d88    00000004     main_pem4f.oem4f (.const:xdc_runtime_Assert_E_assertFailed__C)
                  00007d8c    00000004     main_pem4f.oem4f (.const:xdc_runtime_Core_A_initializedParams__C)
                  00007d90    00000004     main_pem4f.oem4f (.const:xdc_runtime_Core_Module__diagsEnabled__C)
                  00007d94    00000004     main_pem4f.oem4f (.const:xdc_runtime_Core_Module__diagsIncluded__C)
                  00007d98    00000004     main_pem4f.oem4f (.const:xdc_runtime_Core_Module__diagsMask__C)
                  00007d9c    00000004     main_pem4f.oem4f (.const:xdc_runtime_Error_E_memory__C)
                  00007da0    00000004     main_pem4f.oem4f (.const:xdc_runtime_Error_Module__diagsEnabled__C)
                  00007da4    00000004     main_pem4f.oem4f (.const:xdc_runtime_Error_Module__diagsIncluded__C)
                  00007da8    00000004     main_pem4f.oem4f (.const:xdc_runtime_Error_Module__diagsMask__C)
                  00007dac    00000004     main_pem4f.oem4f (.const:xdc_runtime_Error_Module__loggerFxn8__C)
                  00007db0    00000004     main_pem4f.oem4f (.const:xdc_runtime_Error_Module__loggerObj__C)
                  00007db4    00000004     main_pem4f.oem4f (.const:xdc_runtime_Error_policyFxn__C)
                  00007db8    00000004     main_pem4f.oem4f (.const:xdc_runtime_Error_raiseHook__C)
                  00007dbc    00000004     main_pem4f.oem4f (.const:xdc_runtime_IGateProvider_Interface__BASE__C)
                  00007dc0    00000004     main_pem4f.oem4f (.const:xdc_runtime_IHeap_Interface__BASE__C)
                  00007dc4    00000004     main_pem4f.oem4f (.const:xdc_runtime_IModule_Interface__BASE__C)
                  00007dc8    00000004     main_pem4f.oem4f (.const:xdc_runtime_Log_L_error__C)
                  00007dcc    00000004     main_pem4f.oem4f (.const:xdc_runtime_Memory_defaultHeapInstance__C)
                  00007dd0    00000004     main_pem4f.oem4f (.const:xdc_runtime_Startup_execImpl__C)
                  00007dd4    00000004     main_pem4f.oem4f (.const:xdc_runtime_Startup_maxPasses__C)
                  00007dd8    00000004     main_pem4f.oem4f (.const:xdc_runtime_Startup_sfxnRts__C)
                  00007ddc    00000004     main_pem4f.oem4f (.const:xdc_runtime_Startup_sfxnTab__C)
                  00007de0    00000004     main_pem4f.oem4f (.const:xdc_runtime_SysMin_bufSize__C)
                  00007de4    00000004     main_pem4f.oem4f (.const:xdc_runtime_SysMin_outputFunc__C)
                  00007de8    00000004     main_pem4f.oem4f (.const:xdc_runtime_System_Module__gateObj__C)
                  00007dec    00000004     main_pem4f.oem4f (.const:xdc_runtime_System_abortFxn__C)
                  00007df0    00000004     main_pem4f.oem4f (.const:xdc_runtime_System_exitFxn__C)
                  00007df4    00000004     main_pem4f.oem4f (.const:xdc_runtime_System_extendFxn__C)
                  00007df8    00000004     main_pem4f.oem4f (.const:xdc_runtime_System_maxAtexitHandlers__C)
                  00007dfc    00000004     main_pem4f.oem4f (.const:xdc_runtime_Text_charTab__C)
                  00007e00    00000004     main_pem4f.oem4f (.const:xdc_runtime_Text_nameEmpty__C)
                  00007e04    00000004     main_pem4f.oem4f (.const:xdc_runtime_Text_nameStatic__C)
                  00007e08    00000004     main_pem4f.oem4f (.const:xdc_runtime_Text_nameUnknown__C)
                  00007e0c    00000004     main_pem4f.oem4f (.const:xdc_runtime_Text_nodeTab__C)
                  00007e10    00000004     main_pem4f.oem4f (.const:xdc_runtime_Text_visitRopeFxn__C)
                  00007e14    00000002     main_pem4f.oem4f (.const:ti_sysbios_gates_GateMutex_Module__id__C)
                  00007e16    00000002     main_pem4f.oem4f (.const:ti_sysbios_hal_Hwi_Module__id__C)
                  00007e18    00000002     main_pem4f.oem4f (.const:ti_sysbios_heaps_HeapMem_Module__id__C)
                  00007e1a    00000002     main_pem4f.oem4f (.const:ti_sysbios_knl_Semaphore_Module__id__C)
                  00007e1c    00000002     main_pem4f.oem4f (.const:ti_sysbios_knl_Swi_Module__id__C)
                  00007e1e    00000002     main_pem4f.oem4f (.const:ti_sysbios_knl_Task_Module__id__C)
                  00007e20    00000002     main_pem4f.oem4f (.const:xdc_runtime_Core_Module__id__C)
                  00007e22    00000002     main_pem4f.oem4f (.const:xdc_runtime_Error_Module__loggerDefined__C)
                  00007e24    00000002     main_pem4f.oem4f (.const:xdc_runtime_Error_maxDepth__C)
                  00007e26    00000002     main_pem4f.oem4f (.const:xdc_runtime_Memory_Module__id__C)
                  00007e28    00000002     main_pem4f.oem4f (.const:xdc_runtime_SysMin_flushAtExit__C)
                  00007e2a    00000002     main_pem4f.oem4f (.const:xdc_runtime_Text_charCnt__C)
                  00007e2c    00000002     main_pem4f.oem4f (.const:xdc_runtime_Text_isLoaded__C)
                  00007e2e    00000002     main_pem4f.oem4f (.const:xdc_runtime_Text_registryModsLastId__C)
                  00007e30    00000002     main_pem4f.oem4f (.const:xdc_runtime_Text_unnamedModsLastId__C)

.cinit     0    00007e38    00000218     
                  00007e38    000001e3     (.cinit..data.load) [load image, compression = lzss]
                  0000801b    00000001     --HOLE-- [fill = 0]
                  0000801c    0000000c     (__TI_handler_table)
                  00008028    00000008     (.cinit..bss.load) [load image, compression = zero_init]
                  00008030    00000008     (.cinit..vecs.load) [load image, compression = zero_init]
                  00008038    00000018     (__TI_cinit_table)

.init_array 
*          0    00000000    00000000     UNINITIALIZED

.resetVecs 
*          0    00000000    0000003c     
                  00000000    0000003c     main_pem4f.oem4f (.resetVecs)

.bss       0    20000360    00000b83     UNINITIALIZED
                  20000360    00000400     (.common:ti_sysbios_heaps_HeapMem_Instance_State_0_buf__A)
                  20000760    00000360     (.common:ti_sysbios_family_arm_m3_Hwi_dispatchTable)
                  20000ac0    00000200     main_pem4f.oem4f (.bss:taskStackSection)
                  20000cc0    00000120     rtsv7M4_T_le_v4SPD16_eabi.lib : trgmsg.c.obj (.bss:_CIOBUF_)
                  20000de0    00000080     (.common:xdc_runtime_SysMin_Module_State_0_outbuf__A)
                  20000e60    0000002c     (.common:TIMER_HWI_0_P)
                  20000e8c    00000028     (.common:PID_SWI_0_P)
                  20000eb4    00000008     (.common:parmbuf)
                  20000ebc    00000004     (.common:PID_SWI_0)
                  20000ec0    00000004     (.common:TIMER_HWI_0)
                  20000ec4    00000004     (.common:distance_front)
                  20000ec8    00000004     (.common:distance_right)
                  20000ecc    00000004     (.common:pid_curr_error)
                  20000ed0    00000004     (.common:pid_prev_error)
                  20000ed4    00000004     (.common:pwm_clk)
                  20000ed8    00000004     (.common:ui32Period)
                  20000edc    00000004     (.common:val_load)
                  20000ee0    00000002     (.common:duty_cycle)
                  20000ee2    00000001     (.common:is_motor_enabled)

.data      0    20000ee4    00000452     UNINITIALIZED
                  20000ee4    00000080     main_pem4f.oem4f (.data:ti_sysbios_knl_Swi_Module_State_0_readyQ__A)
                  20000f64    00000080     main_pem4f.oem4f (.data:ti_sysbios_knl_Task_Module_State_0_readyQ__A)
                  20000fe4    00000078     main_pem4f.oem4f (.data:ti_sysbios_family_arm_m3_Hwi_Object__table__V)
                  2000105c    0000004c     main_pem4f.oem4f (.data:ti_sysbios_knl_Task_Object__table__V)
                  200010a8    00000044     main_pem4f.oem4f (.data:ti_sysbios_knl_Task_Module__state__V)
                  200010ec    00000040     main_pem4f.oem4f (.data:ti_sysbios_family_arm_lm4_Timer_Object__table__V)
                  2000112c    00000038     main_pem4f.oem4f (.data:ti_sysbios_gates_GateMutex_Object__table__V)
                  20001164    00000034     main_pem4f.oem4f (.data:ti_sysbios_family_arm_m3_Hwi_Module__state__V)
                  20001198    00000030     main_pem4f.oem4f (.data:ti_sysbios_family_arm_lm4_Timer_Module_State_0_device__A)
                  200011c8    00000030     main_pem4f.oem4f (.data:ti_sysbios_knl_Swi_Object__table__V)
                  200011f8    0000002c     main_pem4f.oem4f (.data:ti_sysbios_knl_Clock_Module__state__V)
                  20001224    00000024     main_pem4f.oem4f (.data:ti_sysbios_BIOS_Module__state__V)
                  20001248    0000001c     main_pem4f.oem4f (.data:ti_sysbios_knl_Swi_Module__state__V)
                  20001264    00000018     main_pem4f.oem4f (.data:ti_sysbios_family_arm_lm4_Timer_Module_State_0_handles__A)
                  2000127c    00000018     main_pem4f.oem4f (.data:ti_sysbios_heaps_HeapMem_Object__table__V)
                  20001294    0000000c     main_pem4f.oem4f (.data:ti_sysbios_family_arm_lm4_Timer_Module__state__V)
                  200012a0    0000000c     main_pem4f.oem4f (.data:xdc_runtime_SysMin_Module__state__V)
                  200012ac    00000008     rtsv7M4_T_le_v4SPD16_eabi.lib : _lock.c.obj (.data:$O1$$)
                  200012b4    00000008     main_pem4f.oem4f (.data:ti_sysbios_family_arm_m3_Hwi_Module__root__V)
                  200012bc    00000008     main_pem4f.oem4f (.data:ti_sysbios_gates_GateHwi_Module__root__V)
                  200012c4    00000008     main_pem4f.oem4f (.data:ti_sysbios_gates_GateMutex_Module__root__V)
                  200012cc    00000008     main_pem4f.oem4f (.data:ti_sysbios_hal_Hwi_Module__root__V)
                  200012d4    00000008     main_pem4f.oem4f (.data:ti_sysbios_heaps_HeapMem_Module__root__V)
                  200012dc    00000008     main_pem4f.oem4f (.data:ti_sysbios_knl_Queue_Module__root__V)
                  200012e4    00000008     main_pem4f.oem4f (.data:ti_sysbios_knl_Semaphore_Module__root__V)
                  200012ec    00000008     main_pem4f.oem4f (.data:ti_sysbios_knl_Swi_Module__root__V)
                  200012f4    00000008     main_pem4f.oem4f (.data:xdc_runtime_Registry_Module__state__V)
                  200012fc    00000008     main_pem4f.oem4f (.data:xdc_runtime_Startup_Module__state__V)
                  20001304    00000008     main_pem4f.oem4f (.data:xdc_runtime_System_Module_State_0_atexitHandlers__A)
                  2000130c    00000008     main_pem4f.oem4f (.data:xdc_runtime_System_Module__state__V)
                  20001314    00000005     uartstdio.obj (.data)
                  20001319    00000001     --HOLE--
                  2000131a    00000002     main_pem4f.oem4f (.data:ti_sysbios_family_arm_m3_Hwi_Module_State_0_excActive__A)
                  2000131c    00000004     rtsv7M4_T_le_v4SPD16_eabi.lib : stkdepth_vars.c.obj (.data)
                  20001320    00000004     main_pem4f.oem4f (.data:ti_sysbios_family_arm_m3_Hwi_Module_State_0_excContext__A)
                  20001324    00000004     main_pem4f.oem4f (.data:ti_sysbios_family_arm_m3_Hwi_Module_State_0_excStack__A)
                  20001328    00000004     main_pem4f.oem4f (.data:ti_sysbios_gates_GateHwi_Object__table__V)
                  2000132c    00000004     main_pem4f.oem4f (.data:ti_sysbios_knl_Task_Module_State_0_idleTask__A)
                  20001330    00000004     main_pem4f.oem4f (.data:xdc_runtime_Memory_Module__state__V)
                  20001334    00000002     main_pem4f.oem4f (.data:xdc_runtime_Error_Module__state__V)

.stack     0    20001338    00000300     UNINITIALIZED
                  20001338    00000300     --HOLE--

.bootVecs 
*          0    00000000    00000008     DSECT
                  00000000    00000008     boot.aem4f : boot.oem4f (.bootVecs)

.vecs      0    20000000    00000360     UNINITIALIZED
                  20000000    00000360     main_pem4f.oem4f (.vecs)

xdc.meta   0    00000000    000000e8     COPY SECTION
                  00000000    000000e8     main_pem4f.oem4f (xdc.meta)

__llvm_prf_cnts 
*          0    20000000    00000000     UNINITIALIZED

MODULE SUMMARY

       Module                       code    ro data   rw data
       ------                       ----    -------   -------
    .\
       uartstdio.obj                976     46        5      
       main.obj                     159     0         123    
    +--+----------------------------+-------+---------+---------+
       Total:                       1135    46        128    
                                                             
    .\controllers\
       pid.obj                      443     0         0      
    +--+----------------------------+-------+---------+---------+
       Total:                       443     0         0      
                                                             
    .\drivers\
       motor.obj                    548     0         0      
       distance.obj                 240     0         0      
       timer.obj                    238     0         0      
       console.obj                  148     0         0      
       led.obj                      44      0         0      
    +--+----------------------------+-------+---------+---------+
       Total:                       1218    0         0      
                                                             
    C:\Users\Rodrigo\workspace_v10\ECE_4437_Robot_v1\Debug\configPkg\package\cfg\
       main_pem4f.oem4f             1850    7760      4480   
    +--+----------------------------+-------+---------+---------+
       Total:                       1850    7760      4480   
                                                             
    C:/ti/tirtos_tivac_2_16_00_08/products/TivaWare_C_Series-2.1.1.71b/driverlib/ccs/Debug/driverlib.lib
       sysctl.obj                   642     108       0      
       gpio.obj                     502     144       0      
       adc.obj                      324     0         0      
       interrupt.obj                120     112       0      
       timer.obj                    228     0         0      
       uart.obj                     132     0         0      
       pwm.obj                      110     0         0      
       cpu.obj                      12      0         0      
    +--+----------------------------+-------+---------+---------+
       Total:                       2070    364       0      
                                                             
    C:\Users\Rodrigo\workspace_v10\ECE_4437_Robot_v1\src\sysbios\sysbios.aem4f
       BIOS.obj                     10706   0         0      
       m3_Hwi_asm.obj               314     0         0      
       m3_TaskSupport_asm.obj       180     0         0      
       m3_Hwi_asm_switch.obj        118     0         0      
    +--+----------------------------+-------+---------+---------+
       Total:                       11318   0         0      
                                                             
    C:\ti\ccs1040\ccs\tools\compiler\ti-cgt-arm_20.2.5.LTS\lib\rtsv7M4_T_le_v4SPD16_eabi.lib
       trgmsg.c.obj                 108     0         288    
       fd_mul_t2.asm.obj            252     0         0      
       memcpy_t2.asm.obj            156     0         0      
       memset_t2.asm.obj            122     0         0      
       fd_tos_t2.asm.obj            110     0         0      
       copy_decompress_lzss.c.obj   104     0         0      
       hostwrite.c.obj              88      0         0      
       cpy_tbl.c.obj                76      0         0      
       u_divt2.asm.obj              64      0         0      
       fs_tod_t2.asm.obj            56      0         0      
       _lock.c.obj                  26      0         8      
       args_main.c.obj              24      0         0      
       strlen.c.obj                 20      0         0      
       copy_decompress_none.c.obj   14      0         0      
       copy_zero_init.c.obj         12      0         0      
       hostopen.c.obj               0       0         8      
       exit.c.obj                   4       0         0      
       stkdepth_vars.c.obj          0       0         4      
       div0.asm.obj                 2       0         0      
    +--+----------------------------+-------+---------+---------+
       Total:                       1238    0         308    
                                                             
    C:\ti\tirtos_tivac_2_16_00_08\products\bios_6_45_01_29\packages\ti\catalog\arm\cortexm4\tiva\ce\lib\Boot.aem4f
       Boot_sysctl.oem4f            262     0         0      
       Boot.oem4f                   152     0         0      
    +--+----------------------------+-------+---------+---------+
       Total:                       414     0         0      
                                                             
    C:\ti\tirtos_tivac_2_16_00_08\products\bios_6_45_01_29\packages\ti\targets\arm\rtsarm\lib\auto_init.aem4f
       auto_init.oem4f              160     0         0      
    +--+----------------------------+-------+---------+---------+
       Total:                       160     0         0      
                                                             
    C:\ti\tirtos_tivac_2_16_00_08\products\bios_6_45_01_29\packages\ti\targets\arm\rtsarm\lib\boot.aem4f
       boot.oem4f                   88      0         0      
    +--+----------------------------+-------+---------+---------+
       Total:                       88      0         0      
                                                             
    C:\ti\tirtos_tivac_2_16_00_08\products\bios_6_45_01_29\packages\ti\targets\arm\rtsarm\lib\ti.targets.arm.rtsarm.aem4f
       System.oem4f                 1255    0         0      
       Text.oem4f                   672     0         0      
       Error.oem4f                  524     0         0      
       Core-mem.oem4f               358     0         0      
       Startup.oem4f                328     0         0      
       SysMin.oem4f                 248     0         0      
       Core-smem.oem4f              204     0         0      
       Memory.oem4f                 176     0         0      
       Assert.oem4f                 84      0         0      
       Core-params.oem4f            70      0         0      
       Core-label.oem4f             52      0         0      
       Registry.oem4f               32      0         0      
       Gate.oem4f                   28      0         0      
    +--+----------------------------+-------+---------+---------+
       Total:                       4031    0         0      
                                                             
       Stack:                       0       0         768    
       Linker Generated:            0       535       0      
    +--+----------------------------+-------+---------+---------+
       Grand Total:                 23965   8705      5684   


LINKER GENERATED COPY TABLES

__TI_cinit_table @ 00008038 records: 3, size/record: 8, table size: 24
	.data: load addr=00007e38, load size=000001e3 bytes, run addr=20000ee4, run size=00000452 bytes, compression=lzss
	.bss: load addr=00008028, load size=00000008 bytes, run addr=20000360, run size=00000b83 bytes, compression=zero_init
	.vecs: load addr=00008030, load size=00000008 bytes, run addr=20000000, run size=00000360 bytes, compression=zero_init


LINKER GENERATED HANDLER TABLE

__TI_handler_table @ 0000801c records: 3, size/record: 4, table size: 12
	index: 0, handler: __TI_decompress_lzss
	index: 1, handler: __TI_decompress_none
	index: 2, handler: __TI_zero_init


GLOBAL SYMBOLS: SORTED ALPHABETICALLY BY Name 

address   name                                                              
-------   ----                                                              
00005dd9  ADCIntClear                                                       
00005b9f  ADCIntEnable                                                      
00005139  ADCIntStatus                                                      
000058f5  ADCProcessorTrigger                                               
00004a79  ADCSequenceConfigure                                              
000056a9  ADCSequenceDataGet                                                
00005cb1  ADCSequenceEnable                                                 
00003725  ADCSequenceStepConfigure                                          
00005a45  ADC_ISR_Test                                                      
00005ae5  ADC_ISR_Test2                                                     
00005b8d  ADC_ISR_Test3                                                     
00005af9  ADC_ISR_Test4                                                     
0000144d  C$$EXIT                                                           
00004c1b  C$$IO$$                                                           
00005d0d  CPUcpsie                                                          
000033c9  Console_Init                                                      
00004ab9  Distance_GetDistanceRight                                         
00002b55  Distance_Init                                                     
00005249  GPIODirModeSet                                                    
00001aed  GPIOPadConfigSet                                                  
000046ed  GPIOPinConfigure                                                  
00005b0d  GPIOPinTypeADC                                                    
0000590d  GPIOPinTypeGPIOOutput                                             
00005b1f  GPIOPinTypePWM                                                    
00005b31  GPIOPinTypeUART                                                   
00003d3b  GPIOPinWrite                                                      
00004221  HOSTwrite                                                         
00003c05  IntEnable                                                         
00005baf  IntMasterEnable                                                   
00005169  LED_Init                                                          
00005545  Motor_Forward                                                     
00001c1d  Motor_Init                                                        
00005d19  Motor_IsMotorEnabled                                              
00003619  Motor_SetSpeed                                                    
0000529d  Motor_Start                                                       
000052c5  Motor_Stop                                                        
00001e59  PID_Calculate                                                     
00003819  PID_Init                                                          
20000ebc  PID_SWI_0                                                         
20000e8c  PID_SWI_0_P                                                       
00005705  PID_SwiHandler                                                    
000054d9  PWMGenConfigure                                                   
00005d25  PWMGenEnable                                                      
00005bbf  PWMGenPeriodSet                                                   
00005b43  PWMOutputState                                                    
000056c7  PWMPulseWidthSet                                                  
UNDEFED   SHT$$INIT_ARRAY$$Base                                             
UNDEFED   SHT$$INIT_ARRAY$$Limit                                            
00001f6d  SysCtlClockGet                                                    
00002659  SysCtlClockSet                                                    
00004a33  SysCtlDelay                                                       
00005a59  SysCtlPWMClockSet                                                 
00004d41  SysCtlPeripheralEnable                                            
00004bb5  SysCtlPeripheralPresent                                           
20000ec0  TIMER_HWI_0                                                       
20000e60  TIMER_HWI_0_P                                                     
00003e71  TimerConfigure                                                    
00004279  TimerControlTrigger                                               
00005cbf  TimerEnable                                                       
00001005  TimerIntClear                                                     
00005e0f  TimerIntEnable                                                    
00005b55  TimerLoadSet                                                      
00002f79  Timer_Init                                                        
00004d75  Timer_IntHandler                                                  
00005de3  UARTCharPut                                                       
000049b1  UARTConfigSetExpClk                                               
00005725  UARTDisable                                                       
00005a6d  UARTEnable                                                        
00005e17  UARTIntEnable                                                     
00004329  UARTStdioConfig                                                   
0000538d  UARTprintf                                                        
000007bd  UARTvprintf                                                       
00004569  UARTwrite                                                         
00000000  __ASM__                                                           
20000cc0  __CIOBUF_                                                         
00000066  __ISA__                                                           
00000079  __PLAT__                                                          
20001638  __STACK_END                                                       
00000300  __STACK_SIZE                                                      
0000009a  __TARG__                                                          
00008038  __TI_CINIT_Base                                                   
00008050  __TI_CINIT_Limit                                                  
0000801c  __TI_Handler_Table_Base                                           
00008028  __TI_Handler_Table_Limit                                          
0000301d  __TI_auto_init                                                    
00003c6d  __TI_decompress_lzss                                              
00005ccd  __TI_decompress_none                                              
ffffffff  __TI_pprof_out_hndl                                               
ffffffff  __TI_prof_data_size                                               
ffffffff  __TI_prof_data_start                                              
00004da9  __TI_readmsg                                                      
00007e38  __TI_static_base__                                                
00004bed  __TI_writemsg                                                     
00005d49  __TI_zero_init                                                    
000000c0  __TRDR__                                                          
00003971  __aeabi_d2f                                                       
00002279  __aeabi_dmul                                                      
00004c25  __aeabi_f2d                                                       
000039df  __aeabi_idiv0                                                     
000039df  __aeabi_ldiv0                                                     
0000379f  __aeabi_memclr                                                    
0000379f  __aeabi_memclr4                                                   
0000379f  __aeabi_memclr8                                                   
0000315d  __aeabi_memcpy                                                    
0000315d  __aeabi_memcpy4                                                   
0000315d  __aeabi_memcpy8                                                   
000037a1  __aeabi_memset                                                    
000037a1  __aeabi_memset4                                                   
000037a1  __aeabi_memset8                                                   
000049f3  __aeabi_uidiv                                                     
000049f3  __aeabi_uidivmod                                                  
ffffffff  __binit__                                                         
ffffffff  __c_args__                                                        
20001338  __stack                                                           
20000000  __start___llvm_prf_cnts                                           
20000000  __stop___llvm_prf_cnts                                            
00005925  _args_main                                                        
000041c9  _c_int00                                                          
200012ac  _lock                                                             
0000332f  _nop                                                              
00005d31  _register_lock                                                    
00005d3d  _register_unlock                                                  
200012b0  _unlock                                                           
0000144d  abort                                                             
ffffffff  binit                                                             
000045b5  copy_in                                                           
20000ec4  distance_front                                                    
20000ec8  distance_right                                                    
20000ee0  duty_cycle                                                        
20000ee2  is_motor_enabled                                                  
0000437d  main                                                              
2000131c  main_func_sp                                                      
0000315d  memcpy                                                            
000037a7  memset                                                            
00005c51  osi_TaskDisable                                                   
[...]
00005d3d  _register_unlock                                                  
00005d49  __TI_zero_init                                                    
00005d59  ti_sysbios_family_arm_lm4_Timer_getMaxTicks__E                    
00005d69  ti_sysbios_family_arm_m3_TaskSupport_checkStack__E                
00005d69  ti_sysbios_knl_Task_SupportProxy_checkStack__E                    
00005d79  ti_sysbios_gates_GateHwi_enter__E                                 
00005d85  ti_sysbios_hal_Hwi_Params__init__S                                
00005d91  ti_sysbios_knl_Queue_Object__get__S                               
00005d9d  ti_sysbios_knl_Swi_Params__init__S                                
00005da9  xdc_runtime_Error_init__E                                         
00005db5  xdc_runtime_Gate_enterSystem__E                                   
00005dc1  xdc_runtime_Memory_calloc__E                                      
00005dcd  xdc_runtime_Memory_getMaxDefaultTypeAlign__E                      
00005dd9  ADCIntClear                                                       
00005de3  UARTCharPut                                                       
00005df1  ti_sysbios_hal_Hwi_Instance_finalize__E                           
00005dfb  xdc_runtime_Memory_HeapProxy_alloc__E                             
00005e05  xdc_runtime_Memory_HeapProxy_free__E                              
00005e0f  TimerIntEnable                                                    
00005e17  UARTIntEnable                                                     
00005e1f  ti_sysbios_family_arm_lm4_Timer_masterDisable__I                  
00005e29  ti_sysbios_family_arm_m3_Hwi_doSwiRestore__I                      
00005e31  ti_sysbios_family_arm_m3_Hwi_startup__E                           
00005e31  ti_sysbios_hal_Hwi_HwiProxy_startup__E                            
00005e31  ti_sysbios_hal_Hwi_startup__E                                     
00005e39  ti_sysbios_family_arm_m3_Hwi_doTaskRestore__I                     
00005e41  ti_sysbios_gates_GateHwi_leave__E                                 
00005e49  ti_sysbios_heaps_HeapMem_isBlocking__E                            
00005e51  ti_sysbios_knl_Queue_Instance_init__E                             
00005e59  ti_sysbios_knl_Swi_startup__E                                     
00005e61  ti_sysbios_gates_GateHwi_query__E                                 
00005e61  xdc_runtime_Main_Module_GateProxy_query__E                        
00005e61  xdc_runtime_System_Module_GateProxy_query__E                      
00005e69  ti_sysbios_BIOS_RtsGateProxy_query__E                             
00005e69  ti_sysbios_gates_GateMutex_query__E                               
00005e69  ti_sysbios_heaps_HeapMem_Module_GateProxy_query__E                
00005e71  ti_sysbios_knl_Task_startup__E                                    
00005e79  ti_sysbios_gates_GateHwi_Instance_init__E                         
00005e81  ti_sysbios_knl_Clock_logTick__E                                   
00005e84  xdc_runtime_Text_charTab__A                                       
00007705  xdc_runtime_Error_policy__C                                       
00007706  xdc_runtime_Text_nodeTab__A                                       
000077c2  ti_catalog_arm_cortexm4_tiva_ce_Boot_Module__id__C                
00007978  ti_sysbios_family_arm_m3_Hwi_Object__PARAMS__C                    
000079a8  ti_sysbios_hal_Hwi_Object__PARAMS__C                              
000079d4  ti_sysbios_heaps_HeapMem_Module__FXNS__C                          
000079fc  ti_sysbios_knl_Swi_Object__PARAMS__C                              
00007a24  ti_sysbios_gates_GateHwi_Module__FXNS__C                          
00007a48  ti_sysbios_gates_GateMutex_Module__FXNS__C                        
00007a6c  ti_sysbios_heaps_HeapMem_Object__PARAMS__C                        
00007a90  ti_sysbios_knl_Semaphore_Object__PARAMS__C                        
00007ab4  ti_sysbios_family_arm_m3_Hwi_Object__DESC__C                      
00007ad4  ti_sysbios_gates_GateHwi_Object__DESC__C                          
00007af4  ti_sysbios_gates_GateMutex_Object__DESC__C                        
00007b14  ti_sysbios_hal_Hwi_Object__DESC__C                                
00007b34  ti_sysbios_heaps_HeapMem_Object__DESC__C                          
00007b54  ti_sysbios_knl_Queue_Object__DESC__C                              
00007b74  ti_sysbios_knl_Semaphore_Object__DESC__C                          
00007b94  ti_sysbios_knl_Swi_Object__DESC__C                                
00007bb4  xdc_runtime_Startup_sfxnTab__A                                    
00007bd4  ti_sysbios_gates_GateHwi_Object__PARAMS__C                        
00007bec  ti_sysbios_gates_GateMutex_Object__PARAMS__C                      
00007c04  ti_sysbios_knl_Queue_Object__PARAMS__C                            
00007c1c  xdc_runtime_Startup_firstFxns__A                                  
00007c42  xdc_runtime_Startup_sfxnRts__A                                    
00007c52  ti_sysbios_family_arm_m3_Hwi_Module__id__C                        
00007c6c  ti_sysbios_family_arm_m3_Hwi_excHookFuncs__A                      
00007c74  ti_sysbios_knl_Idle_funcList__C                                   
00007c7c  xdc_runtime_Startup_firstFxns__C                                  
00007c84  xdc_runtime_Startup_lastFxns__C                                   
00007c8c  ti_catalog_arm_cortexm4_tiva_ce_Boot_A_mustUseEnhancedClockMode__C
00007c90  ti_catalog_arm_cortexm4_tiva_ce_Boot_Module__diagsEnabled__C      
00007c94  ti_catalog_arm_cortexm4_tiva_ce_Boot_Module__diagsIncluded__C     
00007c98  ti_catalog_arm_cortexm4_tiva_ce_Boot_Module__diagsMask__C         
00007c9c  ti_sysbios_family_arm_lm4_Timer_enableFunc__C                     
00007ca0  ti_sysbios_family_arm_lm4_Timer_numTimerDevices__C                
00007ca4  ti_sysbios_family_arm_lm4_Timer_startupNeeded__C                  
00007ca8  ti_sysbios_family_arm_m3_Hwi_E_NMI__C                             
00007cac  ti_sysbios_family_arm_m3_Hwi_E_alreadyDefined__C                  
00007cb0  ti_sysbios_family_arm_m3_Hwi_E_busFault__C                        
00007cb4  ti_sysbios_family_arm_m3_Hwi_E_debugMon__C                        
00007cb8  ti_sysbios_family_arm_m3_Hwi_E_hardFault__C                       
00007cbc  ti_sysbios_family_arm_m3_Hwi_E_memFault__C                        
00007cc0  ti_sysbios_family_arm_m3_Hwi_E_noIsr__C                           
00007cc4  ti_sysbios_family_arm_m3_Hwi_E_reserved__C                        
00007cc8  ti_sysbios_family_arm_m3_Hwi_E_svCall__C                          
00007ccc  ti_sysbios_family_arm_m3_Hwi_E_usageFault__C                      
00007cd0  ti_sysbios_family_arm_m3_Hwi_NUM_INTERRUPTS__C                    
00007cd4  ti_sysbios_family_arm_m3_Hwi_Object__count__C                     
00007cd8  ti_sysbios_family_arm_m3_Hwi_ccr__C                               
00007cdc  ti_sysbios_family_arm_m3_Hwi_excHandlerFunc__C                    
00007ce0  ti_sysbios_family_arm_m3_Hwi_excHookFuncs__C                      
00007ce4  ti_sysbios_family_arm_m3_Hwi_nullIsrFunc__C                       
00007ce8  ti_sysbios_family_arm_m3_Hwi_priGroup__C                          
00007cec  ti_sysbios_gates_GateMutex_A_badContext__C                        
00007cf0  ti_sysbios_gates_GateMutex_Instance_State_sem__O                  
00007cf4  ti_sysbios_gates_GateMutex_Module__diagsEnabled__C                
00007cf8  ti_sysbios_gates_GateMutex_Module__diagsIncluded__C               
00007cfc  ti_sysbios_gates_GateMutex_Module__diagsMask__C                   
00007d00  ti_sysbios_hal_Hwi_E_stackOverflow__C                             
00007d04  ti_sysbios_heaps_HeapMem_A_align__C                               
00007d08  ti_sysbios_heaps_HeapMem_A_heapSize__C                            
00007d0c  ti_sysbios_heaps_HeapMem_A_invalidFree__C                         
00007d10  ti_sysbios_heaps_HeapMem_A_zeroBlock__C                           
00007d14  ti_sysbios_heaps_HeapMem_E_memory__C                              
00007d18  ti_sysbios_heaps_HeapMem_Module__diagsEnabled__C                  
00007d1c  ti_sysbios_heaps_HeapMem_Module__diagsIncluded__C                 
00007d20  ti_sysbios_heaps_HeapMem_Module__diagsMask__C                     
00007d24  ti_sysbios_heaps_HeapMem_Module__gateObj__C                       
00007d28  ti_sysbios_heaps_HeapMem_Object__count__C                         
00007d2c  ti_sysbios_heaps_HeapMem_reqAlign__C                              
00007d30  ti_sysbios_knl_Clock_Module_State_clockQ__O                       
00007d34  ti_sysbios_knl_Idle_funcList__A                                   
00007d38  ti_sysbios_knl_Semaphore_A_badContext__C                          
00007d3c  ti_sysbios_knl_Semaphore_A_noEvents__C                            
00007d40  ti_sysbios_knl_Semaphore_A_overflow__C                            
00007d44  ti_sysbios_knl_Semaphore_A_pendTaskDisabled__C                    
00007d48  ti_sysbios_knl_Semaphore_Instance_State_pendQ__O                  
00007d4c  ti_sysbios_knl_Semaphore_Module__diagsEnabled__C                  
00007d50  ti_sysbios_knl_Semaphore_Module__diagsIncluded__C                 
00007d54  ti_sysbios_knl_Semaphore_Module__diagsMask__C                     
00007d58  ti_sysbios_knl_Swi_A_badPriority__C                               
00007d5c  ti_sysbios_knl_Swi_Module__diagsEnabled__C                        
00007d60  ti_sysbios_knl_Swi_Module__diagsIncluded__C                       
00007d64  ti_sysbios_knl_Swi_Module__diagsMask__C                           
00007d68  ti_sysbios_knl_Swi_Object__count__C                               
00007d6c  ti_sysbios_knl_Task_E_spOutOfBounds__C                            
00007d70  ti_sysbios_knl_Task_E_stackOverflow__C                            
00007d74  ti_sysbios_knl_Task_Module_State_inactiveQ__O                     
00007d78  ti_sysbios_knl_Task_Object__count__C                              
00007d7c  ti_sysbios_knl_Task_allBlockedFunc__C                             
00007d80  ti_sysbios_knl_Task_numConstructedTasks__C                        
00007d88  xdc_runtime_Assert_E_assertFailed__C                              
00007d8c  xdc_runtime_Core_A_initializedParams__C                           
00007d90  xdc_runtime_Core_Module__diagsEnabled__C                          
00007d94  xdc_runtime_Core_Module__diagsIncluded__C                         
00007d98  xdc_runtime_Core_Module__diagsMask__C                             
00007d9c  xdc_runtime_Error_E_memory__C                                     
00007da0  xdc_runtime_Error_Module__diagsEnabled__C                         
00007da4  xdc_runtime_Error_Module__diagsIncluded__C                        
00007da8  xdc_runtime_Error_Module__diagsMask__C                            
00007dac  xdc_runtime_Error_Module__loggerFxn8__C                           
00007db0  xdc_runtime_Error_Module__loggerObj__C                            
00007db4  xdc_runtime_Error_policyFxn__C                                    
00007db8  xdc_runtime_Error_raiseHook__C                                    
00007dbc  xdc_runtime_IGateProvider_Interface__BASE__C                      
00007dc0  xdc_runtime_IHeap_Interface__BASE__C                              
00007dc4  xdc_runtime_IModule_Interface__BASE__C                            
00007dc8  xdc_runtime_Log_L_error__C                                        
00007dcc  xdc_runtime_Memory_defaultHeapInstance__C                         
00007dd0  xdc_runtime_Startup_execImpl__C                                   
00007dd4  xdc_runtime_Startup_maxPasses__C                                  
00007dd8  xdc_runtime_Startup_sfxnRts__C                                    
00007ddc  xdc_runtime_Startup_sfxnTab__C                                    
00007de0  xdc_runtime_SysMin_bufSize__C                                     
00007de4  xdc_runtime_SysMin_outputFunc__C                                  
00007de8  xdc_runtime_System_Module__gateObj__C                             
00007dec  xdc_runtime_System_abortFxn__C                                    
00007df0  xdc_runtime_System_exitFxn__C                                     
00007df4  xdc_runtime_System_extendFxn__C                                   
00007df8  xdc_runtime_System_maxAtexitHandlers__C                           
00007dfc  xdc_runtime_Text_charTab__C                                       
00007e00  xdc_runtime_Text_nameEmpty__C                                     
00007e04  xdc_runtime_Text_nameStatic__C                                    
00007e08  xdc_runtime_Text_nameUnknown__C                                   
00007e0c  xdc_runtime_Text_nodeTab__C                                       
00007e10  xdc_runtime_Text_visitRopeFxn__C                                  
00007e14  ti_sysbios_gates_GateMutex_Module__id__C                          
00007e16  ti_sysbios_hal_Hwi_Module__id__C                                  
00007e18  ti_sysbios_heaps_HeapMem_Module__id__C                            
00007e1a  ti_sysbios_knl_Semaphore_Module__id__C                            
00007e1c  ti_sysbios_knl_Swi_Module__id__C                                  
00007e1e  ti_sysbios_knl_Task_Module__id__C                                 
00007e20  xdc_runtime_Core_Module__id__C                                    
00007e22  xdc_runtime_Error_Module__loggerDefined__C                        
00007e24  xdc_runtime_Error_maxDepth__C                                     
00007e26  xdc_runtime_Memory_Module__id__C                                  
00007e28  xdc_runtime_SysMin_flushAtExit__C                                 
00007e2a  xdc_runtime_Text_charCnt__C                                       
00007e2c  xdc_runtime_Text_isLoaded__C                                      
00007e2e  xdc_runtime_Text_registryModsLastId__C                            
00007e30  xdc_runtime_Text_unnamedModsLastId__C                             
00007e38  __TI_static_base__                                                
0000801c  __TI_Handler_Table_Base                                           
00008028  __TI_Handler_Table_Limit                                          
00008038  __TI_CINIT_Base                                                   
00008050  __TI_CINIT_Limit                                                  
20000000  __start___llvm_prf_cnts                                           
20000000  __stop___llvm_prf_cnts                                            
20000000  ti_sysbios_family_arm_m3_Hwi_ramVectors                           
20000360  ti_sysbios_heaps_HeapMem_Instance_State_0_buf__A                  
20000760  ti_sysbios_family_arm_m3_Hwi_dispatchTable                        
20000ac0  ti_sysbios_knl_Task_Instance_State_0_stack__A                     
20000cc0  __CIOBUF_                                                         
20000de0  xdc_runtime_SysMin_Module_State_0_outbuf__A                       
20000e60  TIMER_HWI_0_P                                                     
20000e8c  PID_SWI_0_P                                                       
20000eb4  parmbuf                                                           
20000ebc  PID_SWI_0                                                         
20000ec0  TIMER_HWI_0                                                       
20000ec4  distance_front                                                    
20000ec8  distance_right                                                    
20000ecc  pid_curr_error                                                    
20000ed0  pid_prev_error                                                    
20000ed4  pwm_clk                                                           
20000ed8  ui32Period                                                        
20000edc  val_load                                                          
20000ee0  duty_cycle                                                        
20000ee2  is_motor_enabled                                                  
20000ee4  ti_sysbios_knl_Swi_Module_State_0_readyQ__A                       
20000f64  ti_sysbios_knl_Task_Module_State_0_readyQ__A                      
20000fe4  ti_sysbios_family_arm_m3_Hwi_Object__table__V                     
2000105c  ti_sysbios_knl_Task_Object__table__V                              
200010a8  ti_sysbios_knl_Task_Module__state__V                              
200010ec  ti_sysbios_family_arm_lm4_Timer_Object__table__V                  
2000112c  ti_sysbios_gates_GateMutex_Object__table__V                       
20001164  ti_sysbios_family_arm_m3_Hwi_Module__state__V                     
20001198  ti_sysbios_family_arm_lm4_Timer_Module_State_0_device__A          
200011c8  ti_sysbios_knl_Swi_Object__table__V                               
200011f8  ti_sysbios_knl_Clock_Module__state__V                             
20001224  ti_sysbios_BIOS_Module__state__V                                  
20001248  ti_sysbios_knl_Swi_Module__state__V                               
20001264  ti_sysbios_family_arm_lm4_Timer_Module_State_0_handles__A         
2000127c  ti_sysbios_heaps_HeapMem_Object__table__V                         
20001294  ti_sysbios_family_arm_lm4_Timer_Module__state__V                  
200012a0  xdc_runtime_SysMin_Module__state__V                               
200012ac  _lock                                                             
200012b0  _unlock                                                           
200012b4  ti_sysbios_family_arm_m3_Hwi_Module__root__V                      
200012bc  ti_sysbios_gates_GateHwi_Module__root__V                          
200012c4  ti_sysbios_gates_GateMutex_Module__root__V                        
200012cc  ti_sysbios_hal_Hwi_Module__root__V                                
200012d4  ti_sysbios_heaps_HeapMem_Module__root__V                          
200012dc  ti_sysbios_knl_Queue_Module__root__V                              
200012e4  ti_sysbios_knl_Semaphore_Module__root__V                          
200012ec  ti_sysbios_knl_Swi_Module__root__V                                
200012f4  xdc_runtime_Registry_Module__state__V                             
200012fc  xdc_runtime_Startup_Module__state__V                              
20001304  xdc_runtime_System_Module_State_0_atexitHandlers__A               
2000130c  xdc_runtime_System_Module__state__V                               
2000131a  ti_sysbios_family_arm_m3_Hwi_Module_State_0_excActive__A          
2000131c  main_func_sp                                                      
20001320  ti_sysbios_family_arm_m3_Hwi_Module_State_0_excContext__A         
20001324  ti_sysbios_family_arm_m3_Hwi_Module_State_0_excStack__A           
20001328  ti_sysbios_gates_GateHwi_Object__table__V                         
2000132c  ti_sysbios_knl_Task_Module_State_0_idleTask__A                    
20001330  xdc_runtime_Memory_Module__state__V                               
20001334  xdc_runtime_Error_Module__state__V                                
20001338  __stack                                                           
20001638  __STACK_END                                                       
e000e000  ti_sysbios_family_arm_m3_Hwi_nvic                                 
ffffffff  __TI_pprof_out_hndl                                               
ffffffff  __TI_prof_data_size                                               
ffffffff  __TI_prof_data_start                                              
ffffffff  __binit__                                                         
ffffffff  __c_args__                                                        
ffffffff  binit                                                             
UNDEFED   SHT$$INIT_ARRAY$$Base                                             
UNDEFED   SHT$$INIT_ARRAY$$Limit                                            

[596 symbols]
