******************************************************************************
                  TI ARM Linker PC v20.2.5                     
******************************************************************************
>> Linked Mon Oct 10 18:09:09 2022

OUTPUT FILE NAME:   <ece4437_robot.out>
ENTRY POINT SYMBOL: "_c_int00_noargs"  address: 00000eed


MEMORY CONFIGURATION

         name            origin    length      used     unused   attr    fill
----------------------  --------  ---------  --------  --------  ----  --------
  FLASH                 00000000   00040000  000012e6  0003ed1a  R  X
  SRAM                  20000000   00008000  00000110  00007ef0  RW X


SEGMENT ALLOCATION MAP

run origin  load origin   length   init length attrs members
----------  ----------- ---------- ----------- ----- -------
00000000    00000000    000012e8   000012e8    r-x
  00000000    00000000    0000026c   0000026c    r-- .intvecs
  0000026c    0000026c    00000ec6   00000ec6    r-x .text
  00001134    00001134    00000184   00000184    r-- .const
  000012b8    000012b8    00000030   00000030    r-- .cinit
20000000    20000000    00000110   00000000    rw-
  20000000    20000000    00000100   00000000    rw- .stack
  20000100    20000100    00000008   00000000    rw- .bss
  20000108    20000108    00000008   00000000    rw- .data


SECTION ALLOCATION MAP

 output                                  attributes/
section   page    origin      length       input sections
--------  ----  ----------  ----------   ----------------
.intvecs   0    00000000    0000026c     
                  00000000    0000026c     startup_ccs.obj (.intvecs)

.text      0    0000026c    00000ec6     
                  0000026c    000001ee     uartstdio.obj (.text:UARTvprintf)
                  0000045a    00000132     driverlib.lib : gpio.obj (.text:GPIOPadConfigSet)
                  0000058c    00000110                   : sysctl.obj (.text:SysCtlClockGet)
                  0000069c    000000f4                   : sysctl.obj (.text:SysCtlClockSet)
                  00000790    000000a8     distance.obj (.text:Distance_Init)
                  00000838    0000009c     rtsv7M4_T_le_v4SPD16_eabi.lib : memcpy_t2.asm.obj (.text)
                  000008d4    00000098     console.obj (.text:Console_Init)
                  0000096c    00000088     bluetooth.obj (.text:Bluetooth_Init)
                  000009f4    0000007a     driverlib.lib : adc.obj (.text:ADCSequenceStepConfigure)
                  00000a6e    00000002     startup_ccs.obj (.text:FaultISR)
                  00000a70    0000006a     main.obj (.text:main)
                  00000ada    00000002     startup_ccs.obj (.text:IntDefaultHandler)
                  00000adc    00000068     driverlib.lib : interrupt.obj (.text:IntEnable)
                  00000b44    00000068     rtsv7M4_T_le_v4SPD16_eabi.lib : copy_decompress_lzss.c.obj (.text:decompress:lzss:__TI_decompress_lzss)
                  00000bac    00000060     uartstdio.obj (.text:UARTStdioConfig)
                  00000c0c    00000050     driverlib.lib : adc.obj (.text:ADCSequenceConfigure)
                  00000c5c    00000050     led.obj (.text:LED_Toggle)
                  00000cac    00000048     driverlib.lib : gpio.obj (.text:GPIOPinConfigure)
                  00000cf4    00000048     uartstdio.obj (.text:UARTwrite)
                  00000d3c    00000046     driverlib.lib : uart.obj (.text:UARTConfigSetExpClk)
                  00000d82    00000002     startup_ccs.obj (.text:NmiSR)
                  00000d84    00000044     rtsv7M4_T_le_v4SPD16_eabi.lib : autoinit.c.obj (.text:__TI_auto_init_nobinit_nopinit:__TI_auto_init_nobinit_nopinit)
                  00000dc8    00000040     bluetooth.obj (.text:Bluetooth_IntHandler)
                  00000e08    00000040     rtsv7M4_T_le_v4SPD16_eabi.lib : u_divt2.asm.obj (.text)
                  00000e48    00000038     distance.obj (.text:Distance_GetDistanceFront)
                  00000e80    00000038     distance.obj (.text:Distance_GetDistanceRight)
                  00000eb8    00000034     driverlib.lib : sysctl.obj (.text:SysCtlPeripheralEnable)
                  00000eec    00000034     rtsv7M4_T_le_v4SPD16_eabi.lib : boot_cortex_m.c.obj (.text:_c_int00_noargs:_c_int00_noargs)
                  00000f20    0000002e     driverlib.lib : adc.obj (.text:ADCIntStatus)
                  00000f4e    00000002     rtsv7M4_T_le_v4SPD16_eabi.lib : div0.asm.obj (.text)
                  00000f50    0000002c     led.obj (.text:LED_Init)
                  00000f7c    0000002a     driverlib.lib : gpio.obj (.text:GPIODirModeSet)
                  00000fa6    00000002     --HOLE-- [fill = 0]
                  00000fa8    00000020                   : uart.obj (.text:UARTDisable)
                  00000fc8    0000001e                   : adc.obj (.text:ADCSequenceDataGet)
                  00000fe6    0000001c     rtsv7M4_T_le_v4SPD16_eabi.lib : copy_zero_init.c.obj (.text:decompress:ZI:__TI_zero_init_nomemset:__TI_zero_init_nomemset)
                  00001002    0000001a     uartstdio.obj (.text:UARTprintf)
                  0000101c    00000018     driverlib.lib : adc.obj (.text:ADCProcessorTrigger)
                  00001034    00000018                   : gpio.obj (.text:GPIOPinTypeGPIOOutput)
                  0000104c    00000014                   : uart.obj (.text:UARTEnable)
                  00001060    00000012                   : gpio.obj (.text:GPIOPinTypeADC)
                  00001072    00000012                   : gpio.obj (.text:GPIOPinTypeUART)
                  00001084    00000010                   : adc.obj (.text:ADCIntEnable)
                  00001094    00000010                   : interrupt.obj (.text:IntMasterEnable)
                  000010a4    0000000e                   : adc.obj (.text:ADCSequenceEnable)
                  000010b2    0000000e                   : uart.obj (.text:UARTCharPutNonBlocking)
                  000010c0    0000000e                   : uart.obj (.text:UARTCharsAvail)
                  000010ce    0000000e     rtsv7M4_T_le_v4SPD16_eabi.lib : copy_decompress_none.c.obj (.text:decompress:none:__TI_decompress_none)
                  000010dc    0000000c     driverlib.lib : cpu.obj (.text:CPUcpsie)
                  000010e8    0000000a                   : adc.obj (.text:ADCIntClear)
                  000010f2    0000000a                   : uart.obj (.text:UARTCharGet)
                  000010fc    0000000a                   : uart.obj (.text:UARTIntStatus)
                  00001106    00000008                   : uart.obj (.text:UARTIntEnable)
                  0000110e    00000006     bluetooth.obj (.text:Bluetooth_ProcessInput)
                  00001114    00000006     driverlib.lib : gpio.obj (.text:GPIOPinWrite)
                  0000111a    00000006     startup_ccs.obj (.text:ResetISR)
                  00001120    00000006     driverlib.lib : sysctl.obj (.text:SysCtlDelay)
                  00001126    00000004                   : uart.obj (.text:UARTIntClear)
                  0000112a    00000004     rtsv7M4_T_le_v4SPD16_eabi.lib : pre_init.c.obj (.text:_system_pre_init)
                  0000112e    00000004                                   : exit.c.obj (.text:abort:abort)

.const     0    00001134    00000184     
                  00001134    00000090     driverlib.lib : gpio.obj (.const:g_pui32GPIOBaseAddrs)
                  000011c4    00000070                   : interrupt.obj (.const)
                  00001234    0000006c                   : sysctl.obj (.const:g_pui32Xtals)
                  000012a0    0000000c     uartstdio.obj (.const:g_ui32UARTBase)
                  000012ac    0000000c     uartstdio.obj (.const:g_ui32UARTPeriph)

.cinit     0    000012b8    00000030     
                  000012b8    0000000c     (__TI_handler_table)
                  000012c4    00000004     --HOLE-- [fill = 0]
                  000012c8    00000008     (.cinit..bss.load) [load image, compression = zero_init]
                  000012d0    00000007     (.cinit..data.load) [load image, compression = lzss]
                  000012d7    00000001     --HOLE-- [fill = 0]
                  000012d8    00000010     (__TI_cinit_table)

.init_array 
*          0    00000000    00000000     UNINITIALIZED

.bss       0    20000100    00000008     UNINITIALIZED
                  20000100    00000004     (.common:distance_front)
                  20000104    00000004     (.common:distance_right)

.data      0    20000108    00000008     UNINITIALIZED
                  20000108    00000005     uartstdio.obj (.data)
                  2000010d    00000003     led.obj (.data)

.stack     0    20000000    00000100     UNINITIALIZED
                  20000000    00000004     rtsv7M4_T_le_v4SPD16_eabi.lib : boot_cortex_m.c.obj (.stack)
                  20000004    000000fc     --HOLE--

__llvm_prf_cnts 
*          0    20000000    00000000     UNINITIALIZED

MODULE SUMMARY

       Module                       code   ro data   rw data
       ------                       ----   -------   -------
    .\
       uartstdio.obj                688    24        5      
       startup_ccs.obj              12     620       0      
       main.obj                     106    0         8      
    +--+----------------------------+------+---------+---------+
       Total:                       806    644       13     
                                                            
    .\drivers\
       distance.obj                 280    0         0      
       bluetooth.obj                206    0         0      
       console.obj                  152    0         0      
       led.obj                      124    0         3      
    +--+----------------------------+------+---------+---------+
       Total:                       762    0         3      
                                                            
    C:/ti/tivaware_c_series_2_1_4_178/driverlib/ccs/Debug/driverlib.lib
       sysctl.obj                   574    108       0      
       gpio.obj                     486    144       0      
       adc.obj                      342    0         0      
       interrupt.obj                120    112       0      
       uart.obj                     182    0         0      
       cpu.obj                      12     0         0      
    +--+----------------------------+------+---------+---------+
       Total:                       1716   364       0      
                                                            
    C:\ti\ccs1040\ccs\tools\compiler\ti-cgt-arm_20.2.5.LTS\lib\rtsv7M4_T_le_v4SPD16_eabi.lib
       memcpy_t2.asm.obj            156    0         0      
       copy_decompress_lzss.c.obj   104    0         0      
       autoinit.c.obj               68     0         0      
       u_divt2.asm.obj              64     0         0      
       boot_cortex_m.c.obj          52     0         0      
       copy_zero_init.c.obj         28     0         0      
       copy_decompress_none.c.obj   14     0         0      
       exit.c.obj                   4      0         0      
       pre_init.c.obj               4      0         0      
       div0.asm.obj                 2      0         0      
    +--+----------------------------+------+---------+---------+
       Total:                       496    0         0      
                                                            
       Stack:                       0      0         256    
       Linker Generated:            0      43        0      
    +--+----------------------------+------+---------+---------+
       Grand Total:                 3780   1051      272    


LINKER GENERATED COPY TABLES

__TI_cinit_table @ 000012d8 records: 2, size/record: 8, table size: 16
	.bss: load addr=000012c8, load size=00000008 bytes, run addr=20000100, run size=00000008 bytes, compression=zero_init
	.data: load addr=000012d0, load size=00000007 bytes, run addr=20000108, run size=00000008 bytes, compression=lzss


LINKER GENERATED HANDLER TABLE

__TI_handler_table @ 000012b8 records: 3, size/record: 4, table size: 12
	index: 0, handler: __TI_decompress_lzss
	index: 1, handler: __TI_decompress_none
	index: 2, handler: __TI_zero_init


GLOBAL SYMBOLS: SORTED ALPHABETICALLY BY Name 

address   name                          
-------   ----                          
000010e9  ADCIntClear                   
00001085  ADCIntEnable                  
00000f21  ADCIntStatus                  
0000101d  ADCProcessorTrigger           
00000c0d  ADCSequenceConfigure          
00000fc9  ADCSequenceDataGet            
000010a5  ADCSequenceEnable             
000009f5  ADCSequenceStepConfigure      
2000010e  BLUE_LED_STATE                
0000096d  Bluetooth_Init                
00000dc9  Bluetooth_IntHandler          
0000110f  Bluetooth_ProcessInput        
0000112f  C$$EXIT                       
000010dd  CPUcpsie                      
000008d5  Console_Init                  
00000e49  Distance_GetDistanceFront     
00000e81  Distance_GetDistanceRight     
00000791  Distance_Init                 
00000f7d  GPIODirModeSet                
0000045b  GPIOPadConfigSet              
00000cad  GPIOPinConfigure              
00001061  GPIOPinTypeADC                
00001035  GPIOPinTypeGPIOOutput         
00001073  GPIOPinTypeUART               
00001115  GPIOPinWrite                  
2000010f  GREEN_LED_STATE               
00000add  IntEnable                     
00001095  IntMasterEnable               
00000f51  LED_Init                      
00000c5d  LED_Toggle                    
2000010d  RED_LED_STATE                 
0000111b  ResetISR                      
0000058d  SysCtlClockGet                
0000069d  SysCtlClockSet                
00001121  SysCtlDelay                   
00000eb9  SysCtlPeripheralEnable        
000010f3  UARTCharGet                   
000010b3  UARTCharPutNonBlocking        
000010c1  UARTCharsAvail                
00000d3d  UARTConfigSetExpClk           
00000fa9  UARTDisable                   
0000104d  UARTEnable                    
00001127  UARTIntClear                  
00001107  UARTIntEnable                 
000010fd  UARTIntStatus                 
00000bad  UARTStdioConfig               
00001003  UARTprintf                    
0000026d  UARTvprintf                   
00000cf5  UARTwrite                     
20000100  __STACK_END                   
00000100  __STACK_SIZE                  
20000100  __STACK_TOP                   
000012d8  __TI_CINIT_Base               
000012e8  __TI_CINIT_Limit              
000012b8  __TI_Handler_Table_Base       
000012c4  __TI_Handler_Table_Limit      
00000d85  __TI_auto_init_nobinit_nopinit
00000b45  __TI_decompress_lzss          
000010cf  __TI_decompress_none          
ffffffff  __TI_pprof_out_hndl           
ffffffff  __TI_prof_data_size           
ffffffff  __TI_prof_data_start          
00000000  __TI_static_base__            
00000fe7  __TI_zero_init_nomemset       
00000f4f  __aeabi_idiv0                 
00000f4f  __aeabi_ldiv0                 
00000839  __aeabi_memcpy                
00000839  __aeabi_memcpy4               
00000839  __aeabi_memcpy8               
00000e09  __aeabi_uidiv                 
00000e09  __aeabi_uidivmod              
ffffffff  __binit__                     
ffffffff  __c_args__                    
UNDEFED   __mpu_init                    
20000000  __stack                       
20000000  __start___llvm_prf_cnts       
20000000  __stop___llvm_prf_cnts        
00000eed  _c_int00_noargs               
UNDEFED   _system_post_cinit            
0000112b  _system_pre_init              
0000112f  abort                         
ffffffff  binit                         
20000100  distance_front                
20000104  distance_right                
00000000  g_pfnVectors                  
00000a71  main                          
00000839  memcpy                        


GLOBAL SYMBOLS: SORTED BY Symbol Address 

address   name                          
-------   ----                          
00000000  __TI_static_base__            
00000000  g_pfnVectors                  
00000100  __STACK_SIZE                  
0000026d  UARTvprintf                   
0000045b  GPIOPadConfigSet              
0000058d  SysCtlClockGet                
0000069d  SysCtlClockSet                
00000791  Distance_Init                 
00000839  __aeabi_memcpy                
00000839  __aeabi_memcpy4               
00000839  __aeabi_memcpy8               
00000839  memcpy                        
000008d5  Console_Init                  
0000096d  Bluetooth_Init                
000009f5  ADCSequenceStepConfigure      
00000a71  main                          
00000add  IntEnable                     
00000b45  __TI_decompress_lzss          
00000bad  UARTStdioConfig               
00000c0d  ADCSequenceConfigure          
00000c5d  LED_Toggle                    
00000cad  GPIOPinConfigure              
00000cf5  UARTwrite                     
00000d3d  UARTConfigSetExpClk           
00000d85  __TI_auto_init_nobinit_nopinit
00000dc9  Bluetooth_IntHandler          
00000e09  __aeabi_uidiv                 
00000e09  __aeabi_uidivmod              
00000e49  Distance_GetDistanceFront     
00000e81  Distance_GetDistanceRight     
00000eb9  SysCtlPeripheralEnable        
00000eed  _c_int00_noargs               
00000f21  ADCIntStatus                  
00000f4f  __aeabi_idiv0                 
00000f4f  __aeabi_ldiv0                 
00000f51  LED_Init                      
00000f7d  GPIODirModeSet                
00000fa9  UARTDisable                   
00000fc9  ADCSequenceDataGet            
00000fe7  __TI_zero_init_nomemset       
00001003  UARTprintf                    
0000101d  ADCProcessorTrigger           
00001035  GPIOPinTypeGPIOOutput         
0000104d  UARTEnable                    
00001061  GPIOPinTypeADC                
00001073  GPIOPinTypeUART               
00001085  ADCIntEnable                  
00001095  IntMasterEnable               
000010a5  ADCSequenceEnable             
000010b3  UARTCharPutNonBlocking        
000010c1  UARTCharsAvail                
000010cf  __TI_decompress_none          
000010dd  CPUcpsie                      
000010e9  ADCIntClear                   
000010f3  UARTCharGet                   
000010fd  UARTIntStatus                 
00001107  UARTIntEnable                 
0000110f  Bluetooth_ProcessInput        
00001115  GPIOPinWrite                  
0000111b  ResetISR                      
00001121  SysCtlDelay                   
00001127  UARTIntClear                  
0000112b  _system_pre_init              
0000112f  C$$EXIT                       
0000112f  abort                         
000012b8  __TI_Handler_Table_Base       
000012c4  __TI_Handler_Table_Limit      
000012d8  __TI_CINIT_Base               
000012e8  __TI_CINIT_Limit              
20000000  __stack                       
20000000  __start___llvm_prf_cnts       
20000000  __stop___llvm_prf_cnts        
20000100  __STACK_END                   
20000100  __STACK_TOP                   
20000100  distance_front                
20000104  distance_right                
2000010d  RED_LED_STATE                 
2000010e  BLUE_LED_STATE                
2000010f  GREEN_LED_STATE               
ffffffff  __TI_pprof_out_hndl           
ffffffff  __TI_prof_data_size           
ffffffff  __TI_prof_data_start          
ffffffff  __binit__                     
ffffffff  __c_args__                    
ffffffff  binit                         
UNDEFED   __mpu_init                    
UNDEFED   _system_post_cinit            

[87 symbols]
