******************************************************************************
                  TI ARM Linker PC v20.2.5                     
******************************************************************************
>> Linked Mon Sep 26 11:54:03 2022

OUTPUT FILE NAME:   <ece4437_robot.out>
ENTRY POINT SYMBOL: "_c_int00_noinit_noargs"  address: 000007e1


MEMORY CONFIGURATION

         name            origin    length      used     unused   attr    fill
----------------------  --------  ---------  --------  --------  ----  --------
  FLASH                 00000000   00040000  00000a94  0003f56c  R  X
  SRAM                  20000000   00008000  00000100  00007f00  RW X


SEGMENT ALLOCATION MAP

run origin  load origin   length   init length attrs members
----------  ----------- ---------- ----------- ----- -------
00000000    00000000    00000a94   00000a94    r-x
  00000000    00000000    0000026c   0000026c    r-- .intvecs
  0000026c    0000026c    000006bc   000006bc    r-x .text
  00000928    00000928    0000016c   0000016c    r-- .const
20000000    20000000    00000100   00000000    rw-
  20000000    20000000    00000100   00000000    rw- .stack


SECTION ALLOCATION MAP

 output                                  attributes/
section   page    origin      length       input sections
--------  ----  ----------  ----------   ----------------
.intvecs   0    00000000    0000026c     
                  00000000    0000026c     startup_ccs.obj (.intvecs)

.text      0    0000026c    000006bc     
                  0000026c    00000132     driverlib.lib : gpio.obj (.text:GPIOPadConfigSet)
                  0000039e    00000002     startup_ccs.obj (.text:FaultISR)
                  000003a0    00000110     driverlib.lib : sysctl.obj (.text:SysCtlClockGet)
                  000004b0    000000f4                   : sysctl.obj (.text:SysCtlClockSet)
                  000005a4    00000080     main.obj (.text:UART_Init)
                  00000624    00000068     driverlib.lib : interrupt.obj (.text:IntEnable)
                  0000068c    00000060     main.obj (.text:UART_IntHandler)
                  000006ec    00000048     driverlib.lib : gpio.obj (.text:GPIOPinConfigure)
                  00000734    00000046                   : uart.obj (.text:UARTConfigSetExpClk)
                  0000077a    00000002     startup_ccs.obj (.text:IntDefaultHandler)
                  0000077c    00000034     driverlib.lib : sysctl.obj (.text:SysCtlPeripheralEnable)
                  000007b0    00000030     main.obj (.text:main)
                  000007e0    0000002c     rtsv7M4_T_le_v4SPD16_eabi.lib : boot_cortex_m.c.obj (.text:_c_int00_noinit_noargs:_c_int00_noinit_noargs)
                  0000080c    0000002a     driverlib.lib : gpio.obj (.text:GPIODirModeSet)
                  00000836    00000002     startup_ccs.obj (.text:NmiSR)
                  00000838    00000020     driverlib.lib : uart.obj (.text:UARTDisable)
                  00000858    0000001c     main.obj (.text:UART_Send)
                  00000874    00000018     driverlib.lib : gpio.obj (.text:GPIOPinTypeGPIOOutput)
                  0000088c    00000014                   : uart.obj (.text:UARTEnable)
                  000008a0    00000012                   : gpio.obj (.text:GPIOPinTypeUART)
                  000008b2    00000010                   : interrupt.obj (.text:IntMasterEnable)
                  000008c2    0000000e                   : uart.obj (.text:UARTCharGetNonBlocking)
                  000008d0    0000000e                   : uart.obj (.text:UARTCharPutNonBlocking)
                  000008de    0000000e                   : uart.obj (.text:UARTCharsAvail)
                  000008ec    0000000c                   : cpu.obj (.text:CPUcpsie)
                  000008f8    0000000a                   : uart.obj (.text:UARTIntStatus)
                  00000902    00000008                   : uart.obj (.text:UARTIntEnable)
                  0000090a    00000006                   : gpio.obj (.text:GPIOPinWrite)
                  00000910    00000006     startup_ccs.obj (.text:ResetISR)
                  00000916    00000006     driverlib.lib : sysctl.obj (.text:SysCtlDelay)
                  0000091c    00000004                   : uart.obj (.text:UARTIntClear)
                  00000920    00000004     rtsv7M4_T_le_v4SPD16_eabi.lib : pre_init.c.obj (.text:_system_pre_init)
                  00000924    00000004                                   : exit.c.obj (.text:abort:abort)

.const     0    00000928    0000016c     
                  00000928    00000090     driverlib.lib : gpio.obj (.const:g_pui32GPIOBaseAddrs)
                  000009b8    00000070                   : interrupt.obj (.const)
                  00000a28    0000006c                   : sysctl.obj (.const:g_pui32Xtals)

.cinit     0    00000000    00000000     UNINITIALIZED

.init_array 
*          0    00000000    00000000     UNINITIALIZED

.stack     0    20000000    00000100     UNINITIALIZED
                  20000000    00000004     rtsv7M4_T_le_v4SPD16_eabi.lib : boot_cortex_m.c.obj (.stack)
                  20000004    000000fc     --HOLE--

__llvm_prf_cnts 
*          0    20000000    00000000     UNINITIALIZED

MODULE SUMMARY

       Module                code   ro data   rw data
       ------                ----   -------   -------
    .\
       startup_ccs.obj       12     620       0      
       main.obj              300    0         0      
    +--+---------------------+------+---------+---------+
       Total:                312    620       0      
                                                     
    C:/ti/tivaware_c_series_2_1_4_178/driverlib/ccs/Debug/driverlib.lib
       sysctl.obj            574    108       0      
       gpio.obj              468    144       0      
       interrupt.obj         120    112       0      
       uart.obj              186    0         0      
       cpu.obj               12     0         0      
    +--+---------------------+------+---------+---------+
       Total:                1360   364       0      
                                                     
    C:\ti\ccs1040\ccs\tools\compiler\ti-cgt-arm_20.2.5.LTS\lib\rtsv7M4_T_le_v4SPD16_eabi.lib
       boot_cortex_m.c.obj   44     0         0      
       exit.c.obj            4      0         0      
       pre_init.c.obj        4      0         0      
    +--+---------------------+------+---------+---------+
       Total:                52     0         0      
                                                     
       Stack:                0      0         256    
    +--+---------------------+------+---------+---------+
       Grand Total:          1724   984       256    


GLOBAL SYMBOLS: SORTED ALPHABETICALLY BY Name 

address   name                   
-------   ----                   
00000925  C$$EXIT                
000008ed  CPUcpsie               
0000080d  GPIODirModeSet         
0000026d  GPIOPadConfigSet       
000006ed  GPIOPinConfigure       
00000875  GPIOPinTypeGPIOOutput  
000008a1  GPIOPinTypeUART        
0000090b  GPIOPinWrite           
00000625  IntEnable              
000008b3  IntMasterEnable        
00000911  ResetISR               
000003a1  SysCtlClockGet         
000004b1  SysCtlClockSet         
00000917  SysCtlDelay            
0000077d  SysCtlPeripheralEnable 
000008c3  UARTCharGetNonBlocking 
000008d1  UARTCharPutNonBlocking 
000008df  UARTCharsAvail         
00000735  UARTConfigSetExpClk    
00000839  UARTDisable            
0000088d  UARTEnable             
0000091d  UARTIntClear           
00000903  UARTIntEnable          
000008f9  UARTIntStatus          
000005a5  UART_Init              
0000068d  UART_IntHandler        
00000859  UART_Send              
20000100  __STACK_END            
00000100  __STACK_SIZE           
20000100  __STACK_TOP            
ffffffff  __TI_pprof_out_hndl    
ffffffff  __TI_prof_data_size    
ffffffff  __TI_prof_data_start   
00000000  __TI_static_base__     
ffffffff  __binit__              
ffffffff  __c_args__             
UNDEFED   __mpu_init             
20000000  __stack                
20000000  __start___llvm_prf_cnts
20000000  __stop___llvm_prf_cnts 
000007e1  _c_int00_noinit_noargs 
00000921  _system_pre_init       
00000925  abort                  
ffffffff  binit                  
00000000  g_pfnVectors           
000007b1  main                   


GLOBAL SYMBOLS: SORTED BY Symbol Address 

address   name                   
-------   ----                   
00000000  __TI_static_base__     
00000000  g_pfnVectors           
00000100  __STACK_SIZE           
0000026d  GPIOPadConfigSet       
000003a1  SysCtlClockGet         
000004b1  SysCtlClockSet         
000005a5  UART_Init              
00000625  IntEnable              
0000068d  UART_IntHandler        
000006ed  GPIOPinConfigure       
00000735  UARTConfigSetExpClk    
0000077d  SysCtlPeripheralEnable 
000007b1  main                   
000007e1  _c_int00_noinit_noargs 
0000080d  GPIODirModeSet         
00000839  UARTDisable            
00000859  UART_Send              
00000875  GPIOPinTypeGPIOOutput  
0000088d  UARTEnable             
000008a1  GPIOPinTypeUART        
000008b3  IntMasterEnable        
000008c3  UARTCharGetNonBlocking 
000008d1  UARTCharPutNonBlocking 
000008df  UARTCharsAvail         
000008ed  CPUcpsie               
000008f9  UARTIntStatus          
00000903  UARTIntEnable          
0000090b  GPIOPinWrite           
00000911  ResetISR               
00000917  SysCtlDelay            
0000091d  UARTIntClear           
00000921  _system_pre_init       
00000925  C$$EXIT                
00000925  abort                  
20000000  __stack                
20000000  __start___llvm_prf_cnts
20000000  __stop___llvm_prf_cnts 
20000100  __STACK_END            
20000100  __STACK_TOP            
ffffffff  __TI_pprof_out_hndl    
ffffffff  __TI_prof_data_size    
ffffffff  __TI_prof_data_start   
ffffffff  __binit__              
ffffffff  __c_args__             
ffffffff  binit                  
UNDEFED   __mpu_init             

[46 symbols]
