******************************************************************************
                  TI ARM Linker PC v20.2.5                     
******************************************************************************
>> Linked Mon Oct 17 18:20:59 2022

OUTPUT FILE NAME:   <ece4437_robot.out>
ENTRY POINT SYMBOL: "_c_int00_noargs"  address: 00000d45


MEMORY CONFIGURATION

         name            origin    length      used     unused   attr    fill
----------------------  --------  ---------  --------  --------  ----  --------
  FLASH                 00000000   00040000  000011c4  0003ee3c  R  X
  SRAM                  20000000   00008000  00000110  00007ef0  RW X


SEGMENT ALLOCATION MAP

run origin  load origin   length   init length attrs members
----------  ----------- ---------- ----------- ----- -------
00000000    00000000    000011c8   000011c8    r-x
  00000000    00000000    0000026c   0000026c    r-- .intvecs
  0000026c    0000026c    00000da4   00000da4    r-x .text
  00001010    00001010    00000184   00000184    r-- .const
  00001198    00001198    00000030   00000030    r-- .cinit
20000000    20000000    00000112   00000000    rw-
  20000000    20000000    00000100   00000000    rw- .stack
  20000100    20000100    0000000a   00000000    rw- .bss
  2000010c    2000010c    00000006   00000000    rw- .data


SECTION ALLOCATION MAP

 output                                  attributes/
section   page    origin      length       input sections
--------  ----  ----------  ----------   ----------------
.intvecs   0    00000000    0000026c     
                  00000000    0000026c     startup_ccs.obj (.intvecs)

.text      0    0000026c    00000da4     
                  0000026c    000001ee     uartstdio.obj (.text:UARTvprintf)
                  0000045a    00000132     driverlib.lib : gpio.obj (.text:GPIOPadConfigSet)
                  0000058c    00000110                   : sysctl.obj (.text:SysCtlClockGet)
                  0000069c    00000108     motor.obj (.text:Motor_Init)
                  000007a4    000000f4     driverlib.lib : sysctl.obj (.text:SysCtlClockSet)
                  00000898    0000009c     rtsv7M4_T_le_v4SPD16_eabi.lib : memcpy_t2.asm.obj (.text)
                  00000934    00000098     console.obj (.text:Console_Init)
                  000009cc    00000068     driverlib.lib : interrupt.obj (.text:IntEnable)
                  00000a34    00000068     rtsv7M4_T_le_v4SPD16_eabi.lib : copy_decompress_lzss.c.obj (.text:decompress:lzss:__TI_decompress_lzss)
                  00000a9c    00000064     main.obj (.text:main)
                  00000b00    00000060     uartstdio.obj (.text:UARTStdioConfig)
                  00000b60    00000054     motor.obj (.text:Motor_SetSpeed)
                  00000bb4    00000048     driverlib.lib : gpio.obj (.text:GPIOPinConfigure)
                  00000bfc    00000048     uartstdio.obj (.text:UARTwrite)
                  00000c44    00000046     driverlib.lib : uart.obj (.text:UARTConfigSetExpClk)
                  00000c8a    00000002     startup_ccs.obj (.text:FaultISR)
                  00000c8c    00000044     rtsv7M4_T_le_v4SPD16_eabi.lib : autoinit.c.obj (.text:__TI_auto_init_nobinit_nopinit:__TI_auto_init_nobinit_nopinit)
                  00000cd0    00000040                                   : u_divt2.asm.obj (.text)
                  00000d10    00000034     driverlib.lib : sysctl.obj (.text:SysCtlPeripheralEnable)
                  00000d44    00000034     rtsv7M4_T_le_v4SPD16_eabi.lib : boot_cortex_m.c.obj (.text:_c_int00_noargs:_c_int00_noargs)
                  00000d78    0000002c     led.obj (.text:LED_Init)
                  00000da4    0000002c     led.obj (.text:LED_Toggle)
                  00000dd0    0000002a     driverlib.lib : gpio.obj (.text:GPIODirModeSet)
                  00000dfa    00000002     startup_ccs.obj (.text:IntDefaultHandler)
                  00000dfc    00000024     motor.obj (.text:Motor_Forward)
                  00000e20    00000022     driverlib.lib : pwm.obj (.text:PWMGenConfigure)
                  00000e42    00000002     startup_ccs.obj (.text:NmiSR)
                  00000e44    00000020     motor.obj (.text:Motor_Start)
                  00000e64    00000020     motor.obj (.text:Motor_Stop)
                  00000e84    00000020     driverlib.lib : uart.obj (.text:UARTDisable)
                  00000ea4    0000001e                   : pwm.obj (.text:PWMPulseWidthSet)
                  00000ec2    00000002     rtsv7M4_T_le_v4SPD16_eabi.lib : div0.asm.obj (.text)
                  00000ec4    0000001c     bluetooth.obj (.text:Bluetooth_IntHandler)
                  00000ee0    0000001c     rtsv7M4_T_le_v4SPD16_eabi.lib : copy_zero_init.c.obj (.text:decompress:ZI:__TI_zero_init_nomemset:__TI_zero_init_nomemset)
                  00000efc    0000001a     uartstdio.obj (.text:UARTprintf)
                  00000f16    00000018     driverlib.lib : gpio.obj (.text:GPIOPinTypeGPIOOutput)
                  00000f2e    00000002     --HOLE-- [fill = 0]
                  00000f30    00000014                   : sysctl.obj (.text:SysCtlPWMClockSet)
                  00000f44    00000014                   : uart.obj (.text:UARTEnable)
                  00000f58    00000012                   : gpio.obj (.text:GPIOPinTypePWM)
                  00000f6a    00000012                   : gpio.obj (.text:GPIOPinTypeUART)
                  00000f7c    00000012                   : pwm.obj (.text:PWMOutputState)
                  00000f8e    00000010                   : interrupt.obj (.text:IntMasterEnable)
                  00000f9e    00000010                   : pwm.obj (.text:PWMGenPeriodSet)
                  00000fae    0000000e     rtsv7M4_T_le_v4SPD16_eabi.lib : copy_decompress_none.c.obj (.text:decompress:none:__TI_decompress_none)
                  00000fbc    0000000c     driverlib.lib : cpu.obj (.text:CPUcpsie)
                  00000fc8    0000000c     motor.obj (.text:Motor_GetSpeed)
                  00000fd4    0000000c     driverlib.lib : pwm.obj (.text:PWMGenEnable)
                  00000fe0    0000000a                   : uart.obj (.text:UARTIntStatus)
                  00000fea    00000008                   : uart.obj (.text:UARTIntEnable)
                  00000ff2    00000006                   : gpio.obj (.text:GPIOPinWrite)
                  00000ff8    00000006     startup_ccs.obj (.text:ResetISR)
                  00000ffe    00000006     driverlib.lib : sysctl.obj (.text:SysCtlDelay)
                  00001004    00000004                   : uart.obj (.text:UARTIntClear)
                  00001008    00000004     rtsv7M4_T_le_v4SPD16_eabi.lib : pre_init.c.obj (.text:_system_pre_init)
                  0000100c    00000004                                   : exit.c.obj (.text:abort:abort)

.const     0    00001010    00000184     
                  00001010    00000090     driverlib.lib : gpio.obj (.const:g_pui32GPIOBaseAddrs)
                  000010a0    00000070                   : interrupt.obj (.const)
                  00001110    0000006c                   : sysctl.obj (.const:g_pui32Xtals)
                  0000117c    0000000c     uartstdio.obj (.const:g_ui32UARTBase)
                  00001188    0000000c     uartstdio.obj (.const:g_ui32UARTPeriph)

.cinit     0    00001198    00000030     
                  00001198    0000000c     (__TI_handler_table)
                  000011a4    00000004     --HOLE-- [fill = 0]
                  000011a8    00000008     (.cinit..bss.load) [load image, compression = zero_init]
                  000011b0    00000007     (.cinit..data.load) [load image, compression = lzss]
                  000011b7    00000001     --HOLE-- [fill = 0]
                  000011b8    00000010     (__TI_cinit_table)

.init_array 
*          0    00000000    00000000     UNINITIALIZED

.bss       0    20000100    0000000a     UNINITIALIZED
                  20000100    00000004     (.common:pwm_clk)
                  20000104    00000004     (.common:val_load)
                  20000108    00000002     (.common:duty_cycle)

.data      0    2000010c    00000006     UNINITIALIZED
                  2000010c    00000005     uartstdio.obj (.data)
                  20000111    00000001     led.obj (.data)

.stack     0    20000000    00000100     UNINITIALIZED
                  20000000    00000004     rtsv7M4_T_le_v4SPD16_eabi.lib : boot_cortex_m.c.obj (.stack)
                  20000004    000000fc     --HOLE--

__llvm_prf_cnts 
*          0    20000000    00000000     UNINITIALIZED

MODULE SUMMARY

       Module                       code   ro data   rw data
       ------                       ----   -------   -------
    .\
       uartstdio.obj                688    24        5      
       startup_ccs.obj              12     620       0      
       main.obj                     100    0         10     
    +--+----------------------------+------+---------+---------+
       Total:                       800    644       15     
                                                            
    .\drivers\
       motor.obj                    460    0         0      
       console.obj                  152    0         0      
       led.obj                      88     0         1      
       bluetooth.obj                28     0         0      
    +--+----------------------------+------+---------+---------+
       Total:                       728    0         1      
                                                            
    C:/ti/tivaware_c_series_2_1_4_178/driverlib/ccs/Debug/driverlib.lib
       sysctl.obj                   594    108       0      
       gpio.obj                     486    144       0      
       interrupt.obj                120    112       0      
       uart.obj                     144    0         0      
       pwm.obj                      110    0         0      
       cpu.obj                      12     0         0      
    +--+----------------------------+------+---------+---------+
       Total:                       1466   364       0      
                                                            
    C:\ti\ccs1040\ccs\tools\compiler\ti-cgt-arm_20.2.5.LTS\lib\rtsv7M4_T_le_v4SPD16_eabi.lib
       memcpy_t2.asm.obj            156    0         0      
       copy_decompress_lzss.c.obj   104    0         0      
       autoinit.c.obj               68     0         0      
       u_divt2.asm.obj              64     0         0      
       boot_cortex_m.c.obj          52     0         0      
       copy_zero_init.c.obj         28     0         0      
       copy_decompress_none.c.obj   14     0         0      
       exit.c.obj                   4      0         0      
       pre_init.c.obj               4      0         0      
       div0.asm.obj                 2      0         0      
    +--+----------------------------+------+---------+---------+
       Total:                       496    0         0      
                                                            
       Stack:                       0      0         256    
       Linker Generated:            0      43        0      
    +--+----------------------------+------+---------+---------+
       Grand Total:                 3490   1051      272    


LINKER GENERATED COPY TABLES

__TI_cinit_table @ 000011b8 records: 2, size/record: 8, table size: 16
	.bss: load addr=000011a8, load size=00000008 bytes, run addr=20000100, run size=0000000a bytes, compression=zero_init
	.data: load addr=000011b0, load size=00000007 bytes, run addr=2000010c, run size=00000006 bytes, compression=lzss


LINKER GENERATED HANDLER TABLE

__TI_handler_table @ 00001198 records: 3, size/record: 4, table size: 12
	index: 0, handler: __TI_decompress_lzss
	index: 1, handler: __TI_decompress_none
	index: 2, handler: __TI_zero_init


GLOBAL SYMBOLS: SORTED ALPHABETICALLY BY Name 

address   name                          
-------   ----                          
00000ec5  Bluetooth_IntHandler          
0000100d  C$$EXIT                       
00000fbd  CPUcpsie                      
00000935  Console_Init                  
00000dd1  GPIODirModeSet                
0000045b  GPIOPadConfigSet              
00000bb5  GPIOPinConfigure              
00000f17  GPIOPinTypeGPIOOutput         
00000f59  GPIOPinTypePWM                
00000f6b  GPIOPinTypeUART               
00000ff3  GPIOPinWrite                  
000009cd  IntEnable                     
00000f8f  IntMasterEnable               
00000d79  LED_Init                      
20000111  LED_STATE                     
00000da5  LED_Toggle                    
00000dfd  Motor_Forward                 
00000fc9  Motor_GetSpeed                
0000069d  Motor_Init                    
00000b61  Motor_SetSpeed                
00000e45  Motor_Start                   
00000e65  Motor_Stop                    
00000e21  PWMGenConfigure               
00000fd5  PWMGenEnable                  
00000f9f  PWMGenPeriodSet               
00000f7d  PWMOutputState                
00000ea5  PWMPulseWidthSet              
00000ff9  ResetISR                      
0000058d  SysCtlClockGet                
000007a5  SysCtlClockSet                
00000fff  SysCtlDelay                   
00000f31  SysCtlPWMClockSet             
00000d11  SysCtlPeripheralEnable        
00000c45  UARTConfigSetExpClk           
00000e85  UARTDisable                   
00000f45  UARTEnable                    
00001005  UARTIntClear                  
00000feb  UARTIntEnable                 
00000fe1  UARTIntStatus                 
00000b01  UARTStdioConfig               
00000efd  UARTprintf                    
0000026d  UARTvprintf                   
00000bfd  UARTwrite                     
20000100  __STACK_END                   
00000100  __STACK_SIZE                  
20000100  __STACK_TOP                   
000011b8  __TI_CINIT_Base               
000011c8  __TI_CINIT_Limit              
00001198  __TI_Handler_Table_Base       
000011a4  __TI_Handler_Table_Limit      
00000c8d  __TI_auto_init_nobinit_nopinit
00000a35  __TI_decompress_lzss          
00000faf  __TI_decompress_none          
ffffffff  __TI_pprof_out_hndl           
ffffffff  __TI_prof_data_size           
ffffffff  __TI_prof_data_start          
00000000  __TI_static_base__            
00000ee1  __TI_zero_init_nomemset       
00000ec3  __aeabi_idiv0                 
00000ec3  __aeabi_ldiv0                 
00000899  __aeabi_memcpy                
00000899  __aeabi_memcpy4               
00000899  __aeabi_memcpy8               
00000cd1  __aeabi_uidiv                 
00000cd1  __aeabi_uidivmod              
ffffffff  __binit__                     
ffffffff  __c_args__                    
UNDEFED   __mpu_init                    
20000000  __stack                       
20000000  __start___llvm_prf_cnts       
20000000  __stop___llvm_prf_cnts        
00000d45  _c_int00_noargs               
UNDEFED   _system_post_cinit            
00001009  _system_pre_init              
0000100d  abort                         
ffffffff  binit                         
20000108  duty_cycle                    
00000000  g_pfnVectors                  
00000a9d  main                          
00000899  memcpy                        
20000100  pwm_clk                       
20000104  val_load                      


GLOBAL SYMBOLS: SORTED BY Symbol Address 

address   name                          
-------   ----                          
00000000  __TI_static_base__            
00000000  g_pfnVectors                  
00000100  __STACK_SIZE                  
0000026d  UARTvprintf                   
0000045b  GPIOPadConfigSet              
0000058d  SysCtlClockGet                
0000069d  Motor_Init                    
000007a5  SysCtlClockSet                
00000899  __aeabi_memcpy                
00000899  __aeabi_memcpy4               
00000899  __aeabi_memcpy8               
00000899  memcpy                        
00000935  Console_Init                  
000009cd  IntEnable                     
00000a35  __TI_decompress_lzss          
00000a9d  main                          
00000b01  UARTStdioConfig               
00000b61  Motor_SetSpeed                
00000bb5  GPIOPinConfigure              
00000bfd  UARTwrite                     
00000c45  UARTConfigSetExpClk           
00000c8d  __TI_auto_init_nobinit_nopinit
00000cd1  __aeabi_uidiv                 
00000cd1  __aeabi_uidivmod              
00000d11  SysCtlPeripheralEnable        
00000d45  _c_int00_noargs               
00000d79  LED_Init                      
00000da5  LED_Toggle                    
00000dd1  GPIODirModeSet                
00000dfd  Motor_Forward                 
00000e21  PWMGenConfigure               
00000e45  Motor_Start                   
00000e65  Motor_Stop                    
00000e85  UARTDisable                   
00000ea5  PWMPulseWidthSet              
00000ec3  __aeabi_idiv0                 
00000ec3  __aeabi_ldiv0                 
00000ec5  Bluetooth_IntHandler          
00000ee1  __TI_zero_init_nomemset       
00000efd  UARTprintf                    
00000f17  GPIOPinTypeGPIOOutput         
00000f31  SysCtlPWMClockSet             
00000f45  UARTEnable                    
00000f59  GPIOPinTypePWM                
00000f6b  GPIOPinTypeUART               
00000f7d  PWMOutputState                
00000f8f  IntMasterEnable               
00000f9f  PWMGenPeriodSet               
00000faf  __TI_decompress_none          
00000fbd  CPUcpsie                      
00000fc9  Motor_GetSpeed                
00000fd5  PWMGenEnable                  
00000fe1  UARTIntStatus                 
00000feb  UARTIntEnable                 
00000ff3  GPIOPinWrite                  
00000ff9  ResetISR                      
00000fff  SysCtlDelay                   
00001005  UARTIntClear                  
00001009  _system_pre_init              
0000100d  C$$EXIT                       
0000100d  abort                         
00001198  __TI_Handler_Table_Base       
000011a4  __TI_Handler_Table_Limit      
000011b8  __TI_CINIT_Base               
000011c8  __TI_CINIT_Limit              
20000000  __stack                       
20000000  __start___llvm_prf_cnts       
20000000  __stop___llvm_prf_cnts        
20000100  __STACK_END                   
20000100  __STACK_TOP                   
20000100  pwm_clk                       
20000104  val_load                      
20000108  duty_cycle                    
20000111  LED_STATE                     
ffffffff  __TI_pprof_out_hndl           
ffffffff  __TI_prof_data_size           
ffffffff  __TI_prof_data_start          
ffffffff  __binit__                     
ffffffff  __c_args__                    
ffffffff  binit                         
UNDEFED   __mpu_init                    
UNDEFED   _system_post_cinit            

[82 symbols]
